******************************************************************************
                  TI ARM Linker PC v20.2.7                     
******************************************************************************
>> Linked Tue Sep  6 16:44:04 2022

OUTPUT FILE NAME:   <outofbox_msp432p4111_MSP_EXP432P4111_tirtos_ccs.out>
ENTRY POINT SYMBOL: "_c_int00"  address: 00008f11


MEMORY CONFIGURATION

         name            origin    length      used     unused   attr    fill
----------------------  --------  ---------  --------  --------  ----  --------
  MAIN                  00000000   00200000  0000ca66  001f359a  R  X
  INFO                  00200000   00008000  00000000  00008000  R  X
  SRAM_CODE             01000000   00040000  000092e6  00036d1a  RW X
  SRAM_DATA             20000000   00040000  000092e6  00036d1a  RW  


SEGMENT ALLOCATION MAP

run origin  load origin   length   init length attrs members
----------  ----------- ---------- ----------- ----- -------
00000000    00000000    0000ca70   0000ca70    r-x
  00000000    00000000    0000003c   0000003c    r-- .resetVecs
  00000040    00000040    0000bd22   0000bd22    r-x .text
  0000bd68    0000bd68    00000a90   00000a90    r-- .const
  0000c7f8    0000c7f8    00000278   00000278    r-- .cinit
20000140    20000140    00008000   00000000    r--
  20000140    20000140    00008000   00000000    r-- .priheap
20008140    20008140    00000da8   00000000    rw-
  20008140    20008140    00000796   00000000    rw- .data
  200088d8    200088d8    00000610   00000000    rw- .bss
2003fc00    2003fc00    00000400   00000000    rw-
  2003fc00    2003fc00    00000400   00000000    rw- .stack


SECTION ALLOCATION MAP

 output                                  attributes/
section   page    origin      length       input sections
--------  ----  ----------  ----------   ----------------
.text      0    00000040    0000bd22     
                  00000040    00000a4e     rtsv7M4_T_le_v4SPD16_eabi.lib : _printfi.c.obj (.text:__TI_printfi)
                  00000a8e    00000002     ti_drivers_config.obj (.text:Board_initHook)
                  00000a90    00000460     rtsv7M4_T_le_v4SPD16_eabi.lib : strtod.c.obj (.text:strtod)
                  00000ef0    000003f4     uart_thread.obj (.text:uartThread)
                  000012e4    000002d8     drivers_msp432p4x1xi.aem4f : UARTMSP432.oem4f (.text:UARTMSP432_open)
                  000015bc    000002d4                                : PowerMSP432.oem4f (.text:Power_sleep)
                  00001890    000002b8     led_thread.obj (.text:ledThread)
                  00001b48    00000298     callbacks.obj (.text:debounceTimer_Callback)
                  00001de0    0000028a     msp432p4xx_driverlib.lib : pcm.o (.text:__PCM_setPowerStateAdvanced)
                  0000206a    00000002     drivers_msp432p4x1xi.aem4f : PWMTimerMSP432.oem4f (.text:PWMTimerMSP432_init)
                  0000206c    00000284                                : PowerMSP432.oem4f (.text:initPerfControl)
                  000022f0    00000270     rtsv7M4_T_le_v4SPD16_eabi.lib : _printfi.c.obj (.text:_pconv_a)
                  00002560    00000228     lcd_hal.obj (.text:LCD_showChar)
                  00002788    00000208     drivers_msp432p4x1xi.aem4f : PWMTimerMSP432.oem4f (.text:PWMTimerMSP432_open)
                  00002990    000001d4     cJSON.obj (.text:utf16_literal_to_utf8)
                  00002b64    000001d0     rtsv7M4_T_le_v4SPD16_eabi.lib : _printfi.c.obj (.text:_pconv_g)
                  00002d34    000001bc     main_tirtos.obj (.text:main)
                  00002ef0    000001b6     rtsv7M4_T_le_v4SPD16_eabi.lib : fd_add_t2.asm.obj (.text)
                  000030a6    00000002     dpl_msp432p4x1xi.aem4f : PowerMSP432_tirtos.oem4f (.text:PowerMSP432_initPolicy)
                  000030a8    000001b4     lcd_hal.obj (.text:LCD_showTemperatureC)
                  0000325c    00000004     release_pem4f.oem4f (.text:.bootCodeSection:ti_sysbios_family_arm_msp432_init_Boot_init__I)
                  00003260    000001b0     sysbios.aem4f : BIOS.obj (.text:mq_open)
                  00003410    000001a0     cJSON.obj (.text:parse_string)
                  000035b0    000001a0     temperature_thread.obj (.text:temperatureThread)
                  00003750    00000194     led_thread.obj (.text:changeLedTogglePeriod)
                  000038e4    00000170     drivers_msp432p4x1xi.aem4f : GPIOMSP432.oem4f (.text:GPIO_setConfig)
                  00003a54    00000160     msp432p4xx_driverlib.lib : adc14.o (.text:_getIndexForMemRegister)
                  00003bb4    0000015c                              : pcm.o (.text:__PCM_setPowerModeAdvanced)
                  00003d10    0000015c     led_thread.obj (.text:changeLedColor)
                  00003e6c    0000014c     drivers_msp432p4x1xi.aem4f : TimerMSP432.oem4f (.text:TimerMSP432_open)
                  00003fb8    0000013c     rtsv7M4_T_le_v4SPD16_eabi.lib : _printfi.c.obj (.text:_pconv_e)
                  000040f4    00000136                                   : fd_div_t2.asm.obj (.text)
                  0000422a    00000006     drivers_msp432p4x1xi.aem4f : ADCMSP432.oem4f (.text:ADCMSP432_control)
                  00004230    0000012c     sysbios.aem4f : BIOS.obj (.text:ti_sysbios_knl_Semaphore_pend__E)
                  0000435c    00000124     rtsv7M4_T_le_v4SPD16_eabi.lib : _printfi.c.obj (.text:fcvt)
                  00004480    0000011c     msp432p4xx_driverlib.lib : uart.o (.text:UART_initModule)
                  0000459c    00000114     drivers_msp432p4x1xi.aem4f : PWMTimerMSP432.oem4f (.text:PWMTimerMSP432_setPeriod)
                  000046b0    00000110     callbacks.obj (.text:gpioButton0_Callback)
                  000047c0    00000110     rtsv7M4_T_le_v4SPD16_eabi.lib : s_scalbn.c.obj (.text:scalbn)
                  000048d0    0000010a     cJSON.obj (.text:parse_object)
                  000049da    00000002     drivers_msp432p4x1xi.aem4f : TimerMSP432.oem4f (.text:TimerMSP432_init)
                  000049dc    00000108     msp432p4xx_driverlib.lib : pcm.o (.text:__PCM_setCoreVoltageLevelAdvanced)
                  00004ae4    00000004                              : cpu.o (.text:CPU_wfi)
                  00004ae8    00000108     sysbios.aem4f : BIOS.obj (.text:ti_sysbios_knl_Task_postInit__I)
                  00004bf0    00000108                   : BIOS.obj (.text:xdc_runtime_Startup_startMods__I)
                  00004cf8    00000104                   : BIOS.obj (.text:ti_sysbios_knl_Task_Instance_finalize__E)
                  00004dfc    000000fc     drivers_msp432p4x1xi.aem4f : ADCMSP432.oem4f (.text:ADCMSP432_convert)
                  00004ef8    000000fc     lcd_thread.obj (.text:lcdThread)
                  00004ff4    000000fc     rtsv7M4_T_le_v4SPD16_eabi.lib : fd_mul_t2.asm.obj (.text)
                  000050f0    000000f0     sysbios.aem4f : BIOS.obj (.text:pthread_create)
                  000051e0    000000f0                   : m3_Hwi_asm.obj (.text:ti_sysbios_family_arm_m3_Hwi_dispatch__I)
                  000052d0    000000e9     cJSON.obj (.text:parse_value)
                  000053b9    00000001     --HOLE-- [fill = 0]
                  000053ba    00000002     drivers_msp432p4x1xi.aem4f : UARTMSP432.oem4f (.text:UARTMSP432_init)
                  000053bc    000000e4     msp432p4xx_driverlib.lib : cs.o (.text:CS_startHFXTWithTimeout)
                  000054a0    000000e0                              : cs.o (.text:CS_startLFXTWithTimeout)
                  00005580    000000e0     sysbios.aem4f : BIOS.obj (.text:ti_sysbios_knl_Task_Instance_init__E)
                  00005660    000000dc     lcd_hal.obj (.text:LCD_scrollString)
                  0000573c    000000dc     drivers_msp432p4x1xi.aem4f : UARTMSP432.oem4f (.text:UARTMSP432_readPolling)
                  00005818    000000dc     msp432p4xx_driverlib.lib : cs.o (.text:_CSGetHFXTFrequency)
                  000058f4    00000004     dpl_msp432p4x1xi.aem4f : ClockP_tirtos.oem4f (.text:ClockP_setTimeout)
                  000058f8    000000d8     sysbios.aem4f : BIOS.obj (.text:ti_sysbios_knl_Mailbox_Instance_init__E)
                  000059d0    000000d0                   : BIOS.obj (.text:ti_sysbios_heaps_HeapMem_alloc__E)
                  00005aa0    000000c6     cJSON.obj (.text:parse_array)
                  00005b66    000000c4     drivers_msp432p4x1xi.aem4f : UARTMSP432.oem4f (.text:UARTMSP432_hwiIntFxn)
                  00005c2a    00000002     rtsv7M4_T_le_v4SPD16_eabi.lib : _lock.c.obj (.text:_nop)
                  00005c2c    000000c0     drivers_msp432p4x1xi.aem4f : UARTMSP432.oem4f (.text:UARTMSP432_control)
                  00005cec    000000bc                                : TimerMSP432.oem4f (.text:TimerMSP432_setPeriod)
                  00005da8    000000bc                                : TimerMSP432.oem4f (.text:TimerMSP432_start)
                  00005e64    00000004     dpl_msp432p4x1xi.aem4f : ClockP_tirtos.oem4f (.text:ClockP_start)
                  00005e68    000000bc     sysbios.aem4f : BIOS.obj (.text:ti_sysbios_knl_Task_sleep__E)
                  00005f24    000000b8     drivers_msp432p4x1xi.aem4f : UARTMSP432.oem4f (.text:initHw)
                  00005fdc    000000b8                                : UARTMSP432.oem4f (.text:readTaskCallback)
                  00006094    00000004     dpl_msp432p4x1xi.aem4f : ClockP_tirtos.oem4f (.text:ClockP_stop)
                  00006098    000000b8     sysbios.aem4f : BIOS.obj (.text:ti_sysbios_family_arm_m3_Hwi_Instance_init__E)
                  00006150    000000b4     msp432p4xx_driverlib.lib : adc14.o (.text:ADC14_configureConversionMemory)
                  00006204    000000b4                              : lcd_f.o (.text:LCD_F_setPinsAsLCDFunction)
                  000062b8    000000b4     drivers_msp432p4x1xi.aem4f : UARTMSP432.oem4f (.text:UARTMSP432_writePolling)
                  0000636c    000000b1     rtsv7M4_T_le_v4SPD16_eabi.lib : _printfi.c.obj (.text:_ltostr)
                  0000641d    00000001     --HOLE-- [fill = 0]
                  0000641e    00000002                                   : div0.asm.obj (.text)
                  00006420    000000b0     sysbios.aem4f : BIOS.obj (.text:ti_sysbios_knl_Clock_workFuncDynamic__E)
                  000064d0    000000ae     cJSON.obj (.text:parse_hex4)
                  0000657e    00000002     release_pem4f.oem4f (.text:ti_sysbios_BIOS_nullFunc__I)
                  00006580    000000ac     drivers_msp432p4x1xi.aem4f : GPIOMSP432.oem4f (.text:GPIO_init)
                  0000662c    00000004     dpl_msp432p4x1xi.aem4f : HwiP_tirtos.oem4f (.text:HwiP_disable)
                  00006630    000000aa     sysbios.aem4f : BIOS.obj (.text:xdc_runtime_Core_createObject__I)
                  000066da    00000002     --HOLE-- [fill = 0]
                  000066dc    000000a8     cJSON.obj (.text:parse_number)
                  00006784    000000a8     drivers_msp432p4x1xi.aem4f : UARTMSP432.oem4f (.text:readTaskBlocking)
                  0000682c    00000004     dpl_msp432p4x1xi.aem4f : SemaphoreP_tirtos.oem4f (.text:SemaphoreP_post)
                  00006830    000000a8     sysbios.aem4f : BIOS.obj (.text:ti_sysbios_family_arm_msp432_Timer_periodicStub__E)
                  000068d8    000000a4     drivers_msp432p4x1xi.aem4f : TimerMSP432.oem4f (.text:initTimerHardware)
                  0000697c    00000004     release_pem4f.oem4f (.text:ti_sysbios_BIOS_RtsGateProxy_enter__E)
                  00006980    000000a4     sysbios.aem4f : BIOS.obj (.text:ti_sysbios_knl_Task_setPri__E)
                  00006a24    000000a2     drivers_msp432p4x1xi.aem4f : UARTMSP432.oem4f (.text:UARTMSP432_write)
                  00006ac6    00000002     --HOLE-- [fill = 0]
                  00006ac8    000000a0     auto_init.aem4f : auto_init.oem4f (.text)
                  00006b68    000000a0     drivers_msp432p4x1xi.aem4f : UARTMSP432.oem4f (.text:readIsrTextCallback)
                  00006c08    0000009c                                : PWMTimerMSP432.oem4f (.text:PWMTimerMSP432_stop)
                  00006ca4    0000009c     rtsv7M4_T_le_v4SPD16_eabi.lib : memcpy_t2.asm.obj (.text)
                  00006d40    0000009c     drivers_msp432p4x1xi.aem4f : TimerMSP432.oem4f (.text:setT32TickCount)
                  00006ddc    0000009c                                : TimerMSP432.oem4f (.text:setTATickCount)
                  00006e78    00000098     lcd_hal.obj (.text:LCD_init)
                  00006f10    00000098     drivers_msp432p4x1xi.aem4f : UARTMSP432.oem4f (.text:UARTMSP432_close)
                  00006fa8    00000096     rtsv7M4_T_le_v4SPD16_eabi.lib : ull_div_t2.asm.obj (.text)
                  0000703e    00000002     --HOLE-- [fill = 0]
                  00007040    00000094     drivers_msp432p4x1xi.aem4f : PWMTimerMSP432.oem4f (.text:PWMTimerMSP432_setDuty)
                  000070d4    00000004     release_pem4f.oem4f (.text:ti_sysbios_BIOS_RtsGateProxy_leave__E)
                  000070d8    00000094     sysbios.aem4f : BIOS.obj (.text:_pthread_removeThreadKeys)
                  0000716c    00000094     callbacks.obj (.text:gpioButton1_Callback)
                  00007200    00000094     sysbios.aem4f : BIOS.obj (.text:ti_sysbios_family_arm_m3_Hwi_initNVIC__E)
                  00007294    00000004     release_pem4f.oem4f (.text:ti_sysbios_family_arm_m3_Hwi_delete)
                  00007298    00000094     sysbios.aem4f : BIOS.obj (.text:ti_sysbios_knl_Task_exit__E)
                  0000732c    00000092     drivers_msp432p4x1xi.aem4f : UARTMSP432.oem4f (.text:writeData)
                  000073be    00000002     --HOLE-- [fill = 0]
                  000073c0    00000090     cJSON.obj (.text:cJSON_ParseWithOpts)
                  00007450    00000090     sysbios.aem4f : BIOS.obj (.text:ti_sysbios_knl_Task_Module_startup__E)
                  000074e0    0000008c     drivers_msp432p4x1xi.aem4f : ADCMSP432.oem4f (.text:ADCMSP432_open)
                  0000756c    0000008c                                : PowerMSP432.oem4f (.text:Power_init)
                  000075f8    0000008c                                : UARTMSP432.oem4f (.text:readIsrTextBlocking)
                  00007684    0000008c     sysbios.aem4f : m3_TaskSupport_asm.obj (.text:ti_sysbios_family_arm_m3_TaskSupport_buildTaskStack)
                  00007710    0000008c                   : BIOS.obj (.text:xdc_runtime_Memory_alloc__E)
                  0000779c    00000088     msp432p4xx_driverlib.lib : gpio.o (.text:GPIO_setAsPeripheralModuleFunctionOutputPin)
                  00007824    00000088     drivers_msp432p4x1xi.aem4f : PWMTimerMSP432.oem4f (.text:PWMTimerMSP432_close)
                  000078ac    00000004     release_pem4f.oem4f (.text:ti_sysbios_family_arm_m3_TaskSupport_Module__startupDone__S)
                  000078b0    00000088     sysbios.aem4f : BIOS.obj (.text:ti_sysbios_knl_Mailbox_post__E)
                  00007938    00000086     rtsv7M4_T_le_v4SPD16_eabi.lib : fd_cmp_t2.asm.obj (.text:__aeabi_cdcmple)
                  000079be    00000086                                   : fd_cmp_t2.asm.obj (.text:__aeabi_cdrcmple)
                  00007a44    00000004     release_pem4f.oem4f (.text:ti_sysbios_heaps_HeapMem_Module_GateProxy_enter__E)
                  00007a48    00000086     sysbios.aem4f : BIOS.obj (.text:xdc_runtime_Core_constructObject__I)
                  00007ace    00000002     --HOLE-- [fill = 0]
                  00007ad0    00000084     msp432p4xx_driverlib.lib : pcm.o (.text:PCM_gotoLPM3)
                  00007b54    00000084     drivers_msp432p4x1xi.aem4f : TimerMSP432.oem4f (.text:TimerMSP432_stop)
                  00007bd8    00000084                                : PowerMSP432.oem4f (.text:restartHFXT)
                  00007c5c    00000004     release_pem4f.oem4f (.text:ti_sysbios_heaps_HeapMem_Module_GateProxy_leave__E)
                  00007c60    00000084     sysbios.aem4f : BIOS.obj (.text:ti_sysbios_family_arm_m3_Hwi_postInit__I)
                  00007ce4    00000004     release_pem4f.oem4f (.text:ti_sysbios_knl_Clock_TimerProxy_getCurrentTick__E)
                  00007ce8    00000084     sysbios.aem4f : BIOS.obj (.text:ti_sysbios_heaps_HeapMem_free__E)
                  00007d6c    00000080     drivers_msp432p4x1xi.aem4f : PWMTimerMSP432.oem4f (.text:PWMTimerMSP432_start)
                  00007dec    00000080     rtsv7M4_T_le_v4SPD16_eabi.lib : s_floorf.c.obj (.text:floorf)
                  00007e6c    0000007c     drivers_msp432p4x1xi.aem4f : PWMTimerMSP432.oem4f (.text:setConstraints)
                  00007ee8    0000007a     rtsv7M4_T_le_v4SPD16_eabi.lib : memset_t2.asm.obj (.text)
                  00007f62    00000002     --HOLE-- [fill = 0]
                  00007f64    00000078     drivers_msp432p4x1xi.aem4f : TimerMSP432.oem4f (.text:TimerMSP432_allocateTimerResource)
                  00007fdc    00000078     cJSON.obj (.text:cJSON_Delete)
                  00008054    00000004     release_pem4f.oem4f (.text:ti_sysbios_knl_Clock_TimerProxy_getMaxTicks__E)
                  00008058    00000074     sysbios.aem4f : BIOS.obj (.text:ti_sysbios_knl_Clock_walkQueueDynamic__E)
                  000080cc    00000004     release_pem4f.oem4f (.text:ti_sysbios_knl_Clock_TimerProxy_setNextTick__E)
                  000080d0    00000074     sysbios.aem4f : BIOS.obj (.text:ti_sysbios_knl_Mailbox_pend__E)
                  00008144    00000070     msp432p4xx_driverlib.lib : lcd_f.o (.text:LCD_F_setPinAsCOM)
                  000081b4    00000070     led_thread.obj (.text:calculateNewTogglePeriod)
                  00008224    00000004     release_pem4f.oem4f (.text:ti_sysbios_knl_Clock_delete)
                  00008228    00000070     sysbios.aem4f : BIOS.obj (.text:ti_sysbios_heaps_HeapMem_initPrimary__I)
                  00008298    00000070                   : BIOS.obj (.text:ti_sysbios_knl_Mailbox_Instance_finalize__E)
                  00008308    0000006e     rtsv7M4_T_le_v4SPD16_eabi.lib : _printfi.c.obj (.text:_mcpy)
                  00008376    0000006e                                   : s_roundf.c.obj (.text:roundf)
                  000083e4    00000004     release_pem4f.oem4f (.text:ti_sysbios_knl_Semaphore_delete)
                  000083e8    0000006c     sysbios.aem4f : BIOS.obj (.text:ti_sysbios_knl_Swi_restoreHwi__E)
                  00008454    0000006a     drivers_msp432p4x1xi.aem4f : UARTMSP432.oem4f (.text:UARTMSP432_writeCancel)
                  000084be    0000006a                                : PWMTimerMSP432.oem4f (.text:perfChangeNotifyFxn)
                  00008528    00000068                                : GPIOMSP432.oem4f (.text:GPIO_hwiIntFxn)
                  00008590    00000068                                : PowerMSP432.oem4f (.text:PowerMSP432_getFreqs)
                  000085f8    00000068     callbacks.obj (.text:debounceGPIO)
                  00008660    00000068     rtsv7M4_T_le_v4SPD16_eabi.lib : copy_decompress_lzss.c.obj (.text:decompress:lzss:__TI_decompress_lzss)
                  000086c8    00000068     drivers_msp432p4x1xi.aem4f : PWMTimerMSP432.oem4f (.text:initHw)
                  00008730    00000068     sysbios.aem4f : BIOS.obj (.text:ti_sysbios_knl_Clock_startI__E)
                  00008798    00000066                   : BIOS.obj (.text:xdc_runtime_Core_deleteObject__I)
                  000087fe    00000002     --HOLE-- [fill = 0]
                  00008800    00000064     rtsv7M4_T_le_v4SPD16_eabi.lib : s_frexp.c.obj (.text:frexp)
                  00008864    00000004     release_pem4f.oem4f (.text:ti_sysbios_knl_Task_delete)
                  00008868    00000064     sysbios.aem4f : BIOS.obj (.text:ti_sysbios_family_arm_m3_Hwi_dispatchC__I)
                  000088cc    00000060     drivers_msp432p4x1xi.aem4f : ADCMSP432.oem4f (.text:ADCMSP432_convertToMicroVolts)
                  0000892c    00000060                                : GPIOMSP432.oem4f (.text:GPIO_setCallback)
                  0000898c    00000004     release_pem4f.oem4f (.text:xdc_runtime_System_Module_GateProxy_enter__E)
                  00008990    00000060     sysbios.aem4f : BIOS.obj (.text:pthread_exit)
                  000089f0    00000060                   : BIOS.obj (.text:ti_sysbios_family_arm_msp432_Timer_setNextTick__E)
                  00008a50    00000060                   : BIOS.obj (.text:ti_sysbios_knl_Semaphore_post__E)
                  00008ab0    00000060                   : BIOS.obj (.text:ti_sysbios_knl_Swi_run__I)
                  00008b10    0000005e     msp432p4xx_driverlib.lib : pcm.o (.text:PCM_getCoreVoltageLevel)
                  00008b6e    00000002     --HOLE-- [fill = 0]
                  00008b70    0000005c     lcd_hal.obj (.text:LCD_updateAnimationMemory)
                  00008bcc    0000005c     lcd_hal.obj (.text:LCD_updateMemory)
                  00008c28    0000005c     callbacks.obj (.text:blinkTimer_Callback)
                  00008c84    00000004     release_pem4f.oem4f (.text:xdc_runtime_System_Module_GateProxy_leave__E)
                  00008c88    0000005c     sysbios.aem4f : BIOS.obj (.text:ti_sysbios_family_arm_msp432_Timer_getCurrentTick__E)
                  00008ce4    00000004     --HOLE-- [fill = 0]
                  00008ce8    0000005c                   : BIOS.obj (.text:ti_sysbios_knl_Swi_schedule__I)
                  00008d44    00000004     --HOLE-- [fill = 0]
                  00008d48    0000005c                   : BIOS.obj (.text:ti_sysbios_knl_Task_startCore__E)
                  00008da4    00000004     --HOLE-- [fill = 0]
                  00008da8    0000005c                   : BIOS.obj (.text:xdc_runtime_Startup_exec__E)
                  00008e04    0000005a     msp432p4xx_driverlib.lib : pcm.o (.text:PCM_getPowerMode)
                  00008e5e    0000005a     drivers_msp432p4x1xi.aem4f : ADCMSP432.oem4f (.text:initHw)
                  00008eb8    00000058                                : GPIOMSP432.oem4f (.text:GPIO_write)
                  00008f10    00000058     boot.aem4f : boot.oem4f (.text)
                  00008f68    00000058     drivers_msp432p4x1xi.aem4f : UARTMSP432.oem4f (.text:readIsrBinaryBlocking)
                  00008fc0    00000058     sysbios.aem4f : m3_Hwi_asm_switch.obj (.text:ti_sysbios_family_arm_m3_Hwi_initStacks__E)
                  00009018    00000056     rtsv7M4_T_le_v4SPD16_eabi.lib : _printfi.c.obj (.text:_pconv_f)
                  0000906e    00000002     --HOLE-- [fill = 0]
                  00009070    00000054     msp432p4xx_driverlib.lib : adc14.o (.text:ADC14_initModule)
                  000090c4    00000054                              : pcm.o (.text:PCM_shutdownDevice)
                  00009118    00000054     drivers_msp432p4x1xi.aem4f : TimerMSP432.oem4f (.text:TimerMSP432_freeTimerResource)
                  0000916c    00000054     rtsv7M4_T_le_v4SPD16_eabi.lib : _ltoa.c.obj (.text:__TI_ltoa)
                  000091c0    00000054     release_pem4f.oem4f (.text:ti_sysbios_family_arm_m3_Hwi_create)
                  00009214    00000004     --HOLE-- [fill = 0]
                  00009218    00000054     sysbios.aem4f : BIOS.obj (.text:ti_sysbios_family_arm_msp432_Timer_initDevice__I)
                  0000926c    00000054     release_pem4f.oem4f (.text:ti_sysbios_knl_Mailbox_create)
                  000092c0    00000052     rtsv7M4_T_le_v4SPD16_eabi.lib : _printfi.c.obj (.text:_ecpy)
                  00009312    00000002     --HOLE-- [fill = 0]
                  00009314    00000050     dpl_msp432p4x1xi.aem4f : ClockP_tirtos.oem4f (.text:ClockP_create)
                  00009364    00000050     lcd_hal.obj (.text:LCD_showString)
                  000093b4    00000050     drivers_msp432p4x1xi.aem4f : TimerMSP432.oem4f (.text:TimerMSP432_hwiIntFunction)
                  00009404    00000004     --HOLE-- [fill = 0]
                  00009408    00000050     sysbios.aem4f : BIOS.obj (.text:mq_send)
                  00009458    00000050                   : BIOS.obj (.text:ti_sysbios_family_arm_m3_Hwi_Module_startup__E)
                  000094a8    00000050     release_pem4f.oem4f (.text:ti_sysbios_knl_Task_create)
                  000094f8    0000004e     drivers_msp432p4x1xi.aem4f : TimerMSP432.oem4f (.text:TimerMSP432_close)
                  00009546    00000002     --HOLE-- [fill = 0]
                  00009548    0000004c     msp432p4xx_driverlib.lib : lcd_f.o (.text:LCD_F_initModule)
                  00009594    0000004c     dpl_msp432p4x1xi.aem4f : PowerMSP432_tirtos.oem4f (.text:PowerMSP432_sleepPolicy)
                  000095e0    0000004c     rtsv7M4_T_le_v4SPD16_eabi.lib : atoi.c.obj (.text:atoi)
                  0000962c    0000004c                                   : cpy_tbl.c.obj (.text:copy_in)
                  00009678    0000004c     drivers_msp432p4x1xi.aem4f : UARTMSP432.oem4f (.text:readIsrBinaryCallback)
                  000096c4    0000004c     led_thread.obj (.text:setState)
                  00009710    0000004c     sysbios.aem4f : BIOS.obj (.text:ti_sysbios_family_arm_msp432_Timer_postInit__I)
                  0000975c    00000004     --HOLE-- [fill = 0]
                  00009760    0000004c                   : BIOS.obj (.text:ti_sysbios_family_arm_msp432_Timer_start__E)
                  000097ac    00000004     --HOLE-- [fill = 0]
                  000097b0    0000004c                   : BIOS.obj (.text:ti_sysbios_heaps_HeapMem_getStats__E)
                  000097fc    00000004     --HOLE-- [fill = 0]
                  00009800    0000004c                   : BIOS.obj (.text:ti_sysbios_knl_Swi_runLoop__I)
                  0000984c    00000004     --HOLE-- [fill = 0]
                  00009850    0000004c                   : BIOS.obj (.text:ti_sysbios_knl_Task_allBlockedFunction__I)
                  0000989c    00000004     --HOLE-- [fill = 0]
                  000098a0    0000004c                   : BIOS.obj (.text:ti_sysbios_knl_Task_schedule__I)
                  000098ec    00000048     drivers_msp432p4x1xi.aem4f : PowerMSP432.oem4f (.text:Power_releaseConstraint)
                  00009934    00000048     rtsv7M4_T_le_v4SPD16_eabi.lib : fd_toi_t2.asm.obj (.text)
                  0000997c    00000004     --HOLE-- [fill = 0]
                  00009980    00000048     sysbios.aem4f : BIOS.obj (.text:ti_sysbios_family_arm_m3_Hwi_disableInterrupt__E)
                  000099c8    00000048                   : BIOS.obj (.text:ti_sysbios_family_arm_m3_Hwi_enableInterrupt__E)
                  00009a10    00000048                   : BIOS.obj (.text:ti_sysbios_knl_Mailbox_Module_startup__E)
                  00009a58    00000048                   : BIOS.obj (.text:xdc_runtime_Core_assignParams__I)
                  00009aa0    00000046     drivers_msp432p4x1xi.aem4f : RingBuf.oem4f (.text:RingBuf_put)
                  00009ae6    00000002     --HOLE-- [fill = 0]
                  00009ae8    00000044                                : ADC.oem4f (.text:ADC_init)
                  00009b2c    00000044                                : PWM.oem4f (.text:PWM_init)
                  00009b70    00000044                                : Timer.oem4f (.text:Timer_init)
                  00009bb4    00000044                                : UART.oem4f (.text:UART_init)
                  00009bf8    00000044     sysbios.aem4f : BIOS.obj (.text:ti_sysbios_family_arm_m3_Hwi_getStackInfo__E)
                  00009c3c    00000004     --HOLE-- [fill = 0]
                  00009c40    00000044                   : BIOS.obj (.text:ti_sysbios_knl_Swi_post__E)
                  00009c84    00000004     --HOLE-- [fill = 0]
                  00009c88    00000044                   : BIOS.obj (.text:xdc_runtime_System_atexit__E)
                  00009ccc    00000040     drivers_msp432p4x1xi.aem4f : ADCMSP432.oem4f (.text:ADCMSP432_close)
                  00009d0c    00000040                                : ADC.oem4f (.text:ADC_open)
                  00009d4c    00000040     dpl_msp432p4x1xi.aem4f : HwiP_tirtos.oem4f (.text:HwiP_create)
                  00009d8c    00000040     msp432p4xx_driverlib.lib : lcd_f.o (.text:LCD_F_setPinAsLCDFunction)
                  00009dcc    00000040     drivers_msp432p4x1xi.aem4f : PWM.oem4f (.text:PWM_open)
                  00009e0c    00000040                                : RingBuf.oem4f (.text:RingBuf_get)
                  00009e4c    00000040                                : Timer.oem4f (.text:Timer_open)
                  00009e8c    00000040                                : UARTMSP432.oem4f (.text:UARTMSP432_read)
                  00009ecc    00000040                                : UART.oem4f (.text:UART_open)
                  00009f0c    00000040                                : PWMTimerMSP432.oem4f (.text:getDutyCounts)
                  00009f4c    00000040                                : PWMTimerMSP432.oem4f (.text:getPeriodCounts)
                  00009f8c    00000004     --HOLE-- [fill = 0]
                  00009f90    00000040     sysbios.aem4f : BIOS.obj (.text:mq_receive)
                  00009fd0    00000040     drivers_msp432p4x1xi.aem4f : UARTMSP432.oem4f (.text:perfChangeNotifyFxn)
                  0000a010    00000040     rtsv7M4_T_le_v4SPD16_eabi.lib : sprintf.c.obj (.text:sprintf)
                  0000a050    00000040     sysbios.aem4f : BIOS.obj (.text:ti_sysbios_family_arm_msp432_Timer_Module_startup__E)
                  0000a090    00000040                   : BIOS.obj (.text:ti_sysbios_family_arm_msp432_Timer_startup__E)
                  0000a0d0    00000040                   : BIOS.obj (.text:ti_sysbios_heaps_HeapMem_Instance_init__E)
                  0000a110    00000040                   : BIOS.obj (.text:ti_sysbios_knl_Clock_Instance_init__E)
                  0000a150    0000003e     rtsv7M4_T_le_v4SPD16_eabi.lib : _printfi.c.obj (.text:_fcpy)
                  0000a18e    0000003e     release_pem4f.oem4f (.text:realloc)
                  0000a1cc    0000003c     dpl_msp432p4x1xi.aem4f : SemaphoreP_tirtos.oem4f (.text:SemaphoreP_create)
                  0000a208    0000003c     sysbios.aem4f : BIOS.obj (.text:ti_sysbios_family_arm_m3_Hwi_Instance_finalize__E)
                  0000a244    00000004     --HOLE-- [fill = 0]
                  0000a248    0000003c                   : BIOS.obj (.text:ti_sysbios_family_arm_msp432_Seconds_Module_startup__E)
                  0000a284    0000003c     release_pem4f.oem4f (.text:ti_sysbios_knl_Clock_create)
                  0000a2c0    0000003c     sysbios.aem4f : BIOS.obj (.text:ti_sysbios_knl_Swi_restore__E)
                  0000a2fc    00000004     --HOLE-- [fill = 0]
                  0000a300    0000003c                   : BIOS.obj (.text:usleep)
                  0000a33c    00000004     --HOLE-- [fill = 0]
                  0000a340    0000003c                   : BIOS.obj (.text:xdc_runtime_System_processAtExit__E)
                  0000a37c    0000003a     cJSON.obj (.text:cJSON_GetObjectItemCaseSensitive)
                  0000a3b6    00000038     lcd_hal.obj (.text:LCD_clear)
                  0000a3ee    00000002     --HOLE-- [fill = 0]
                  0000a3f0    00000038     drivers_msp432p4x1xi.aem4f : PowerMSP432.oem4f (.text:Power_setConstraint)
                  0000a428    00000038                                : TimerMSP432.oem4f (.text:TimerMSP432_getCount)
                  0000a460    00000038                                : PowerMSP432.oem4f (.text:notify)
                  0000a498    00000038     rtsv7M4_T_le_v4SPD16_eabi.lib : fs_tod_t2.asm.obj (.text)
                  0000a4d0    00000036     drivers_msp432p4x1xi.aem4f : UARTMSP432.oem4f (.text:UARTMSP432_readCancel)
                  0000a506    00000002     --HOLE-- [fill = 0]
                  0000a508    00000034                                : GPIOMSP432.oem4f (.text:GPIO_clearInt)
                  0000a53c    00000034                                : GPIOMSP432.oem4f (.text:GPIO_enableInt)
                  0000a570    00000034     cJSON.obj (.text:cJSON_GetArrayItem)
                  0000a5a4    00000034     rtsv7M4_T_le_v4SPD16_eabi.lib : rand.c.obj (.text:rand)
                  0000a5d8    00000034     release_pem4f.oem4f (.text:ti_sysbios_knl_Semaphore_create)
                  0000a60c    00000004     --HOLE-- [fill = 0]
                  0000a610    00000032     sysbios.aem4f : BIOS.obj (.text:ti_sysbios_hal_Hwi_initStack)
                  0000a642    00000002     --HOLE-- [fill = 0]
                  0000a644    00000030     drivers_msp432p4x1xi.aem4f : ADCMSP432.oem4f (.text:ADCMSP432_init)
                  0000a674    00000004     --HOLE-- [fill = 0]
                  0000a678    00000030     sysbios.aem4f : BIOS.obj (.text:findInList$42)
                  0000a6a8    00000030     drivers_msp432p4x1xi.aem4f : PWMTimerMSP432.oem4f (.text:mapPin)
                  0000a6d8    00000030                                : UARTMSP432.oem4f (.text:mapPin)
                  0000a708    00000030     release_pem4f.oem4f (.text:ti_sysbios_BIOS_atExitFunc__I)
                  0000a738    00000030     release_pem4f.oem4f (.text:ti_sysbios_BIOS_startFunc__I)
                  0000a768    00000030     sysbios.aem4f : BIOS.obj (.text:ti_sysbios_family_arm_m3_TaskSupport_start__E)
                  0000a798    00000030     release_pem4f.oem4f (.text:ti_sysbios_gates_GateHwi_Object__create__S)
                  0000a7c8    00000030     release_pem4f.oem4f (.text:ti_sysbios_gates_GateMutex_Object__create__S)
                  0000a7f8    00000030     sysbios.aem4f : BIOS.obj (.text:ti_sysbios_gates_GateMutex_enter__E)
                  0000a828    00000030     release_pem4f.oem4f (.text:ti_sysbios_heaps_HeapMem_Object__create__S)
                  0000a858    00000030     sysbios.aem4f : BIOS.obj (.text:ti_sysbios_knl_Mailbox_postInit__I)
                  0000a888    00000030     release_pem4f.oem4f (.text:ti_sysbios_knl_Semaphore_construct)
                  0000a8b8    00000030     sysbios.aem4f : BIOS.obj (.text:ti_sysbios_knl_Semaphore_pendTimeout__I)
                  0000a8e8    00000030                   : BIOS.obj (.text:ti_sysbios_knl_Task_processVitalTaskFlag__I)
                  0000a918    00000030                   : BIOS.obj (.text:ti_sysbios_knl_Task_restore__E)
                  0000a948    00000030                   : BIOS.obj (.text:ti_sysbios_knl_Task_unblockI__E)
                  0000a978    0000002e     rtsv7M4_T_le_v4SPD16_eabi.lib : i_tofd_t2.asm.obj (.text)
                  0000a9a6    0000002e     release_pem4f.oem4f (.text:ti_sysbios_rts_MemAlloc_alloc)
                  0000a9d4    0000002c     msp432p4xx_driverlib.lib : adc14.o (.text:ADC14_getInterruptStatus)
                  0000aa00    0000002c                              : adc14.o (.text:ADC14_toggleConversionTrigger)
                  0000aa2c    0000002c                              : lcd_f.o (.text:LCD_F_setAnimationControl)
                  0000aa58    0000002c     dpl_msp432p4x1xi.aem4f : PowerMSP432_tirtos.oem4f (.text:PowerMSP432_updateFreqs)
                  0000aa84    0000002c     msp432p4xx_driverlib.lib : rtc_c.o (.text:RTC_C_holdClock)
                  0000aab0    0000002c     dpl_msp432p4x1xi.aem4f : SemaphoreP_tirtos.oem4f (.text:SemaphoreP_createBinary)
                  0000aadc    00000004     --HOLE-- [fill = 0]
                  0000aae0    0000002c     sysbios.aem4f : BIOS.obj (.text:_pthread_cleanupFxn)
                  0000ab0c    00000004     --HOLE-- [fill = 0]
                  0000ab10    0000002c                   : BIOS.obj (.text:_pthread_delete$43)
                  0000ab3c    0000002c     cJSON.obj (.text:cJSON_GetArraySize)
                  0000ab68    0000002c     drivers_msp432p4x1xi.aem4f : TimerMSP432.oem4f (.text:perfChangeNotifyFxn)
                  0000ab94    0000002c     rtsv7M4_T_le_v4SPD16_eabi.lib : strncmp.c.obj (.text:strncmp)
                  0000abc0    0000002c     release_pem4f.oem4f (.text:ti_sysbios_gates_GateHwi_Handle__label__S)
                  0000abec    0000002c     release_pem4f.oem4f (.text:ti_sysbios_gates_GateMutex_Handle__label__S)
                  0000ac18    0000002c     release_pem4f.oem4f (.text:ti_sysbios_heaps_HeapMem_Handle__label__S)
                  0000ac44    0000002c     release_pem4f.oem4f (.text:ti_sysbios_knl_Queue_construct)
                  0000ac70    0000002a     sysbios.aem4f : BIOS.obj (.text:sem_init)
                  0000ac9a    00000002     --HOLE-- [fill = 0]
                  0000ac9c    00000028     msp432p4xx_driverlib.lib : adc14.o (.text:ADC14_enableConversion)
                  0000acc4    00000028                              : adc14.o (.text:ADC14_getResult)
                  0000acec    00000028                              : pcm.o (.text:PCM_gotoLPM0)
                  0000ad14    00000028     drivers_msp432p4x1xi.aem4f : PowerMSP432.oem4f (.text:Power_registerNotify)
                  0000ad3c    00000028                                : PowerMSP432.oem4f (.text:disableFaultCounter)
                  0000ad64    00000028                                : PowerMSP432.oem4f (.text:disableHFXT)
                  0000ad8c    00000028                                : UARTMSP432.oem4f (.text:findBaudDividerIndex)
                  0000adb4    00000028     callbacks.obj (.text:intervalTimer_Callback)
                  0000addc    00000028     sysbios.aem4f : m3_Hwi_asm.obj (.text:ti_sysbios_family_arm_m3_Hwi_excHandlerAsm__I)
                  0000ae04    00000004     --HOLE-- [fill = 0]
                  0000ae08    00000028                   : BIOS.obj (.text:ti_sysbios_knl_Clock_addI__E)
                  0000ae30    00000028                   : BIOS.obj (.text:ti_sysbios_knl_Swi_Module_startup__E)
                  0000ae58    00000026     drivers_msp432p4x1xi.aem4f : List.oem4f (.text:List_put)
                  0000ae7e    00000026                                : List.oem4f (.text:List_remove)
                  0000aea4    00000026                                : PWMTimerMSP432.oem4f (.text:releaseConstraints)
                  0000aeca    00000026     cJSON.obj (.text:skip_whitespace)
                  0000aef0    00000026     sysbios.aem4f : m3_Hwi_asm.obj (.text:ti_sysbios_family_arm_m3_Hwi_pendSV__I)
                  0000af16    00000002     --HOLE-- [fill = 0]
                  0000af18    00000024     msp432p4xx_driverlib.lib : wdt_a.o (.text:WDT_A_holdTimer)
                  0000af3c    00000024     cJSON.obj (.text:cJSON_IsArray)
                  0000af60    00000024     sysbios.aem4f : BIOS.obj (.text:pthread_attr_init)
                  0000af84    00000024     rtsv7M4_T_le_v4SPD16_eabi.lib : rand.c.obj (.text:srand)
                  0000afa8    00000024     release_pem4f.oem4f (.text:ti_sysbios_BIOS_registerRTSLock__I)
                  0000afcc    00000024     release_pem4f.oem4f (.text:ti_sysbios_BIOS_removeRTSLock__I)
                  0000aff0    00000024     sysbios.aem4f : BIOS.obj (.text:ti_sysbios_family_arm_msp432_ClockFreqs_setFrequency__E)
                  0000b014    00000024     release_pem4f.oem4f (.text:ti_sysbios_gates_GateMutex_Object__delete__S)
                  0000b038    00000024     sysbios.aem4f : BIOS.obj (.text:ti_sysbios_knl_Clock_Module_startup__E)
                  0000b05c    00000024     release_pem4f.oem4f (.text:ti_sysbios_knl_Clock_Object__delete__S)
                  0000b080    00000024     sysbios.aem4f : BIOS.obj (.text:ti_sysbios_knl_Semaphore_Instance_init__E)
                  0000b0a4    00000024     release_pem4f.oem4f (.text:ti_sysbios_knl_Semaphore_Object__delete__S)
                  0000b0c8    00000024     sysbios.aem4f : BIOS.obj (.text:ti_sysbios_knl_Task_restoreHwi__E)
                  0000b0ec    00000004     --HOLE-- [fill = 0]
                  0000b0f0    00000024                   : BIOS.obj (.text:xdc_runtime_Error_policyMin__E)
                  0000b114    00000004     --HOLE-- [fill = 0]
                  0000b118    00000024                   : BIOS.obj (.text:xdc_runtime_System_abort__E)
                  0000b13c    00000022     cJSON.obj (.text:cJSON_New_Item)
                  0000b15e    00000002     --HOLE-- [fill = 0]
                  0000b160    00000020     msp432p4xx_driverlib.lib : cs.o (.text:CS_setExternalClockSourceFrequency)
                  0000b180    00000020     drivers_msp432p4x1xi.aem4f : GPIOMSP432.oem4f (.text:GPIO_read)
                  0000b1a0    00000020                                : PowerMSP432.oem4f (.text:Power_unregisterNotify)
                  0000b1c0    00000020     msp432p4xx_driverlib.lib : ref_a.o (.text:REF_A_setReferenceVoltage)
                  0000b1e0    00000020     drivers_msp432p4x1xi.aem4f : RingBuf.oem4f (.text:RingBuf_peek)
                  0000b200    00000020     release_pem4f.oem4f (.text:ti_sysbios_BIOS_rtsLock__I)
                  0000b220    00000020     release_pem4f.oem4f (.text:ti_sysbios_family_arm_m3_Hwi_Object__delete__S)
                  0000b240    00000020     release_pem4f.oem4f (.text:ti_sysbios_gates_GateHwi_Object__delete__S)
                  0000b260    00000020     release_pem4f.oem4f (.text:ti_sysbios_heaps_HeapMem_Object__delete__S)
                  0000b280    00000020     sysbios.aem4f : BIOS.obj (.text:ti_sysbios_knl_Clock_getTicks__E)
                  0000b2a0    00000020                   : BIOS.obj (.text:ti_sysbios_knl_Idle_run__E)
                  0000b2c0    00000020     release_pem4f.oem4f (.text:ti_sysbios_knl_Semaphore_destruct)
                  0000b2e0    00000020     release_pem4f.oem4f (.text:ti_sysbios_knl_Task_Object__delete__S)
                  0000b300    0000001e     drivers_msp432p4x1xi.aem4f : PWMTimerMSP432.oem4f (.text:corroboratePeriod)
                  0000b31e    0000001e     sysbios.aem4f : m3_Hwi_asm_switch.obj (.text:ti_sysbios_family_xxx_Hwi_switchAndRunFunc)
                  0000b33c    0000001c     msp432p4xx_driverlib.lib : sysctl_a.o (.text:SysCtl_A_getTempCalibrationConstant)
                  0000b358    0000001c     rtsv7M4_T_le_v4SPD16_eabi.lib : memccpy.c.obj (.text:memccpy)
                  0000b374    00000004     --HOLE-- [fill = 0]
                  0000b378    0000001c     sysbios.aem4f : BIOS.obj (.text:ti_sysbios_family_arm_m3_Hwi_excHandler__I)
                  0000b394    00000004     --HOLE-- [fill = 0]
                  0000b398    0000001c                   : BIOS.obj (.text:ti_sysbios_gates_GateMutex_Instance_init__E)
                  0000b3b4    00000004     --HOLE-- [fill = 0]
                  0000b3b8    0000001c                   : BIOS.obj (.text:ti_sysbios_knl_Clock_Instance_finalize__E)
                  0000b3d4    00000004     --HOLE-- [fill = 0]
                  0000b3d8    0000001c                   : BIOS.obj (.text:ti_sysbios_knl_Clock_scheduleNextTick__E)
                  0000b3f4    0000001c     release_pem4f.oem4f (.text:ti_sysbios_knl_Queue_destruct)
                  0000b410    0000001c     sysbios.aem4f : BIOS.obj (.text:ti_sysbios_knl_Queue_get__E)
                  0000b42c    00000004     --HOLE-- [fill = 0]
                  0000b430    0000001c                   : BIOS.obj (.text:ti_sysbios_knl_Queue_put__E)
                  0000b44c    00000004     --HOLE-- [fill = 0]
                  0000b450    0000001c                   : BIOS.obj (.text:ti_sysbios_knl_Task_enter__I)
                  0000b46c    00000004     --HOLE-- [fill = 0]
                  0000b470    0000001c                   : BIOS.obj (.text:ti_sysbios_rts_ti_ReentSupport_getReent__F)
                  0000b48c    00000004     --HOLE-- [fill = 0]
                  0000b490    0000001c                   : BIOS.obj (.text:xdc_runtime_Memory_valloc__E)
                  0000b4ac    0000001a     rtsv7M4_T_le_v4SPD16_eabi.lib : s_copysign.c.obj (.text:copysign)
                  0000b4c6    0000001a     release_pem4f.oem4f (.text:free)
                  0000b4e0    00000018     msp432p4xx_driverlib.lib : sysctl_a.o (.text:SysCtl_A_disableNMISource)
                  0000b4f8    00000018                              : sysctl_a.o (.text:SysCtl_A_enableNMISource)
                  0000b510    00000018     drivers_msp432p4x1xi.aem4f : UART.oem4f (.text:UART_Params_init)
                  0000b528    00000018     rtsv7M4_T_le_v4SPD16_eabi.lib : args_main.c.obj (.text:_args_main)
                  0000b540    00000018                                   : sprintf.c.obj (.text:_outs)
                  0000b558    00000018     drivers_msp432p4x1xi.aem4f : PWMTimerMSP432.oem4f (.text:corroborateDuty)
                  0000b570    00000018     rtsv7M4_T_le_v4SPD16_eabi.lib : strcmp.c.obj (.text:strcmp)
                  0000b588    00000018     release_pem4f.oem4f (.text:ti_sysbios_BIOS_rtsUnlock__I)
                  0000b5a0    00000018     release_pem4f.oem4f (.text:ti_sysbios_family_arm_m3_Hwi_Module__startupDone__F)
                  0000b5b8    00000018     sysbios.aem4f : m3_TaskSupport_asm.obj (.text:ti_sysbios_family_arm_m3_TaskSupport_swap__E)
                  0000b5d0    00000018     release_pem4f.oem4f (.text:ti_sysbios_family_arm_msp432_Timer_Module__startupDone__F)
                  0000b5e8    00000018     sysbios.aem4f : BIOS.obj (.text:ti_sysbios_gates_GateMutex_leave__E)
                  0000b600    00000018                   : BIOS.obj (.text:ti_sysbios_knl_Task_sleepTimeout__I)
                  0000b618    00000018     release_pem4f.oem4f (.text:ti_sysbios_rts_ti_ReentSupport_getTlsAddr__I)
                  0000b630    00000018     sysbios.aem4f : BIOS.obj (.text:xdc_runtime_Error_init__E)
                  0000b648    00000018                   : BIOS.obj (.text:xdc_runtime_System_exit__E)
                  0000b660    00000016     rtsv7M4_T_le_v4SPD16_eabi.lib : strchr.c.obj (.text:strchr)
                  0000b676    00000016     release_pem4f.oem4f (.text:ti_sysbios_BIOS_exitFunc__I)
                  0000b68c    00000004     --HOLE-- [fill = 0]
                  0000b690    00000016     sysbios.aem4f : BIOS.obj (.text:ti_sysbios_knl_Clock_start__E)
                  0000b6a6    00000002     --HOLE-- [fill = 0]
                  0000b6a8    00000016                   : BIOS.obj (.text:ti_sysbios_knl_Task_unblock__E)
                  0000b6be    00000014     lcd_hal.obj (.text:LCD_startAnimation)
                  0000b6d2    00000002     --HOLE-- [fill = 0]
                  0000b6d4    00000014     msp432p4xx_driverlib.lib : pcm.o (.text:PCM_getPowerState)
                  0000b6e8    00000014     drivers_msp432p4x1xi.aem4f : PWM.oem4f (.text:PWM_Params_init)
                  0000b6fc    00000014                                : PowerMSP432.oem4f (.text:Power_idleFunc)
                  0000b710    00000014                                : UARTMSP432.oem4f (.text:clearTXCPTIFG)
                  0000b724    00000004     --HOLE-- [fill = 0]
                  0000b728    00000014     sysbios.aem4f : BIOS.obj (.text:pthread_attr_setschedparam)
                  0000b73c    00000014     rtsv7M4_T_le_v4SPD16_eabi.lib : strcpy.c.obj (.text:strcpy)
                  0000b750    00000014                                   : strlen.c.obj (.text:strlen)
                  0000b764    00000014     release_pem4f.oem4f (.text:ti_sysbios_family_arm_m3_Hwi_Object__get__S)
                  0000b778    00000014     sysbios.aem4f : BIOS.obj (.text:ti_sysbios_family_arm_m3_Hwi_switchFromBootStack__E)
                  0000b78c    00000014     release_pem4f.oem4f (.text:ti_sysbios_heaps_HeapMem_Object__get__S)
                  0000b7a0    00000014     release_pem4f.oem4f (.text:ti_sysbios_knl_Clock_doTick__I)
                  0000b7b4    00000014     release_pem4f.oem4f (.text:ti_sysbios_knl_Swi_Object__get__S)
                  0000b7c8    00000012     drivers_msp432p4x1xi.aem4f : RingBuf.oem4f (.text:RingBuf_construct)
                  0000b7da    00000012     dpl_msp432p4x1xi.aem4f : SemaphoreP_tirtos.oem4f (.text:SemaphoreP_pend)
                  0000b7ec    00000004     --HOLE-- [fill = 0]
                  0000b7f0    00000012     sysbios.aem4f : BIOS.obj (.text:_pthread_cleanup_pop)
                  0000b802    00000006     drivers_msp432p4x1xi.aem4f : PWMTimerMSP432.oem4f (.text:PWMTimerMSP432_control)
                  0000b808    00000012     sysbios.aem4f : BIOS.obj (.text:_pthread_runStub$43)
                  0000b81a    00000006     drivers_msp432p4x1xi.aem4f : PWMTimerMSP432.oem4f (.text:PWMTimerMSP432_setDutyAndPeriod)
                  0000b820    00000012     sysbios.aem4f : BIOS.obj (.text:ti_sysbios_hal_Hwi_Module_startup__E)
                  0000b832    00000012     rtsv7M4_T_le_v4SPD16_eabi.lib : wcslen.c.obj (.text:wcslen)
                  0000b844    00000012     release_pem4f.oem4f (.text:xdc_runtime_Startup_exec__I)
                  0000b856    00000002     --HOLE-- [fill = 0]
                  0000b858    00000010     msp432p4xx_driverlib.lib : adc14.o (.text:ADCIsConversionRunning)
                  0000b868    00000010     dpl_msp432p4x1xi.aem4f : HwiP_tirtos.oem4f (.text:HwiP_Params_init)
                  0000b878    00000010     msp432p4xx_driverlib.lib : pcm.o (.text:PCM_gotoLPM4)
                  0000b888    00000010                              : pcm.o (.text:PCM_setPowerMode)
                  0000b898    00000010                              : pcm.o (.text:PCM_setPowerState)
                  0000b8a8    00000010     drivers_msp432p4x1xi.aem4f : PowerMSP432.oem4f (.text:PowerMSP432_getNumPerfLevels)
                  0000b8b8    00000010     msp432p4xx_driverlib.lib : sysctl_a.o (.text:SysCtl_A_getNMISourceStatus)
                  0000b8c8    00000010     drivers_msp432p4x1xi.aem4f : Timer.oem4f (.text:Timer_Params_init)
                  0000b8d8    00000010     cJSON.obj (.text:cJSON_Parse)
                  0000b8e8    00000010     drivers_msp432p4x1xi.aem4f : UARTMSP432.oem4f (.text:readBlockingTimeout)
                  0000b8f8    00000010     sysbios.aem4f : BIOS.obj (.text:ti_sysbios_BIOS_exit__E)
                  0000b908    00000010                   : BIOS.obj (.text:ti_sysbios_BIOS_setCpuFreq__E)
                  0000b918    00000010                   : BIOS.obj (.text:ti_sysbios_BIOS_setThreadType__E)
                  0000b928    00000010                   : BIOS.obj (.text:ti_sysbios_BIOS_start__E)
                  0000b938    00000010                   : m3_TaskSupport_asm.obj (.text:ti_sysbios_family_arm_m3_TaskSupport_glue)
                  0000b948    00000010                   : BIOS.obj (.text:ti_sysbios_family_arm_msp432_init_Boot_disableWatchdog)
                  0000b958    00000010                   : BIOS.obj (.text:ti_sysbios_gates_GateMutex_Instance_finalize__E)
                  0000b968    00000010     release_pem4f.oem4f (.text:ti_sysbios_knl_Mailbox_Object__get__S)
                  0000b978    00000010     sysbios.aem4f : BIOS.obj (.text:ti_sysbios_knl_Semaphore_Instance_finalize__E)
                  0000b988    00000010                   : BIOS.obj (.text:ti_sysbios_knl_Swi_disable__E)
                  0000b998    00000010     release_pem4f.oem4f (.text:ti_sysbios_knl_Task_Object__get__S)
                  0000b9a8    00000010     sysbios.aem4f : BIOS.obj (.text:ti_sysbios_knl_Task_disable__E)
                  0000b9b8    00000010                   : BIOS.obj (.text:xdc_runtime_Gate_leaveSystem__E)
                  0000b9c8    00000010                   : BIOS.obj (.text:xdc_runtime_Memory_free__E)
                  0000b9d8    00000010                   : BIOS.obj (.text:xdc_runtime_SysCallback_abort__E)
                  0000b9e8    00000010                   : BIOS.obj (.text:xdc_runtime_SysCallback_exit__E)
                  0000b9f8    0000000e     rtsv7M4_T_le_v4SPD16_eabi.lib : copy_decompress_none.c.obj (.text:decompress:none:__TI_decompress_none)
                  0000ba06    00000002     --HOLE-- [fill = 0]
                  0000ba08    0000000e     sysbios.aem4f : BIOS.obj (.text:pthread_attr_setdetachstate)
                  0000ba16    00000002     --HOLE-- [fill = 0]
                  0000ba18    0000000e                   : BIOS.obj (.text:sem_wait)
                  0000ba26    00000002     --HOLE-- [fill = 0]
                  0000ba28    0000000e                   : BIOS.obj (.text:ti_sysbios_knl_Idle_loop__E)
                  0000ba36    0000000c     ti_drivers_config.obj (.text:Board_init)
                  0000ba42    0000000c     msp432p4xx_driverlib.lib : cpu.o (.text:CPU_cpsid)
                  0000ba4e    0000000c                              : cpu.o (.text:CPU_cpsie)
                  0000ba5a    0000000c     dpl_msp432p4x1xi.aem4f : ClockP_tirtos.oem4f (.text:ClockP_delete)
                  0000ba66    0000000c                            : HwiP_tirtos.oem4f (.text:HwiP_delete)
                  0000ba72    00000002     --HOLE-- [fill = 0]
                  0000ba74    0000000c     msp432p4xx_driverlib.lib : lcd_f.o (.text:LCD_F_clearAllAnimationMemory)
                  0000ba80    0000000c                              : lcd_f.o (.text:LCD_F_clearAllBlinkingMemory)
                  0000ba8c    0000000c                              : lcd_f.o (.text:LCD_F_clearAllMemory)
                  0000ba98    0000000c                              : lcd_f.o (.text:LCD_F_disableAnimation)
                  0000baa4    0000000c                              : lcd_f.o (.text:LCD_F_enableAnimation)
                  0000bab0    0000000c                              : lcd_f.o (.text:LCD_F_turnOff)
                  0000babc    0000000c                              : lcd_f.o (.text:LCD_F_turnOn)
                  0000bac8    0000000c     drivers_msp432p4x1xi.aem4f : PowerMSP432.oem4f (.text:Power_getConstraintMask)
                  0000bad4    0000000c                                : PowerMSP432.oem4f (.text:Power_getPerformanceLevel)
                  0000bae0    0000000c     msp432p4xx_driverlib.lib : ref_a.o (.text:REF_A_enableReferenceVoltage)
                  0000baec    0000000c                              : ref_a.o (.text:REF_A_enableTempSensor)
                  0000baf8    0000000c     dpl_msp432p4x1xi.aem4f : SemaphoreP_tirtos.oem4f (.text:SemaphoreP_delete)
                  0000bb04    0000000c     rtsv7M4_T_le_v4SPD16_eabi.lib : _lock.c.obj (.text:_register_lock)
                  0000bb10    0000000c                                   : _lock.c.obj (.text:_register_unlock)
                  0000bb1c    0000000c                                   : copy_zero_init.c.obj (.text:decompress:ZI:__TI_zero_init)
                  0000bb28    0000000c     release_pem4f.oem4f (.text:ti_sysbios_family_arm_m3_Hwi_Params__init__S)
                  0000bb34    00000004     --HOLE-- [fill = 0]
                  0000bb38    0000000c     sysbios.aem4f : BIOS.obj (.text:ti_sysbios_family_arm_m3_Hwi_disableFxn__E)
                  0000bb44    00000004     --HOLE-- [fill = 0]
                  0000bb48    0000000c                   : BIOS.obj (.text:ti_sysbios_family_arm_m3_TaskSupport_getStackAlignment__E)
                  0000bb54    00000004     --HOLE-- [fill = 0]
                  0000bb58    0000000c                   : BIOS.obj (.text:ti_sysbios_family_arm_msp432_Timer_getMaxTicks__E)
                  0000bb64    00000004     --HOLE-- [fill = 0]
                  0000bb68    0000000c                   : BIOS.obj (.text:ti_sysbios_gates_GateHwi_enter__E)
                  0000bb74    0000000c     release_pem4f.oem4f (.text:ti_sysbios_knl_Clock_Params__init__S)
                  0000bb80    0000000c     release_pem4f.oem4f (.text:ti_sysbios_knl_Queue_Object__get__S)
                  0000bb8c    0000000c     release_pem4f.oem4f (.text:ti_sysbios_knl_Semaphore_Params__init__S)
                  0000bb98    0000000c     release_pem4f.oem4f (.text:ti_sysbios_knl_Task_Params__init__S)
                  0000bba4    00000004     --HOLE-- [fill = 0]
                  0000bba8    0000000c     sysbios.aem4f : BIOS.obj (.text:ti_sysbios_knl_Task_self__E)
                  0000bbb4    00000004     --HOLE-- [fill = 0]
                  0000bbb8    0000000c                   : BIOS.obj (.text:ti_sysbios_rts_ti_ReentSupport_taskRegHook__I)
                  0000bbc4    00000004     --HOLE-- [fill = 0]
                  0000bbc8    0000000c                   : BIOS.obj (.text:xdc_runtime_Gate_enterSystem__E)
                  0000bbd4    00000004     --HOLE-- [fill = 0]
                  0000bbd8    0000000c                   : BIOS.obj (.text:xdc_runtime_Startup_rtsDone__E)
                  0000bbe4    0000000a     drivers_msp432p4x1xi.aem4f : ADC.oem4f (.text:ADC_Params_init)
                  0000bbee    0000000a                                : ADC.oem4f (.text:ADC_convert)
                  0000bbf8    0000000a     dpl_msp432p4x1xi.aem4f : ClockP_tirtos.oem4f (.text:ClockP_Params_init)
                  0000bc02    0000000a     drivers_msp432p4x1xi.aem4f : PWM.oem4f (.text:PWM_setDuty)
                  0000bc0c    0000000a                                : PWM.oem4f (.text:PWM_start)
                  0000bc16    0000000a                                : PWM.oem4f (.text:PWM_stop)
                  0000bc20    0000000a                                : Timer.oem4f (.text:Timer_close)
                  0000bc2a    0000000a                                : Timer.oem4f (.text:Timer_getCount)
                  0000bc34    0000000a                                : Timer.oem4f (.text:Timer_start)
                  0000bc3e    0000000a                                : Timer.oem4f (.text:Timer_stop)
                  0000bc48    0000000a                                : UART.oem4f (.text:UART_read)
                  0000bc52    0000000a     rtsv7M4_T_le_v4SPD16_eabi.lib : sprintf.c.obj (.text:_outc)
                  0000bc5c    00000004     --HOLE-- [fill = 0]
                  0000bc60    0000000a     sysbios.aem4f : BIOS.obj (.text:sem_post)
                  0000bc6a    0000000a     release_pem4f.oem4f (.text:xdc_runtime_IHeap_alloc)
                  0000bc74    0000000a     release_pem4f.oem4f (.text:xdc_runtime_IHeap_free)
                  0000bc7e    00000008     lcd_hal.obj (.text:LCD_stopAnimation)
                  0000bc86    00000008     dpl_msp432p4x1xi.aem4f : SemaphoreP_tirtos.oem4f (.text:SemaphoreP_Params_init)
                  0000bc8e    00000002     --HOLE-- [fill = 0]
                  0000bc90    00000008     sysbios.aem4f : BIOS.obj (.text:pthread_attr_setstacksize)
                  0000bc98    00000008     drivers_msp432p4x1xi.aem4f : UARTMSP432.oem4f (.text:readSemCallback)
                  0000bca0    00000008     sysbios.aem4f : BIOS.obj (.text:ti_sysbios_family_arm_m3_Hwi_doSwiRestore__I)
                  0000bca8    00000008                   : BIOS.obj (.text:ti_sysbios_family_arm_m3_Hwi_startup__E)
                  0000bcb0    00000008     drivers_msp432p4x1xi.aem4f : UARTMSP432.oem4f (.text:txcptEnabledStatus)
                  0000bcb8    00000008                                : UARTMSP432.oem4f (.text:writeSemCallback)
                  0000bcc0    00000006                                : TimerMSP432.oem4f (.text:TimerMSP432_control)
                  0000bcc6    00000002     --HOLE-- [fill = 0]
                  0000bcc8    00000006     sysbios.aem4f : BIOS.obj (.text:ti_sysbios_family_arm_m3_Hwi_doTaskRestore__I)
                  0000bcce    00000002     --HOLE-- [fill = 0]
                  0000bcd0    00000006                   : BIOS.obj (.text:ti_sysbios_family_arm_m3_Hwi_restoreFxn__E)
                  0000bcd6    00000002     --HOLE-- [fill = 0]
                  0000bcd8    00000006                   : BIOS.obj (.text:ti_sysbios_gates_GateHwi_leave__E)
                  0000bcde    00000002     --HOLE-- [fill = 0]
                  0000bce0    00000006                   : BIOS.obj (.text:ti_sysbios_heaps_HeapMem_isBlocking__E)
                  0000bce6    00000002     --HOLE-- [fill = 0]
                  0000bce8    00000006                   : BIOS.obj (.text:ti_sysbios_knl_Clock_stop__E)
                  0000bcee    00000002     --HOLE-- [fill = 0]
                  0000bcf0    00000006                   : BIOS.obj (.text:ti_sysbios_knl_Queue_Instance_init__E)
                  0000bcf6    00000002     --HOLE-- [fill = 0]
                  0000bcf8    00000006                   : BIOS.obj (.text:ti_sysbios_knl_Swi_startup__E)
                  0000bcfe    00000002     --HOLE-- [fill = 0]
                  0000bd00    00000006                   : BIOS.obj (.text:xdc_runtime_System_Module_startup__E)
                  0000bd06    00000002     --HOLE-- [fill = 0]
                  0000bd08    00000004                   : BIOS.obj (.text:__aeabi_errno_addr)
                  0000bd0c    00000004     --HOLE-- [fill = 0]
                  0000bd10    00000004                   : BIOS.obj (.text:ti_sysbios_gates_GateHwi_query__E)
                  0000bd14    00000004     --HOLE-- [fill = 0]
                  0000bd18    00000004                   : BIOS.obj (.text:ti_sysbios_gates_GateMutex_query__E)
                  0000bd1c    00000004     --HOLE-- [fill = 0]
                  0000bd20    00000004                   : BIOS.obj (.text:ti_sysbios_knl_Clock_setTimeout__E)
                  0000bd24    00000004     --HOLE-- [fill = 0]
                  0000bd28    00000004                   : BIOS.obj (.text:ti_sysbios_knl_Task_startup__E)
                  0000bd2c    00000004     --HOLE-- [fill = 0]
                  0000bd30    00000002                   : BIOS.obj (.text:ti_sysbios_BIOS_linkedWithIncorrectBootLibrary__E)
                  0000bd32    00000006     --HOLE-- [fill = 0]
                  0000bd38    00000002                   : BIOS.obj (.text:ti_sysbios_gates_GateHwi_Instance_init__E)
                  0000bd3a    00000006     --HOLE-- [fill = 0]
                  0000bd40    00000002                   : BIOS.obj (.text:ti_sysbios_knl_Clock_logTick__E)
                  0000bd42    00000006     --HOLE-- [fill = 0]
                  0000bd48    00000002                   : BIOS.obj (.text:xdc_runtime_SysCallback_defaultAbort)
                  0000bd4a    00000006     --HOLE-- [fill = 0]
                  0000bd50    00000002                   : BIOS.obj (.text:xdc_runtime_SysCallback_defaultExit)
                  0000bd52    00000006     --HOLE-- [fill = 0]
                  0000bd58    00000002                   : BIOS.obj (.text:xdc_runtime_System_abortSpin__E)
                  0000bd5a    00000006     --HOLE-- [fill = 0]
                  0000bd60    00000002                   : BIOS.obj (.text:xdc_runtime_System_exitSpin__E)

.const     0    0000bd68    00000a90     
                  0000bd68    00000101     rtsv7M4_T_le_v4SPD16_eabi.lib : ctype.c.obj (.const:.string:_ctypes_)
                  0000be69    00000006     lcd_hal.obj (.const:.string:$P$T0$1)
                  0000be6f    00000001     release_pem4f.oem4f (.const:xdc_runtime_Error_policy__C)
                  0000be70    000000c8     rtsv7M4_T_le_v4SPD16_eabi.lib : strtod.c.obj (.const:$O1$$)
                  0000bf38    00000080     msp432p4xx_driverlib.lib : adc14.o (.const:_ctlRegs)
                  0000bfb8    00000068     lcd_hal.obj (.const:alphabetUppercase)
                  0000c020    00000050     drivers_msp432p4x1xi.aem4f : TimerMSP432.oem4f (.const:timerADividers)
                  0000c070    00000040     ti_drivers_config.obj (.const:uartMSP432Baudrates)
                  0000c0b0    0000003c     release_pem4f.oem4f (.const:ti_sysbios_knl_Task_Object__PARAMS__C)
                  0000c0ec    00000038     ti_drivers_config.obj (.const:PowerMSP432_config)
                  0000c124    00000034     release_pem4f.oem4f (.const:ti_sysbios_knl_Mailbox_Object__PARAMS__C)
                  0000c158    00000030     msp432p4xx_driverlib.lib : gpio.o (.const:GPIO_PORT_TO_BASE)
                  0000c188    00000030     ti_drivers_config.obj (.const:TimerMSP432HWAttrs)
                  0000c1b8    00000030     release_pem4f.oem4f (.const:ti_sysbios_family_arm_m3_Hwi_Object__PARAMS__C)
                  0000c1e8    0000002c     ti_drivers_config.obj (.const:uartMSP432HWAttrs)
                  0000c214    00000028     drivers_msp432p4x1xi.aem4f : UARTMSP432.oem4f (.const:UARTMSP432_fxnTable)
                  0000c23c    00000028     lcd_hal.obj (.const:digit)
                  0000c264    00000028     release_pem4f.oem4f (.const:ti_sysbios_heaps_HeapMem_Module__FXNS__C)
                  0000c28c    00000024     drivers_msp432p4x1xi.aem4f : PWMTimerMSP432.oem4f (.const:PWMTimerMSP432_fxnTable)
                  0000c2b0    00000024     ti_drivers_config.obj (.const:PWM_config)
                  0000c2d4    00000024     ti_drivers_config.obj (.const:Timer_config)
                  0000c2f8    00000024     drivers_msp432p4x1xi.aem4f : UART.oem4f (.const:UART_defaultParams)
                  0000c31c    00000024     release_pem4f.oem4f (.const:ti_sysbios_gates_GateHwi_Module__FXNS__C)
                  0000c340    00000024     release_pem4f.oem4f (.const:ti_sysbios_gates_GateMutex_Module__FXNS__C)
                  0000c364    00000024     release_pem4f.oem4f (.const:ti_sysbios_heaps_HeapMem_Object__PARAMS__C)
                  0000c388    00000024     release_pem4f.oem4f (.const:ti_sysbios_knl_Clock_Object__PARAMS__C)
                  0000c3ac    00000024     release_pem4f.oem4f (.const:ti_sysbios_knl_Semaphore_Object__PARAMS__C)
                  0000c3d0    00000024     release_pem4f.oem4f (.const:xdc_runtime_Startup_sfxnTab__A)
                  0000c3f4    00000020     drivers_msp432p4x1xi.aem4f : TimerMSP432.oem4f (.const:TimerMSP432_Timer32_fxnTable)
                  0000c414    00000020                                : TimerMSP432.oem4f (.const:TimerMSP432_Timer_A_fxnTable)
                  0000c434    00000020                                : UARTMSP432.oem4f (.const:staticFxnTable)
                  0000c454    00000020     release_pem4f.oem4f (.const:ti_sysbios_family_arm_m3_Hwi_Object__DESC__C)
                  0000c474    00000020     release_pem4f.oem4f (.const:ti_sysbios_gates_GateHwi_Object__DESC__C)
                  0000c494    00000020     release_pem4f.oem4f (.const:ti_sysbios_gates_GateMutex_Object__DESC__C)
                  0000c4b4    00000020     release_pem4f.oem4f (.const:ti_sysbios_heaps_HeapMem_Object__DESC__C)
                  0000c4d4    00000020     release_pem4f.oem4f (.const:ti_sysbios_knl_Clock_Object__DESC__C)
                  0000c4f4    00000020     release_pem4f.oem4f (.const:ti_sysbios_knl_Mailbox_Object__DESC__C)
                  0000c514    00000020     release_pem4f.oem4f (.const:ti_sysbios_knl_Queue_Object__DESC__C)
                  0000c534    00000020     release_pem4f.oem4f (.const:ti_sysbios_knl_Semaphore_Object__DESC__C)
                  0000c554    00000020     release_pem4f.oem4f (.const:ti_sysbios_knl_Task_Object__DESC__C)
                  0000c574    00000018     drivers_msp432p4x1xi.aem4f : ADCMSP432.oem4f (.const:ADCMSP432_fxnTable)
                  0000c58c    00000018                                : PWM.oem4f (.const:PWM_defaultParams)
                  0000c5a4    00000018     lcd_hal.obj (.const:lcdConf)
                  0000c5bc    00000018     ti_drivers_config.obj (.const:pwmTimerMSP432HWAttrs)
                  0000c5d4    00000018     release_pem4f.oem4f (.const:ti_sysbios_gates_GateHwi_Object__PARAMS__C)
                  0000c5ec    00000018     release_pem4f.oem4f (.const:ti_sysbios_gates_GateMutex_Object__PARAMS__C)
                  0000c604    00000018     release_pem4f.oem4f (.const:ti_sysbios_knl_Queue_Object__PARAMS__C)
                  0000c61c    00000018     release_pem4f.oem4f (.const:ti_sysbios_knl_Task_hooks__A)
                  0000c634    00000014     ti_drivers_config.obj (.const:GPIOMSP432_config)
                  0000c648    00000012     release_pem4f.oem4f (.const:xdc_runtime_Startup_sfxnRts__A)
                  0000c65a    00000002     release_pem4f.oem4f (.const:ti_sysbios_family_arm_m3_Hwi_Module__id__C)
                  0000c65c    00000010     uart_thread.obj (.const:$P$T0$1)
                  0000c66c    00000010     ti_drivers_config.obj (.const:adcMSP432HWAttrs)
                  0000c67c    00000010     drivers_msp432p4x1xi.aem4f : PWMTimerMSP432.oem4f (.const:pwmTimerBaseAddr)
                  0000c68c    0000000c     ti_drivers_config.obj (.const:ADC_config)
                  0000c698    0000000c     ti_drivers_config.obj (.const:UART_config)
                  0000c6a4    0000000c     drivers_msp432p4x1xi.aem4f : Timer.oem4f (.const:defaultParams)
                  0000c6b0    0000000c                                : TimerMSP432.oem4f (.const:timer32Dividers)
                  0000c6bc    0000000c     release_pem4f.oem4f (.const:xdc_runtime_Startup_firstFxns__A)
                  0000c6c8    00000008     drivers_msp432p4x1xi.aem4f : ADC.oem4f (.const:ADC_defaultParams)
                  0000c6d0    00000008     release_pem4f.oem4f (.const)
                  0000c6d8    00000008     release_pem4f.oem4f (.const:ti_sysbios_knl_Idle_funcList__A)
                  0000c6e0    00000008     release_pem4f.oem4f (.const:ti_sysbios_knl_Idle_funcList__C)
                  0000c6e8    00000008     release_pem4f.oem4f (.const:ti_sysbios_knl_Task_hooks__C)
                  0000c6f0    00000008     release_pem4f.oem4f (.const:xdc_runtime_Startup_firstFxns__C)
                  0000c6f8    00000008     release_pem4f.oem4f (.const:xdc_runtime_Startup_lastFxns__C)
                  0000c700    00000006     drivers_msp432p4x1xi.aem4f : GPIOMSP432.oem4f (.const:.string:interruptType)
                  0000c706    00000006     lcd_hal.obj (.const:.string:lcdPositions)
                  0000c70c    00000006     drivers_msp432p4x1xi.aem4f : GPIOMSP432.oem4f (.const:.string:portInterruptIds)
                  0000c712    00000005                                : UARTMSP432.oem4f (.const:.string:parityTypes)
                  0000c717    00000001     --HOLE-- [fill = 0]
                  0000c718    00000004                                : UARTMSP432.oem4f (.const:stopBits)
                  0000c71c    00000004     ti_drivers_config.obj (.const)
                  0000c720    00000004     release_pem4f.oem4f (.const:ti_sysbios_family_arm_m3_Hwi_E_alreadyDefined__C)
                  0000c724    00000004     release_pem4f.oem4f (.const:ti_sysbios_family_arm_m3_Hwi_E_badIntNum__C)
                  0000c728    00000004     release_pem4f.oem4f (.const:ti_sysbios_family_arm_m3_Hwi_NUM_INTERRUPTS__C)
                  0000c72c    00000004     release_pem4f.oem4f (.const:ti_sysbios_family_arm_m3_Hwi_Object__count__C)
                  0000c730    00000004     release_pem4f.oem4f (.const:ti_sysbios_family_arm_m3_Hwi_ccr__C)
                  0000c734    00000004     release_pem4f.oem4f (.const:ti_sysbios_family_arm_m3_Hwi_excHandlerFunc__C)
                  0000c738    00000004     release_pem4f.oem4f (.const:ti_sysbios_family_arm_m3_Hwi_nullIsrFunc__C)
                  0000c73c    00000004     release_pem4f.oem4f (.const:ti_sysbios_family_arm_m3_Hwi_priGroup__C)
                  0000c740    00000004     release_pem4f.oem4f (.const:ti_sysbios_family_arm_m3_Hwi_swiDisable__C)
                  0000c744    00000004     release_pem4f.oem4f (.const:ti_sysbios_family_arm_m3_Hwi_swiRestore__C)
                  0000c748    00000004     release_pem4f.oem4f (.const:ti_sysbios_family_arm_m3_TaskSupport_stackAlignment__C)
                  0000c74c    00000004     release_pem4f.oem4f (.const:ti_sysbios_family_arm_msp432_Timer_numTimerDevices__C)
                  0000c750    00000004     release_pem4f.oem4f (.const:ti_sysbios_family_arm_msp432_Timer_startupNeeded__C)
                  0000c754    00000004     release_pem4f.oem4f (.const:ti_sysbios_gates_GateMutex_Instance_State_sem__O)
                  0000c758    00000004     release_pem4f.oem4f (.const:ti_sysbios_heaps_HeapMem_E_memory__C)
                  0000c75c    00000004     release_pem4f.oem4f (.const:ti_sysbios_heaps_HeapMem_Module__gateObj__C)
                  0000c760    00000004     release_pem4f.oem4f (.const:ti_sysbios_heaps_HeapMem_Object__count__C)
                  0000c764    00000004     release_pem4f.oem4f (.const:ti_sysbios_heaps_HeapMem_primaryHeapBaseAddr__C)
                  0000c768    00000004     release_pem4f.oem4f (.const:ti_sysbios_heaps_HeapMem_primaryHeapEndAddr__C)
                  0000c76c    00000004     release_pem4f.oem4f (.const:ti_sysbios_heaps_HeapMem_reqAlign__C)
                  0000c770    00000004     release_pem4f.oem4f (.const:ti_sysbios_knl_Clock_Module_State_clockQ__O)
                  0000c774    00000004     release_pem4f.oem4f (.const:ti_sysbios_knl_Clock_tickPeriod__C)
                  0000c778    00000004     release_pem4f.oem4f (.const:ti_sysbios_knl_Mailbox_Instance_State_dataQue__O)
                  0000c77c    00000004     release_pem4f.oem4f (.const:ti_sysbios_knl_Mailbox_Instance_State_dataSem__O)
                  0000c780    00000004     release_pem4f.oem4f (.const:ti_sysbios_knl_Mailbox_Instance_State_freeQue__O)
                  0000c784    00000004     release_pem4f.oem4f (.const:ti_sysbios_knl_Mailbox_Instance_State_freeSem__O)
                  0000c788    00000004     release_pem4f.oem4f (.const:ti_sysbios_knl_Mailbox_Object__count__C)
                  0000c78c    00000004     release_pem4f.oem4f (.const:ti_sysbios_knl_Mailbox_maxTypeAlign__C)
                  0000c790    00000004     release_pem4f.oem4f (.const:ti_sysbios_knl_Semaphore_Instance_State_pendQ__O)
                  0000c794    00000004     release_pem4f.oem4f (.const:ti_sysbios_knl_Swi_Object__count__C)
                  0000c798    00000004     release_pem4f.oem4f (.const:ti_sysbios_knl_Task_Module_State_inactiveQ__O)
                  0000c79c    00000004     release_pem4f.oem4f (.const:ti_sysbios_knl_Task_Object__count__C)
                  0000c7a0    00000004     release_pem4f.oem4f (.const:ti_sysbios_knl_Task_Object__heap__C)
                  0000c7a4    00000004     release_pem4f.oem4f (.const:ti_sysbios_knl_Task_allBlockedFunc__C)
                  0000c7a8    00000004     release_pem4f.oem4f (.const:ti_sysbios_knl_Task_defaultStackHeap__C)
                  0000c7ac    00000004     release_pem4f.oem4f (.const:ti_sysbios_knl_Task_defaultStackSize__C)
                  0000c7b0    00000004     release_pem4f.oem4f (.const:ti_sysbios_knl_Task_numConstructedTasks__C)
                  0000c7b4    00000004     release_pem4f.oem4f (.const:xdc_runtime_Error_E_memory__C)
                  0000c7b8    00000004     release_pem4f.oem4f (.const:xdc_runtime_Error_policyFxn__C)
                  0000c7bc    00000004     release_pem4f.oem4f (.const:xdc_runtime_IGateProvider_Interface__BASE__C)
                  0000c7c0    00000004     release_pem4f.oem4f (.const:xdc_runtime_IHeap_Interface__BASE__C)
                  0000c7c4    00000004     release_pem4f.oem4f (.const:xdc_runtime_IModule_Interface__BASE__C)
                  0000c7c8    00000004     release_pem4f.oem4f (.const:xdc_runtime_Memory_defaultHeapInstance__C)
                  0000c7cc    00000004     release_pem4f.oem4f (.const:xdc_runtime_Startup_execImpl__C)
                  0000c7d0    00000004     release_pem4f.oem4f (.const:xdc_runtime_Startup_maxPasses__C)
                  0000c7d4    00000004     release_pem4f.oem4f (.const:xdc_runtime_Startup_sfxnRts__C)
                  0000c7d8    00000004     release_pem4f.oem4f (.const:xdc_runtime_Startup_sfxnTab__C)
                  0000c7dc    00000004     release_pem4f.oem4f (.const:xdc_runtime_SysCallback_abortFxn__C)
                  0000c7e0    00000004     release_pem4f.oem4f (.const:xdc_runtime_SysCallback_exitFxn__C)
                  0000c7e4    00000004     release_pem4f.oem4f (.const:xdc_runtime_System_Module__gateObj__C)
                  0000c7e8    00000004     release_pem4f.oem4f (.const:xdc_runtime_System_abortFxn__C)
                  0000c7ec    00000004     release_pem4f.oem4f (.const:xdc_runtime_System_exitFxn__C)
                  0000c7f0    00000004     release_pem4f.oem4f (.const:xdc_runtime_System_maxAtexitHandlers__C)
                  0000c7f4    00000002     release_pem4f.oem4f (.const:ti_sysbios_heaps_HeapMem_Module__id__C)
                  0000c7f6    00000002     release_pem4f.oem4f (.const:xdc_runtime_Memory_Module__id__C)

.cinit     0    0000c7f8    00000278     
                  0000c7f8    0000024d     (.cinit..data.load) [load image, compression = lzss]
                  0000ca45    00000003     --HOLE-- [fill = 0]
                  0000ca48    0000000c     (__TI_handler_table)
                  0000ca54    00000004     --HOLE-- [fill = 0]
                  0000ca58    00000008     (.cinit..bss.load) [load image, compression = zero_init]
                  0000ca60    00000010     (__TI_cinit_table)

.init_array 
*          0    00000000    00000000     UNINITIALIZED

.data      0    20008140    00000796     UNINITIALIZED
                  20008140    00000140     drivers_msp432p4x1xi.aem4f : PowerMSP432.oem4f (.data:PowerMSP432_perfLevels)
                  20008280    00000110                                : PWMTimerMSP432.oem4f (.data:pwmTimerStatus)
                  20008390    00000088     sysbios.aem4f : BIOS.obj (.data:$O1$$)
                  20008418    00000080     release_pem4f.oem4f (.data:ti_sysbios_knl_Swi_Module_State_0_readyQ__A)
                  20008498    00000080     release_pem4f.oem4f (.data:ti_sysbios_knl_Task_Module_State_0_readyQ__A)
                  20008518    00000054     release_pem4f.oem4f (.data:ti_sysbios_gates_GateMutex_Object__table__V)
                  2000856c    0000004c     release_pem4f.oem4f (.data:ti_sysbios_knl_Task_Object__table__V)
                  200085b8    00000044     release_pem4f.oem4f (.data:ti_sysbios_family_arm_msp432_Timer_Object__table__V)
                  200085fc    00000044     release_pem4f.oem4f (.data:ti_sysbios_knl_Task_Module__state__V)
                  20008640    00000034     release_pem4f.oem4f (.data:ti_sysbios_family_arm_m3_Hwi_Module__state__V)
                  20008674    00000030     release_pem4f.oem4f (.data:ti_sysbios_knl_Swi_Object__table__V)
                  200086a4    0000002c     drivers_msp432p4x1xi.aem4f : PowerMSP432.oem4f (.data:PowerMSP432_module)
                  200086d0    0000002c     release_pem4f.oem4f (.data:ti_sysbios_knl_Clock_Module__state__V)
                  200086fc    00000024     release_pem4f.oem4f (.data:ti_sysbios_BIOS_Module__state__V)
                  20008720    00000020     release_pem4f.oem4f (.data:ti_sysbios_family_arm_msp432_Timer_Module_State_0_device__A)
[...]
0000bc17  PWM_stop                                                        
0000bc21  Timer_close                                                     
0000bc2b  Timer_getCount                                                  
0000bc35  Timer_start                                                     
0000bc3f  Timer_stop                                                      
0000bc49  UART_read                                                       
0000bc61  sem_post                                                        
0000bc6b  xdc_runtime_Memory_HeapProxy_alloc__E                           
0000bc75  xdc_runtime_Memory_HeapProxy_free__E                            
0000bc7f  LCD_stopAnimation                                               
0000bc87  SemaphoreP_Params_init                                          
0000bc91  pthread_attr_setstacksize                                       
0000bca1  ti_sysbios_family_arm_m3_Hwi_doSwiRestore__I                    
0000bca9  ti_sysbios_family_arm_m3_Hwi_startup__E                         
0000bca9  ti_sysbios_hal_Hwi_HwiProxy_startup__E                          
0000bca9  ti_sysbios_hal_Hwi_startup__E                                   
0000bcc1  TimerMSP432_control                                             
0000bcc9  ti_sysbios_family_arm_m3_Hwi_doTaskRestore__I                   
0000bcd1  HwiP_restore                                                    
0000bcd1  ti_sysbios_family_arm_m3_Hwi_restoreFxn__E                      
0000bcd1  ti_sysbios_hal_Hwi_HwiProxy_restore__E                          
0000bcd9  ti_sysbios_gates_GateHwi_leave__E                               
0000bce1  ti_sysbios_heaps_HeapMem_isBlocking__E                          
0000bce9  ti_sysbios_knl_Clock_stop__E                                    
0000bcf1  ti_sysbios_knl_Queue_Instance_init__E                           
0000bcf9  ti_sysbios_knl_Swi_startup__E                                   
0000bd01  xdc_runtime_System_Module_startup__E                            
0000bd09  __aeabi_errno_addr                                              
0000bd11  ti_sysbios_gates_GateHwi_query__E                               
0000bd11  xdc_runtime_Main_Module_GateProxy_query__E                      
0000bd11  xdc_runtime_System_Module_GateProxy_query__E                    
0000bd19  ti_sysbios_BIOS_RtsGateProxy_query__E                           
0000bd19  ti_sysbios_gates_GateMutex_query__E                             
0000bd19  ti_sysbios_heaps_HeapMem_Module_GateProxy_query__E              
0000bd21  ti_sysbios_knl_Clock_setTimeout__E                              
0000bd29  ti_sysbios_knl_Task_startup__E                                  
0000bd31  ti_sysbios_BIOS_linkedWithIncorrectBootLibrary__E               
0000bd39  ti_sysbios_gates_GateHwi_Instance_init__E                       
0000bd41  ti_sysbios_knl_Clock_logTick__E                                 
0000bd49  xdc_runtime_SysCallback_defaultAbort                            
0000bd51  xdc_runtime_SysCallback_defaultExit                             
0000bd59  xdc_runtime_System_abortSpin__E                                 
0000bd61  xdc_runtime_System_exitSpin__E                                  
0000bd68  _ctypes_                                                        
0000be6f  xdc_runtime_Error_policy__C                                     
0000bfb8  alphabetUppercase                                               
0000c0b0  ti_sysbios_knl_Task_Object__PARAMS__C                           
0000c0ec  PowerMSP432_config                                              
0000c124  ti_sysbios_knl_Mailbox_Object__PARAMS__C                        
0000c188  TimerMSP432HWAttrs                                              
0000c1b8  ti_sysbios_family_arm_m3_Hwi_Object__PARAMS__C                  
0000c214  UARTMSP432_fxnTable                                             
0000c23c  digit                                                           
0000c264  ti_sysbios_heaps_HeapMem_Module__FXNS__C                        
0000c28c  PWMTimerMSP432_fxnTable                                         
0000c2b0  PWM_config                                                      
0000c2d4  Timer_config                                                    
0000c2f8  UART_defaultParams                                              
0000c31c  ti_sysbios_gates_GateHwi_Module__FXNS__C                        
0000c340  ti_sysbios_gates_GateMutex_Module__FXNS__C                      
0000c364  ti_sysbios_heaps_HeapMem_Object__PARAMS__C                      
0000c388  ti_sysbios_knl_Clock_Object__PARAMS__C                          
0000c3ac  ti_sysbios_knl_Semaphore_Object__PARAMS__C                      
0000c3d0  xdc_runtime_Startup_sfxnTab__A                                  
0000c3f4  TimerMSP432_Timer32_fxnTable                                    
0000c414  TimerMSP432_Timer_A_fxnTable                                    
0000c454  ti_sysbios_family_arm_m3_Hwi_Object__DESC__C                    
0000c474  ti_sysbios_gates_GateHwi_Object__DESC__C                        
0000c494  ti_sysbios_gates_GateMutex_Object__DESC__C                      
0000c4b4  ti_sysbios_heaps_HeapMem_Object__DESC__C                        
0000c4d4  ti_sysbios_knl_Clock_Object__DESC__C                            
0000c4f4  ti_sysbios_knl_Mailbox_Object__DESC__C                          
0000c514  ti_sysbios_knl_Queue_Object__DESC__C                            
0000c534  ti_sysbios_knl_Semaphore_Object__DESC__C                        
0000c554  ti_sysbios_knl_Task_Object__DESC__C                             
0000c574  ADCMSP432_fxnTable                                              
0000c58c  PWM_defaultParams                                               
0000c5a4  lcdConf                                                         
0000c5bc  pwmTimerMSP432HWAttrs                                           
0000c5d4  ti_sysbios_gates_GateHwi_Object__PARAMS__C                      
0000c5ec  ti_sysbios_gates_GateMutex_Object__PARAMS__C                    
0000c604  ti_sysbios_knl_Queue_Object__PARAMS__C                          
0000c61c  ti_sysbios_knl_Task_hooks__A                                    
0000c634  GPIOMSP432_config                                               
0000c648  xdc_runtime_Startup_sfxnRts__A                                  
0000c65a  ti_sysbios_family_arm_m3_Hwi_Module__id__C                      
0000c66c  adcMSP432HWAttrs                                                
0000c68c  ADC_config                                                      
0000c698  UART_config                                                     
0000c6bc  xdc_runtime_Startup_firstFxns__A                                
0000c6c8  ADC_defaultParams                                               
0000c6d0  heap0                                                           
0000c6d4  tiposix_mqGate                                                  
0000c6d8  ti_sysbios_knl_Idle_funcList__A                                 
0000c6e0  ti_sysbios_knl_Idle_funcList__C                                 
0000c6e8  ti_sysbios_knl_Task_hooks__C                                    
0000c6f0  xdc_runtime_Startup_firstFxns__C                                
0000c6f8  xdc_runtime_Startup_lastFxns__C                                 
0000c706  lcdPositions                                                    
0000c71c  ADC_count                                                       
0000c71d  PWM_count                                                       
0000c71e  Timer_count                                                     
0000c71f  UART_count                                                      
0000c720  ti_sysbios_family_arm_m3_Hwi_E_alreadyDefined__C                
0000c724  ti_sysbios_family_arm_m3_Hwi_E_badIntNum__C                     
0000c728  ti_sysbios_family_arm_m3_Hwi_NUM_INTERRUPTS__C                  
0000c72c  ti_sysbios_family_arm_m3_Hwi_Object__count__C                   
0000c730  ti_sysbios_family_arm_m3_Hwi_ccr__C                             
0000c734  ti_sysbios_family_arm_m3_Hwi_excHandlerFunc__C                  
0000c738  ti_sysbios_family_arm_m3_Hwi_nullIsrFunc__C                     
0000c73c  ti_sysbios_family_arm_m3_Hwi_priGroup__C                        
0000c740  ti_sysbios_family_arm_m3_Hwi_swiDisable__C                      
0000c744  ti_sysbios_family_arm_m3_Hwi_swiRestore__C                      
0000c748  ti_sysbios_family_arm_m3_TaskSupport_stackAlignment__C          
0000c74c  ti_sysbios_family_arm_msp432_Timer_numTimerDevices__C           
0000c750  ti_sysbios_family_arm_msp432_Timer_startupNeeded__C             
0000c754  ti_sysbios_gates_GateMutex_Instance_State_sem__O                
0000c758  ti_sysbios_heaps_HeapMem_E_memory__C                            
0000c75c  ti_sysbios_heaps_HeapMem_Module__gateObj__C                     
0000c760  ti_sysbios_heaps_HeapMem_Object__count__C                       
0000c764  ti_sysbios_heaps_HeapMem_primaryHeapBaseAddr__C                 
0000c768  ti_sysbios_heaps_HeapMem_primaryHeapEndAddr__C                  
0000c76c  ti_sysbios_heaps_HeapMem_reqAlign__C                            
0000c770  ti_sysbios_knl_Clock_Module_State_clockQ__O                     
0000c774  ti_sysbios_knl_Clock_tickPeriod__C                              
0000c778  ti_sysbios_knl_Mailbox_Instance_State_dataQue__O                
0000c77c  ti_sysbios_knl_Mailbox_Instance_State_dataSem__O                
0000c780  ti_sysbios_knl_Mailbox_Instance_State_freeQue__O                
0000c784  ti_sysbios_knl_Mailbox_Instance_State_freeSem__O                
0000c788  ti_sysbios_knl_Mailbox_Object__count__C                         
0000c78c  ti_sysbios_knl_Mailbox_maxTypeAlign__C                          
0000c790  ti_sysbios_knl_Semaphore_Instance_State_pendQ__O                
0000c794  ti_sysbios_knl_Swi_Object__count__C                             
0000c798  ti_sysbios_knl_Task_Module_State_inactiveQ__O                   
0000c79c  ti_sysbios_knl_Task_Object__count__C                            
0000c7a0  ti_sysbios_knl_Task_Object__heap__C                             
0000c7a4  ti_sysbios_knl_Task_allBlockedFunc__C                           
0000c7a8  ti_sysbios_knl_Task_defaultStackHeap__C                         
0000c7ac  ti_sysbios_knl_Task_defaultStackSize__C                         
0000c7b0  ti_sysbios_knl_Task_numConstructedTasks__C                      
0000c7b4  xdc_runtime_Error_E_memory__C                                   
0000c7b8  xdc_runtime_Error_policyFxn__C                                  
0000c7bc  xdc_runtime_IGateProvider_Interface__BASE__C                    
0000c7c0  xdc_runtime_IHeap_Interface__BASE__C                            
0000c7c4  xdc_runtime_IModule_Interface__BASE__C                          
0000c7c8  xdc_runtime_Memory_defaultHeapInstance__C                       
0000c7cc  xdc_runtime_Startup_execImpl__C                                 
0000c7d0  xdc_runtime_Startup_maxPasses__C                                
0000c7d4  xdc_runtime_Startup_sfxnRts__C                                  
0000c7d8  xdc_runtime_Startup_sfxnTab__C                                  
0000c7dc  xdc_runtime_SysCallback_abortFxn__C                             
0000c7e0  xdc_runtime_SysCallback_exitFxn__C                              
0000c7e4  xdc_runtime_System_Module__gateObj__C                           
0000c7e8  xdc_runtime_System_abortFxn__C                                  
0000c7ec  xdc_runtime_System_exitFxn__C                                   
0000c7f0  xdc_runtime_System_maxAtexitHandlers__C                         
0000c7f4  ti_sysbios_heaps_HeapMem_Module__id__C                          
0000c7f6  xdc_runtime_Memory_Module__id__C                                
0000c7f8  __TI_static_base__                                              
0000ca48  __TI_Handler_Table_Base                                         
0000ca54  __TI_Handler_Table_Limit                                        
0000ca60  __TI_CINIT_Base                                                 
0000ca70  __TI_CINIT_Limit                                                
20000000  __start___llvm_prf_cnts                                         
20000000  __stop___llvm_prf_cnts                                          
20000000  ti_sysbios_family_arm_m3_Hwi_ramVectors                         
20000140  __primary_heap_start__                                          
20008140  PowerMSP432_perfLevels                                          
20008140  __primary_heap_end__                                            
20008418  ti_sysbios_knl_Swi_Module_State_0_readyQ__A                     
20008498  ti_sysbios_knl_Task_Module_State_0_readyQ__A                    
20008518  ti_sysbios_gates_GateMutex_Object__table__V                     
2000856c  ti_sysbios_knl_Task_Object__table__V                            
200085b8  ti_sysbios_family_arm_msp432_Timer_Object__table__V             
200085fc  ti_sysbios_knl_Task_Module__state__V                            
20008640  ti_sysbios_family_arm_m3_Hwi_Module__state__V                   
20008674  ti_sysbios_knl_Swi_Object__table__V                             
200086a4  PowerMSP432_module                                              
200086d0  ti_sysbios_knl_Clock_Module__state__V                           
200086fc  ti_sysbios_BIOS_Module__state__V                                
20008720  ti_sysbios_family_arm_msp432_Timer_Module_State_0_device__A     
20008740  xdc_runtime_Error_IgnoreBlock                                   
20008760  ti_sysbios_knl_Swi_Module__state__V                             
2000877c  ti_sysbios_family_arm_m3_Hwi_Object__table__V                   
20008794  ti_sysbios_heaps_HeapMem_Object__table__V                       
200087c4  counting                                                        
200087c5  enteringTempMode                                                
200087c6  enteringIntTempMode                                             
200087c7  enteringExtTempMode                                             
200087c8  inTempMode                                                      
200087c9  externaltempSensor                                              
200087ca  scrolling                                                       
200087cc  numIntervals                                                    
200087ce  S1buttonDebounce                                                
200087d0  S2buttonDebounce                                                
200087d8  ledTogglePeriods                                                
200087ec  ti_sysbios_family_arm_msp432_Timer_Module_State_0_handles__A    
20008808  gpioCallbackFunctions                                           
20008814  gpioPinConfigs                                                  
20008820  ti_sysbios_family_arm_msp432_ClockFreqs_Module__state__V        
2000882c  ti_sysbios_family_arm_msp432_Timer_Module__state__V             
20008838  _lock                                                           
2000883c  _unlock                                                         
20008848  ti_sysbios_family_arm_m3_Hwi_Module__root__V                    
20008850  ti_sysbios_gates_GateHwi_Module__root__V                        
20008858  ti_sysbios_gates_GateMutex_Module__root__V                      
20008860  ti_sysbios_heaps_HeapMem_Module__root__V                        
20008868  ti_sysbios_knl_Clock_Module__root__V                            
20008870  ti_sysbios_knl_Mailbox_Module__root__V                          
20008878  ti_sysbios_knl_Queue_Module__root__V                            
20008880  ti_sysbios_knl_Semaphore_Module__root__V                        
20008888  ti_sysbios_knl_Task_Module__root__V                             
20008890  xdc_runtime_Startup_Module__state__V                            
20008898  xdc_runtime_System_Module_State_0_atexitHandlers__A             
200088a0  xdc_runtime_System_Module__state__V                             
200088b0  main_func_sp                                                    
200088b4  ti_sysbios_family_arm_m3_Hwi_Module_State_0_excContext__A       
200088b8  ti_sysbios_family_arm_m3_Hwi_Module_State_0_excStack__A         
200088bc  ti_sysbios_gates_GateHwi_Object__table__V                       
200088c0  ti_sysbios_knl_Task_Module_State_0_idleTask__A                  
200088c4  ti_sysbios_rts_ti_ReentSupport_Module__state__V                 
200088c8  xdc_runtime_Memory_Module__state__V                             
200088ce  pwmPeriod                                                       
200088d0  ti_sysbios_family_arm_m3_Hwi_Module_State_0_excActive__A        
200088d8  ti_sysbios_knl_Task_Instance_State_0_stack__A                   
20008ad8  ti_sysbios_family_arm_m3_Hwi_dispatchTable                      
20008c18  timerMSP432Objects                                              
20008cb4  rxString                                                        
20008d34  uartMSP432Objects                                               
20008de4  pwmTimerMSP432Objects                                           
20008e28  semLCD                                                          
20008e44  semLED                                                          
20008e60  semTemp                                                         
20008e7c  pwms                                                            
20008e88  timer_params                                                    
20008e9c  dutys                                                           
20008eb0  ClockP_tickPeriod                                               
20008eb4  adcMSP432Objects                                                
20008eb8  blinkTimer                                                      
20008ebc  debounceTimer                                                   
20008ec0  intervalTimer                                                   
20008ec4  lcdthread_handler                                               
20008ec8  ledthread_handler                                               
20008ecc  mqLCD                                                           
20008ed0  mqLED                                                           
20008ed4  rxJSONObject                                                    
20008ed8  temperatureThread_handler                                       
20008edc  ti_sysbios_knl_Task_Instance_State_0_hookEnv__A                 
20008ee0  timerValueOnTap                                                 
20008ee4  uartthread_handler                                              
2003fc00  __stack                                                         
20040000  __STACK_END                                                     
4000480c  WDTCTL_SYM                                                      
e000e000  ti_sysbios_family_arm_m3_Hwi_nvic                               
ffffffff  __TI_pprof_out_hndl                                             
ffffffff  __TI_prof_data_size                                             
ffffffff  __TI_prof_data_start                                            
ffffffff  __binit__                                                       
ffffffff  __c_args__                                                      
ffffffff  binit                                                           
UNDEFED   SHT$$INIT_ARRAY$$Base                                           
UNDEFED   SHT$$INIT_ARRAY$$Limit                                          

[732 symbols]
