******************************************************************************
                  TI ARM Linker PC v20.2.7                     
******************************************************************************
>> Linked Tue Sep  6 16:21:25 2022

OUTPUT FILE NAME:   <lcd_f_static_text_MSP_EXP432P4111_nortos_ccs.out>
ENTRY POINT SYMBOL: "_c_int00_noargs"  address: 00000791


MEMORY CONFIGURATION

         name            origin    length      used     unused   attr    fill
----------------------  --------  ---------  --------  --------  ----  --------
  MAIN                  00000000   00200000  00000904  001ff6fc  R  X
  INFO                  00200000   00008000  00000000  00008000  R  X
  SRAM_CODE             01000000   00040000  00000218  0003fde8  RW X
  SRAM_DATA             20000000   00040000  00000218  0003fde8  RW  


SEGMENT ALLOCATION MAP

run origin  load origin   length   init length attrs members
----------  ----------- ---------- ----------- ----- -------
00000000    00000000    00000904   00000904    r-x
  00000000    00000000    000000e8   000000e8    r-- .intvecs
  000000e8    000000e8    00000768   00000768    r-x .text
  00000850    00000850    00000090   00000090    r-- .const
  000008e0    000008e0    00000024   00000024    r-- .cinit
20000000    20000000    00000018   00000000    rw-
  20000000    20000000    00000018   00000000    rw- .data
2003fe00    2003fe00    00000200   00000000    rw-
  2003fe00    2003fe00    00000200   00000000    rw- .stack


SECTION ALLOCATION MAP

 output                                  attributes/
section   page    origin      length       input sections
--------  ----  ----------  ----------   ----------------
.intvecs   0    00000000    000000e8     
                  00000000    000000e8     startup_msp432p4111_ccs.obj (.intvecs:retain)

.text      0    000000e8    00000768     
                  000000e8    00000130     msp432p4xx_driverlib.lib : cs.o (.text:CS_initClockSignal)
                  00000218    00000100     lcd_f_static_text.obj (.text:showChar)
                  00000318    000000ec     lcd_f_static_text.obj (.text:main)
                  00000404    000000b4     msp432p4xx_driverlib.lib : lcd_f.o (.text:LCD_F_setPinsAsLCDFunction)
                  000004b8    0000009c     rtsv7M4_T_le_v4SPD16_eabi.lib : memcpy_t2.asm.obj (.text)
                  00000554    00000094     system_msp432p4111.obj (.text:SystemInit)
                  000005e8    00000070     msp432p4xx_driverlib.lib : lcd_f.o (.text:LCD_F_setPinAsCOM)
                  00000658    00000068     rtsv7M4_T_le_v4SPD16_eabi.lib : copy_decompress_lzss.c.obj (.text:decompress:lzss:__TI_decompress_lzss)
                  000006c0    0000004c     msp432p4xx_driverlib.lib : lcd_f.o (.text:LCD_F_initModule)
                  0000070c    00000044     rtsv7M4_T_le_v4SPD16_eabi.lib : autoinit.c.obj (.text:__TI_auto_init_nobinit_nopinit:__TI_auto_init_nobinit_nopinit)
                  00000750    00000040     msp432p4xx_driverlib.lib : lcd_f.o (.text:LCD_F_setPinAsLCDFunction)
                  00000790    00000034     rtsv7M4_T_le_v4SPD16_eabi.lib : boot_cortex_m.c.obj (.text:_c_int00_noargs:_c_int00_noargs)
                  000007c4    00000028     msp432p4xx_driverlib.lib : pcm.o (.text:PCM_gotoLPM0)
                  000007ec    00000024                              : wdt_a.o (.text:WDT_A_holdTimer)
                  00000810    0000000e     rtsv7M4_T_le_v4SPD16_eabi.lib : copy_decompress_none.c.obj (.text:decompress:none:__TI_decompress_none)
                  0000081e    00000002     startup_msp432p4111_ccs.obj (.text:Default_Handler)
                  00000820    0000000c     msp432p4xx_driverlib.lib : lcd_f.o (.text:LCD_F_clearAllMemory)
                  0000082c    0000000c                              : lcd_f.o (.text:LCD_F_turnOn)
                  00000838    0000000c     startup_msp432p4111_ccs.obj (.text:Reset_Handler)
                  00000844    00000004     msp432p4xx_driverlib.lib : cpu.o (.text:CPU_wfi)
                  00000848    00000004     rtsv7M4_T_le_v4SPD16_eabi.lib : pre_init.c.obj (.text:_system_pre_init)
                  0000084c    00000004                                   : exit.c.obj (.text:abort:abort)

.const     0    00000850    00000090     
                  00000850    00000068     lcd_f_static_text.obj (.const:alphabetBig)
                  000008b8    00000028     lcd_f_static_text.obj (.const:digit)

.cinit     0    000008e0    00000024     
                  000008e0    00000013     (.cinit..data.load) [load image, compression = lzss]
                  000008f3    00000001     --HOLE-- [fill = 0]
                  000008f4    00000008     (__TI_handler_table)
                  000008fc    00000008     (__TI_cinit_table)

.init_array 
*          0    00000000    00000000     UNINITIALIZED

.binit     0    00000000    00000000     

.data      0    20000000    00000018     UNINITIALIZED
                  20000000    00000018     lcd_f_static_text.obj (.data:lcdConf)

.stack     0    2003fe00    00000200     UNINITIALIZED
                  2003fe00    00000004     rtsv7M4_T_le_v4SPD16_eabi.lib : boot_cortex_m.c.obj (.stack)
                  2003fe04    000001fc     --HOLE--

__llvm_prf_cnts 
*          0    20000000    00000000     UNINITIALIZED

MODULE SUMMARY

       Module                        code   ro data   rw data
       ------                        ----   -------   -------
    .\
       lcd_f_static_text.obj         492    144       48     
       system_msp432p4111.obj        148    0         0      
    +--+-----------------------------+------+---------+---------+
       Total:                        640    144       48     
                                                             
    .\ccs\
       startup_msp432p4111_ccs.obj   14     232       0      
    +--+-----------------------------+------+---------+---------+
       Total:                        14     232       0      
                                                             
    C:/ti/simplelink_msp432p4_sdk_3_40_00_05/source/ti/devices/msp432p4xx/driverlib/ccs/msp432p4xx_driverlib.lib
       lcd_f.o                       456    0         0      
       cs.o                          304    0         0      
       pcm.o                         40     0         0      
       wdt_a.o                       36     0         0      
       cpu.o                         4      0         0      
    +--+-----------------------------+------+---------+---------+
       Total:                        840    0         0      
                                                             
    C:\ti\ccs1200\ccs\tools\compiler\ti-cgt-arm_20.2.7.LTS\lib\rtsv7M4_T_le_v4SPD16_eabi.lib
       memcpy_t2.asm.obj             156    0         0      
       copy_decompress_lzss.c.obj    104    0         0      
       autoinit.c.obj                68     0         0      
       boot_cortex_m.c.obj           52     0         0      
       copy_decompress_none.c.obj    14     0         0      
       exit.c.obj                    4      0         0      
       pre_init.c.obj                4      0         0      
    +--+-----------------------------+------+---------+---------+
       Total:                        402    0         0      
                                                             
       Stack:                        0      0         1024   
       Linker Generated:             0      35        0      
    +--+-----------------------------+------+---------+---------+
       Grand Total:                  1896   411       1072   


LINKER GENERATED COPY TABLES

__TI_cinit_table @ 000008fc records: 1, size/record: 8, table size: 8
	.data: load addr=000008e0, load size=00000013 bytes, run addr=20000000, run size=00000018 bytes, compression=lzss


LINKER GENERATED HANDLER TABLE

__TI_handler_table @ 000008f4 records: 2, size/record: 4, table size: 8
	index: 0, handler: __TI_decompress_lzss
	index: 1, handler: __TI_decompress_none


GLOBAL SYMBOLS: SORTED ALPHABETICALLY BY Name 

address   name                          
-------   ----                          
0000081f  ADC14_IRQHandler              
0000081f  AES256_IRQHandler             
0000081f  BusFault_Handler              
0000084d  C$$EXIT                       
0000081f  COMP_E0_IRQHandler            
0000081f  COMP_E1_IRQHandler            
00000845  CPU_wfi                       
0000081f  CS_IRQHandler                 
000000e9  CS_initClockSignal            
0000081f  DMA_ERR_IRQHandler            
0000081f  DMA_INT0_IRQHandler           
0000081f  DMA_INT1_IRQHandler           
0000081f  DMA_INT2_IRQHandler           
0000081f  DMA_INT3_IRQHandler           
0000081f  DebugMon_Handler              
0000081f  Default_Handler               
0000081f  EUSCIA0_IRQHandler            
0000081f  EUSCIA1_IRQHandler            
0000081f  EUSCIA2_IRQHandler            
0000081f  EUSCIA3_IRQHandler            
0000081f  EUSCIB0_IRQHandler            
0000081f  EUSCIB1_IRQHandler            
0000081f  EUSCIB2_IRQHandler            
0000081f  EUSCIB3_IRQHandler            
0000081f  FLCTL_A_IRQHandler            
0000081f  FPU_IRQHandler                
0000081f  HardFault_Handler             
0000081f  LCD_F_IRQHandler              
00000821  LCD_F_clearAllMemory          
000006c1  LCD_F_initModule              
000005e9  LCD_F_setPinAsCOM             
00000751  LCD_F_setPinAsLCDFunction     
00000405  LCD_F_setPinsAsLCDFunction    
0000082d  LCD_F_turnOn                  
0000081f  MemManage_Handler             
0000081f  NMI_Handler                   
0000081f  PCM_IRQHandler                
000007c5  PCM_gotoLPM0                  
0000081f  PORT1_IRQHandler              
0000081f  PORT2_IRQHandler              
0000081f  PORT3_IRQHandler              
0000081f  PORT4_IRQHandler              
0000081f  PORT5_IRQHandler              
0000081f  PORT6_IRQHandler              
0000081f  PSS_IRQHandler                
0000081f  PendSV_Handler                
0000081f  RTC_C_IRQHandler              
00000839  Reset_Handler                 
0000081f  SVC_Handler                   
0000081f  SysTick_Handler               
00000555  SystemInit                    
0000081f  T32_INT1_IRQHandler           
0000081f  T32_INT2_IRQHandler           
0000081f  T32_INTC_IRQHandler           
0000081f  TA0_0_IRQHandler              
0000081f  TA0_N_IRQHandler              
0000081f  TA1_0_IRQHandler              
0000081f  TA1_N_IRQHandler              
0000081f  TA2_0_IRQHandler              
0000081f  TA2_N_IRQHandler              
0000081f  TA3_0_IRQHandler              
0000081f  TA3_N_IRQHandler              
0000081f  UsageFault_Handler            
4000480c  WDTCTL_SYM                    
0000081f  WDT_A_IRQHandler              
000007ed  WDT_A_holdTimer               
20040000  __STACK_END                   
00000200  __STACK_SIZE                  
000008fc  __TI_CINIT_Base               
00000904  __TI_CINIT_Limit              
000008f4  __TI_Handler_Table_Base       
000008fc  __TI_Handler_Table_Limit      
0000070d  __TI_auto_init_nobinit_nopinit
00000659  __TI_decompress_lzss          
00000811  __TI_decompress_none          
ffffffff  __TI_pprof_out_hndl           
ffffffff  __TI_prof_data_size           
ffffffff  __TI_prof_data_start          
00000000  __TI_static_base__            
000004b9  __aeabi_memcpy                
000004b9  __aeabi_memcpy4               
000004b9  __aeabi_memcpy8               
ffffffff  __binit__                     
ffffffff  __c_args__                    
UNDEFED   __mpu_init                    
2003fe00  __stack                       
20000000  __start___llvm_prf_cnts       
20000000  __stop___llvm_prf_cnts        
00000791  _c_int00_noargs               
UNDEFED   _system_post_cinit            
00000849  _system_pre_init              
0000084d  abort                         
00000850  alphabetBig                   
ffffffff  binit                         
000008b8  digit                         
00000000  interruptVectors              
20000000  lcdConf                       
00000319  main                          
000004b9  memcpy                        


GLOBAL SYMBOLS: SORTED BY Symbol Address 

address   name                          
-------   ----                          
00000000  __TI_static_base__            
00000000  interruptVectors              
000000e9  CS_initClockSignal            
00000200  __STACK_SIZE                  
00000319  main                          
00000405  LCD_F_setPinsAsLCDFunction    
000004b9  __aeabi_memcpy                
000004b9  __aeabi_memcpy4               
000004b9  __aeabi_memcpy8               
000004b9  memcpy                        
00000555  SystemInit                    
000005e9  LCD_F_setPinAsCOM             
00000659  __TI_decompress_lzss          
000006c1  LCD_F_initModule              
0000070d  __TI_auto_init_nobinit_nopinit
00000751  LCD_F_setPinAsLCDFunction     
00000791  _c_int00_noargs               
000007c5  PCM_gotoLPM0                  
000007ed  WDT_A_holdTimer               
00000811  __TI_decompress_none          
0000081f  ADC14_IRQHandler              
0000081f  AES256_IRQHandler             
0000081f  BusFault_Handler              
0000081f  COMP_E0_IRQHandler            
0000081f  COMP_E1_IRQHandler            
0000081f  CS_IRQHandler                 
0000081f  DMA_ERR_IRQHandler            
0000081f  DMA_INT0_IRQHandler           
0000081f  DMA_INT1_IRQHandler           
0000081f  DMA_INT2_IRQHandler           
0000081f  DMA_INT3_IRQHandler           
0000081f  DebugMon_Handler              
0000081f  Default_Handler               
0000081f  EUSCIA0_IRQHandler            
0000081f  EUSCIA1_IRQHandler            
0000081f  EUSCIA2_IRQHandler            
0000081f  EUSCIA3_IRQHandler            
0000081f  EUSCIB0_IRQHandler            
0000081f  EUSCIB1_IRQHandler            
0000081f  EUSCIB2_IRQHandler            
0000081f  EUSCIB3_IRQHandler            
0000081f  FLCTL_A_IRQHandler            
0000081f  FPU_IRQHandler                
0000081f  HardFault_Handler             
0000081f  LCD_F_IRQHandler              
0000081f  MemManage_Handler             
0000081f  NMI_Handler                   
0000081f  PCM_IRQHandler                
0000081f  PORT1_IRQHandler              
0000081f  PORT2_IRQHandler              
0000081f  PORT3_IRQHandler              
0000081f  PORT4_IRQHandler              
0000081f  PORT5_IRQHandler              
0000081f  PORT6_IRQHandler              
0000081f  PSS_IRQHandler                
0000081f  PendSV_Handler                
0000081f  RTC_C_IRQHandler              
0000081f  SVC_Handler                   
0000081f  SysTick_Handler               
0000081f  T32_INT1_IRQHandler           
0000081f  T32_INT2_IRQHandler           
0000081f  T32_INTC_IRQHandler           
0000081f  TA0_0_IRQHandler              
0000081f  TA0_N_IRQHandler              
0000081f  TA1_0_IRQHandler              
0000081f  TA1_N_IRQHandler              
0000081f  TA2_0_IRQHandler              
0000081f  TA2_N_IRQHandler              
0000081f  TA3_0_IRQHandler              
0000081f  TA3_N_IRQHandler              
0000081f  UsageFault_Handler            
0000081f  WDT_A_IRQHandler              
00000821  LCD_F_clearAllMemory          
0000082d  LCD_F_turnOn                  
00000839  Reset_Handler                 
00000845  CPU_wfi                       
00000849  _system_pre_init              
0000084d  C$$EXIT                       
0000084d  abort                         
00000850  alphabetBig                   
000008b8  digit                         
000008f4  __TI_Handler_Table_Base       
000008fc  __TI_CINIT_Base               
000008fc  __TI_Handler_Table_Limit      
00000904  __TI_CINIT_Limit              
20000000  __start___llvm_prf_cnts       
20000000  __stop___llvm_prf_cnts        
20000000  lcdConf                       
2003fe00  __stack                       
20040000  __STACK_END                   
4000480c  WDTCTL_SYM                    
ffffffff  __TI_pprof_out_hndl           
ffffffff  __TI_prof_data_size           
ffffffff  __TI_prof_data_start          
ffffffff  __binit__                     
ffffffff  __c_args__                    
ffffffff  binit                         
UNDEFED   __mpu_init                    
UNDEFED   _system_post_cinit            

[99 symbols]
