******************************************************************************
                  TI ARM Linker PC v20.2.7                     
******************************************************************************
>> Linked Tue Sep  6 11:48:58 2022

OUTPUT FILE NAME:   <pwmled2_MSP_EXP432P4111_nortos_ccs.out>
ENTRY POINT SYMBOL: "resetISR"  address: 00002e49


MEMORY CONFIGURATION

         name            origin    length      used     unused   attr    fill
----------------------  --------  ---------  --------  --------  ----  --------
  MAIN                  00000000   00200000  00003285  001fcd7b  R  X
  INFO                  00200000   00008000  00000000  00008000  R  X
  SRAM_CODE             01000000   00040000  0000961a  000369e6  RW X
  SRAM_DATA             20000000   00040000  0000961a  000369e6  RW  


SEGMENT ALLOCATION MAP

run origin  load origin   length   init length attrs members
----------  ----------- ---------- ----------- ----- -------
00000000    00000000    00003288   00003288    r-x
  00000000    00000000    00000144   00000144    r-- .intvecs
  00000144    00000144    00002f64   00002f64    r-x .text
  000030a8    000030a8    0000011d   0000011d    r-- .const
  000031c8    000031c8    000000c0   000000c0    r-- .cinit
20000000    20000000    00008534   00000000    rw-
  20000000    20000000    00008000   00000000    rw- .sysmem
  20008000    20008000    000003f6   00000000    rw- .data
  200083f8    200083f8    0000013c   00000000    rw- .bss
20008800    20008800    000000e8   00000000    rw-
  20008800    20008800    000000e8   00000000    rw- .vtable
2003f000    2003f000    00001000   00000000    rw-
  2003f000    2003f000    00001000   00000000    rw- .stack


SECTION ALLOCATION MAP

 output                                  attributes/
section   page    origin      length       input sections
--------  ----  ----------  ----------   ----------------
.text      0    00000144    00002f64     
                  00000144    000002d4     drivers_msp432p4x1xi.aem4f : PowerMSP432.oem4f (.text:Power_sleep)
                  00000418    0000028a     msp432p4xx_driverlib.lib : pcm.o (.text:__PCM_setPowerStateAdvanced)
                  000006a2    00000002     ti_drivers_config.obj (.text:Board_initHook)
                  000006a4    00000284     drivers_msp432p4x1xi.aem4f : PowerMSP432.oem4f (.text:initPerfControl)
                  00000928    00000208                                : PWMTimerMSP432.oem4f (.text:PWMTimerMSP432_open)
                  00000b30    0000015c     msp432p4xx_driverlib.lib : pcm.o (.text:__PCM_setPowerModeAdvanced)
                  00000c8c    00000114     drivers_msp432p4x1xi.aem4f : PWMTimerMSP432.oem4f (.text:PWMTimerMSP432_setPeriod)
                  00000da0    00000108     msp432p4xx_driverlib.lib : pcm.o (.text:__PCM_setCoreVoltageLevelAdvanced)
                  00000ea8    00000100     rtsv7M4_T_le_v4SPD16_eabi.lib : memory.c.obj (.text:aligned_alloc)
                  00000fa8    000000e4     msp432p4xx_driverlib.lib : cs.o (.text:CS_startHFXTWithTimeout)
                  0000108c    000000e4     rtsv7M4_T_le_v4SPD16_eabi.lib : memory.c.obj (.text:free)
                  00001170    000000e0     msp432p4xx_driverlib.lib : cs.o (.text:CS_startLFXTWithTimeout)
                  00001250    000000e0     nortos_msp432p4x1xi.aem4f : TimerPMSP432_nortos.oem4f (.text:TimerP_construct)
                  00001330    000000dc     msp432p4xx_driverlib.lib : cs.o (.text:_CSGetHFXTFrequency)
                  0000140c    000000d8     nortos_msp432p4x1xi.aem4f : SwiP_nortos.oem4f (.text:SwiP_construct)
                  000014e4    000000bc     pwmled2.obj (.text:mainThread)
                  000015a0    000000b4     nortos_msp432p4x1xi.aem4f : ClockPTimer_nortos.oem4f (.text:ClockP_startup)
                  00001654    000000ac                               : ClockPTimer_nortos.oem4f (.text:ClockP_workFuncDynamic)
                  00001700    000000a0                               : SemaphoreP_nortos.oem4f (.text:SemaphoreP_pend)
                  000017a0    0000009c     drivers_msp432p4x1xi.aem4f : PWMTimerMSP432.oem4f (.text:PWMTimerMSP432_stop)
                  0000183c    0000009c     nortos_msp432p4x1xi.aem4f : SwiP_nortos.oem4f (.text:SwiP_dispatch)
                  000018d8    0000009c     rtsv7M4_T_le_v4SPD16_eabi.lib : memcpy_t2.asm.obj (.text)
                  00001974    00000096                                   : ull_div_t2.asm.obj (.text)
                  00001a0a    00000002     drivers_msp432p4x1xi.aem4f : PWMTimerMSP432.oem4f (.text:PWMTimerMSP432_init)
                  00001a0c    00000094                                : PWMTimerMSP432.oem4f (.text:PWMTimerMSP432_setDuty)
                  00001aa0    0000008c                                : PowerMSP432.oem4f (.text:Power_init)
                  00001b2c    00000088                                : PWMTimerMSP432.oem4f (.text:PWMTimerMSP432_close)
                  00001bb4    00000084     msp432p4xx_driverlib.lib : pcm.o (.text:PCM_gotoLPM3)
                  00001c38    00000084     drivers_msp432p4x1xi.aem4f : PowerMSP432.oem4f (.text:restartHFXT)
                  00001cbc    00000080     nortos_msp432p4x1xi.aem4f : ClockPTimer_nortos.oem4f (.text:ClockP_start)
                  00001d3c    00000080     msp432p4xx_driverlib.lib : interrupt.o (.text:Interrupt_enableInterrupt)
                  00001dbc    00000080     drivers_msp432p4x1xi.aem4f : PWMTimerMSP432.oem4f (.text:PWMTimerMSP432_start)
                  00001e3c    0000007c                                : PWMTimerMSP432.oem4f (.text:setConstraints)
                  00001eb8    00000078     nortos_msp432p4x1xi.aem4f : ClockPTimer_nortos.oem4f (.text:ClockP_walkQueueDynamic)
                  00001f30    00000078     drivers_msp432p4x1xi.aem4f : TimerMSP432.oem4f (.text:TimerMSP432_allocateTimerResource)
                  00001fa8    00000070     nortos_msp432p4x1xi.aem4f : HwiPMSP432_nortos.oem4f (.text:HwiP_construct)
                  00002018    00000070     rtsv7M4_T_le_v4SPD16_eabi.lib : memory.c.obj (.text:split)
                  00002088    0000006c     nortos_msp432p4x1xi.aem4f : TimerPMSP432_nortos.oem4f (.text:TimerP_getCurrentTick)
                  000020f4    0000006a     drivers_msp432p4x1xi.aem4f : PWMTimerMSP432.oem4f (.text:perfChangeNotifyFxn)
                  0000215e    00000002     nortos_msp432p4x1xi.aem4f : PowerMSP432_nortos.oem4f (.text:PowerMSP432_initPolicy)
                  00002160    00000068                               : ClockPTimer_nortos.oem4f (.text:ClockP_usleep)
                  000021c8    00000068     msp432p4xx_driverlib.lib : interrupt.o (.text:Interrupt_pendInterrupt)
                  00002230    00000068     drivers_msp432p4x1xi.aem4f : PowerMSP432.oem4f (.text:PowerMSP432_getFreqs)
                  00002298    00000068     nortos_msp432p4x1xi.aem4f : SwiP_nortos.oem4f (.text:SwiP_post)
                  00002300    00000068     rtsv7M4_T_le_v4SPD16_eabi.lib : copy_decompress_lzss.c.obj (.text:decompress:lzss:__TI_decompress_lzss)
                  00002368    00000068     drivers_msp432p4x1xi.aem4f : PWMTimerMSP432.oem4f (.text:initHw)
                  000023d0    0000005e     msp432p4xx_driverlib.lib : pcm.o (.text:PCM_getCoreVoltageLevel)
                  0000242e    00000002     nortos_msp432p4x1xi.aem4f : PowerMSP432_nortos.oem4f (.text:PowerMSP432_updateFreqs)
                  00002430    0000005c     msp432p4xx_driverlib.lib : interrupt.o (.text:Interrupt_registerInterrupt)
                  0000248c    0000005a                              : pcm.o (.text:PCM_getPowerMode)
                  000024e6    00000002     nortos_msp432p4x1xi.aem4f : SemaphoreP_nortos.oem4f (.text:SemaphoreP_destruct)
                  000024e8    00000058                               : TimerPMSP432_nortos.oem4f (.text:TimerP_dynamicStub)
                  00002540    00000054     msp432p4xx_driverlib.lib : interrupt.o (.text:Interrupt_setPriority)
                  00002594    00000054                              : pcm.o (.text:PCM_shutdownDevice)
                  000025e8    00000054     drivers_msp432p4x1xi.aem4f : TimerMSP432.oem4f (.text:TimerMSP432_freeTimerResource)
                  0000263c    00000054     nortos_msp432p4x1xi.aem4f : TimerPMSP432_nortos.oem4f (.text:TimerP_getCount64)
                  00002690    00000050                               : SemaphoreP_nortos.oem4f (.text:SemaphoreP_construct)
                  000026e0    00000048                               : PowerMSP432_nortos.oem4f (.text:PowerMSP432_sleepPolicy)
                  00002728    00000048     drivers_msp432p4x1xi.aem4f : PowerMSP432.oem4f (.text:Power_releaseConstraint)
                  00002770    00000044                                : PWM.oem4f (.text:PWM_init)
                  000027b4    00000044     nortos_msp432p4x1xi.aem4f : SwiP_nortos.oem4f (.text:SwiP_restore)
                  000027f8    00000044                               : TimerPMSP432_nortos.oem4f (.text:TimerP_start)
                  0000283c    00000044     rtsv7M4_T_le_v4SPD16_eabi.lib : autoinit.c.obj (.text:__TI_auto_init_nobinit_nopinit:__TI_auto_init_nobinit_nopinit)
                  00002880    00000040     drivers_msp432p4x1xi.aem4f : PWM.oem4f (.text:PWM_open)
                  000028c0    00000040     nortos_msp432p4x1xi.aem4f : TimerPMSP432_nortos.oem4f (.text:TimerP_setNextTick)
                  00002900    00000040     drivers_msp432p4x1xi.aem4f : PWMTimerMSP432.oem4f (.text:getDutyCounts)
                  00002940    00000040                                : PWMTimerMSP432.oem4f (.text:getPeriodCounts)
                  00002980    0000003c     nortos_msp432p4x1xi.aem4f : TimerPMSP432_nortos.oem4f (.text:TimerP_initDevice)
                  000029bc    00000038     drivers_msp432p4x1xi.aem4f : PowerMSP432.oem4f (.text:Power_setConstraint)
                  000029f4    00000038                                : PowerMSP432.oem4f (.text:notify)
                  00002a2c    00000034     rtsv7M4_T_le_v4SPD16_eabi.lib : boot_cortex_m.c.obj (.text:_c_int00_noargs:_c_int00_noargs)
                  00002a60    00000030     drivers_msp432p4x1xi.aem4f : PWMTimerMSP432.oem4f (.text:mapPin)
                  00002a90    0000002c     msp432p4xx_driverlib.lib : rtc_c.o (.text:RTC_C_holdClock)
                  00002abc    0000002a     nortos_msp432p4x1xi.aem4f : HwiPMSP432_nortos.oem4f (.text:HwiP_create)
                  00002ae6    00000002     rtsv7M4_T_le_v4SPD16_eabi.lib : _lock.c.obj (.text:_nop)
                  00002ae8    00000028     msp432p4xx_driverlib.lib : pcm.o (.text:PCM_gotoLPM0)
                  00002b10    00000028     drivers_msp432p4x1xi.aem4f : PowerMSP432.oem4f (.text:Power_registerNotify)
                  00002b38    00000028                                : PowerMSP432.oem4f (.text:disableFaultCounter)
                  00002b60    00000028                                : PowerMSP432.oem4f (.text:disableHFXT)
                  00002b88    00000028     rtsv7M4_T_le_v4SPD16_eabi.lib : memory.c.obj (.text:free_list_insert)
                  00002bb0    00000026     drivers_msp432p4x1xi.aem4f : List.oem4f (.text:List_put)
                  00002bd6    00000026                                : List.oem4f (.text:List_remove)
                  00002bfc    00000026                                : PWMTimerMSP432.oem4f (.text:releaseConstraints)
                  00002c22    00000002     nortos_msp432p4x1xi.aem4f : startup_msp432_ccs.oem4f (.text:busFaultISR)
                  00002c24    00000024                               : ClockPTimer_nortos.oem4f (.text:ClockP_getTicks)
                  00002c48    00000024                               : ClockPTimer_nortos.oem4f (.text:ClockP_scheduleNextTick)
                  00002c6c    00000024                               : HwiPMSP432_nortos.oem4f (.text:HwiP_dispatch)
                  00002c90    00000024     msp432p4xx_driverlib.lib : wdt_a.o (.text:WDT_A_holdTimer)
                  00002cb4    00000024     nortos_msp432p4x1xi.aem4f : ClockPTimer_nortos.oem4f (.text:sleepTicks)
                  00002cd8    00000020     msp432p4xx_driverlib.lib : cs.o (.text:CS_setExternalClockSourceFrequency)
                  00002cf8    00000020     nortos_msp432p4x1xi.aem4f : ClockPTimer_nortos.oem4f (.text:ClockP_add)
                  00002d18    00000020     drivers_msp432p4x1xi.aem4f : PowerMSP432.oem4f (.text:Power_unregisterNotify)
                  00002d38    00000020     nortos_msp432p4x1xi.aem4f : QueueP_nortos.oem4f (.text:QueueP_put)
                  00002d58    0000001e     drivers_msp432p4x1xi.aem4f : PWMTimerMSP432.oem4f (.text:corroboratePeriod)
                  00002d76    00000002     nortos_msp432p4x1xi.aem4f : SemaphoreP_nortos.oem4f (.text:clkFxn)
                  00002d78    0000001c                               : SwiP_nortos.oem4f (.text:SwiP_disable)
                  00002d94    0000001c     rtsv7M4_T_le_v4SPD16_eabi.lib : copy_zero_init.c.obj (.text:decompress:ZI:__TI_zero_init_nomemset:__TI_zero_init_nomemset)
                  00002db0    0000001c                                   : memory.c.obj (.text:free_list_remove)
                  00002dcc    0000001a     nortos_msp432p4x1xi.aem4f : QueueP_nortos.oem4f (.text:QueueP_get)
                  00002de6    00000018                               : ClockPTimer_nortos.oem4f (.text:ClockP_destruct)
                  00002dfe    00000002                               : startup_msp432_ccs.oem4f (.text:defaultISR)
                  00002e00    00000018     msp432p4xx_driverlib.lib : sysctl_a.o (.text:SysCtl_A_disableNMISource)
                  00002e18    00000018                              : sysctl_a.o (.text:SysCtl_A_enableNMISource)
                  00002e30    00000018     drivers_msp432p4x1xi.aem4f : PWMTimerMSP432.oem4f (.text:corroborateDuty)
                  00002e48    00000018     nortos_msp432p4x1xi.aem4f : startup_msp432_ccs.oem4f (.text:resetISR)
                  00002e60    00000016                               : SwiP_nortos.oem4f (.text:maxbit)
                  00002e76    00000002                               : startup_msp432_ccs.oem4f (.text:faultISR)
                  00002e78    00000014     msp432p4xx_driverlib.lib : pcm.o (.text:PCM_getPowerState)
                  00002e8c    00000014     drivers_msp432p4x1xi.aem4f : PWM.oem4f (.text:PWM_Params_init)
                  00002ea0    00000014                                : PowerMSP432.oem4f (.text:Power_idleFunc)
                  00002eb4    00000014     nortos_msp432p4x1xi.aem4f : SwiP_nortos.oem4f (.text:SwiP_handleHwi)
                  00002ec8    00000014                               : TimerPMSP432_nortos.oem4f (.text:TimerP_getCount)
                  00002edc    00000012                               : HwiPMSP432_nortos.oem4f (.text:HwiP_Params_init)
                  00002eee    00000012     main_nortos.obj (.text:main)
                  00002f00    00000010     nortos_msp432p4x1xi.aem4f : HwiPMSP432_nortos.oem4f (.text:HwiP_disable)
                  00002f10    00000010     msp432p4xx_driverlib.lib : interrupt.o (.text:Interrupt_disableMaster)
                  00002f20    00000010                              : interrupt.o (.text:Interrupt_enableMaster)
                  00002f30    00000010                              : pcm.o (.text:PCM_gotoLPM4)
                  00002f40    00000010                              : pcm.o (.text:PCM_setPowerMode)
                  00002f50    00000010                              : pcm.o (.text:PCM_setPowerState)
                  00002f60    00000010     drivers_msp432p4x1xi.aem4f : PowerMSP432.oem4f (.text:PowerMSP432_getNumPerfLevels)
                  00002f70    00000010                                : PowerMSP432.oem4f (.text:Power_enablePolicy)
                  00002f80    00000010     nortos_msp432p4x1xi.aem4f : SemaphoreP_nortos.oem4f (.text:SemaphoreP_Params_init)
                  00002f90    00000010                               : SwiP_nortos.oem4f (.text:SwiP_Params_init)
                  00002fa0    00000010     msp432p4xx_driverlib.lib : sysctl_a.o (.text:SysCtl_A_getNMISourceStatus)
                  00002fb0    00000010     nortos_msp432p4x1xi.aem4f : TimerPMSP432_nortos.oem4f (.text:TimerP_Params_init)
                  00002fc0    0000000e                               : QueueP_nortos.oem4f (.text:QueueP_empty)
                  00002fce    0000000e                               : QueueP_nortos.oem4f (.text:QueueP_remove)
                  00002fdc    0000000e     rtsv7M4_T_le_v4SPD16_eabi.lib : copy_decompress_none.c.obj (.text:decompress:none:__TI_decompress_none)
                  00002fea    0000000c     ti_drivers_config.obj (.text:Board_init)
                  00002ff6    0000000c     msp432p4xx_driverlib.lib : cpu.o (.text:CPU_cpsid)
                  00003002    0000000c                              : cpu.o (.text:CPU_cpsie)
                  0000300e    00000002     nortos_msp432p4x1xi.aem4f : startup_msp432_ccs.oem4f (.text:nmiISR)
                  00003010    0000000c                               : ClockPTimer_nortos.oem4f (.text:ClockP_doTick)
                  0000301c    0000000c     drivers_msp432p4x1xi.aem4f : PowerMSP432.oem4f (.text:Power_getConstraintMask)
                  00003028    0000000c                                : PowerMSP432.oem4f (.text:Power_getPerformanceLevel)
                  00003034    0000000c     nortos_msp432p4x1xi.aem4f : TimerPMSP432_nortos.oem4f (.text:TimerP_getFreq)
                  00003040    0000000c                               : TimerPMSP432_nortos.oem4f (.text:TimerP_getMaxTicks)
                  0000304c    0000000a     drivers_msp432p4x1xi.aem4f : PWM.oem4f (.text:PWM_setDuty)
                  00003056    0000000a                                : PWM.oem4f (.text:PWM_start)
                  00003060    00000008     nortos_msp432p4x1xi.aem4f : HwiPMSP432_nortos.oem4f (.text:HwiP_restore)
                  00003068    00000008     rtsv7M4_T_le_v4SPD16_eabi.lib : memory.c.obj (.text:malloc)
                  00003070    00000006     drivers_msp432p4x1xi.aem4f : PWMTimerMSP432.oem4f (.text:PWMTimerMSP432_control)
                  00003076    00000006                                : PWMTimerMSP432.oem4f (.text:PWMTimerMSP432_setDutyAndPeriod)
                  0000307c    00000006     nortos_msp432p4x1xi.aem4f : QueueP_nortos.oem4f (.text:QueueP_init)
                  00003082    00000004     msp432p4xx_driverlib.lib : cpu.o (.text:CPU_wfi)
                  00003086    00000004     nortos_msp432p4x1xi.aem4f : ClockPTimer_nortos.oem4f (.text:ClockP_isActive)
                  0000308a    00000004                               : HwiPMSP432_nortos.oem4f (.text:HwiP_enable)
                  0000308e    00000004                               : HwiPMSP432_nortos.oem4f (.text:HwiP_post)
                  00003092    00000004                               : QueueP_nortos.oem4f (.text:QueueP_head)
                  00003096    00000004                               : QueueP_nortos.oem4f (.text:QueueP_next)
                  0000309a    00000004                               : TimerPMSP432_nortos.oem4f (.text:TimerP_setPeriod)
                  0000309e    00000004     rtsv7M4_T_le_v4SPD16_eabi.lib : pre_init.c.obj (.text:_system_pre_init)
                  000030a2    00000004                                   : exit.c.obj (.text:abort:abort)
                  000030a6    00000002                                   : div0.asm.obj (.text)

.const     0    000030a8    0000011d     
                  000030a8    00000050     msp432p4xx_driverlib.lib : interrupt.o (.const:g_pulRegs)
                  000030f8    00000038     ti_drivers_config.obj (.const:PowerMSP432_config)
                  00003130    00000024     drivers_msp432p4x1xi.aem4f : PWMTimerMSP432.oem4f (.const:PWMTimerMSP432_fxnTable)
                  00003154    00000018     ti_drivers_config.obj (.const:PWM_config)
                  0000316c    00000018     drivers_msp432p4x1xi.aem4f : PWM.oem4f (.const:PWM_defaultParams)
                  00003184    00000010     nortos_msp432p4x1xi.aem4f : SwiP_nortos.oem4f (.const:SwiP_defaultParams)
                  00003194    00000010     drivers_msp432p4x1xi.aem4f : PWMTimerMSP432.oem4f (.const:pwmTimerBaseAddr)
                  000031a4    00000010     ti_drivers_config.obj (.const:pwmTimerMSP432HWAttrs)
                  000031b4    00000008     msp432p4xx_driverlib.lib : interrupt.o (.const:g_pulEnRegs)
                  000031bc    00000008                              : interrupt.o (.const:g_pulPendRegs)
                  000031c4    00000001     ti_drivers_config.obj (.const)

.cinit     0    000031c8    000000c0     
                  000031c8    0000008c     (.cinit..data.load) [load image, compression = lzss]
                  00003254    0000000c     (__TI_handler_table)
                  00003260    00000008     (.cinit..bss.load) [load image, compression = zero_init]
                  00003268    00000008     (.cinit..vtable.load) [load image, compression = zero_init]
                  00003270    00000018     (__TI_cinit_table)

.init_array 
*          0    00000000    00000000     UNINITIALIZED

.intvecs   0    00000000    00000144     
                  00000000    00000144     nortos_msp432p4x1xi.aem4f : startup_msp432_ccs.oem4f (.intvecs:retain)

.sysmem    0    20000000    00008000     UNINITIALIZED
                  20000000    00000010     rtsv7M4_T_le_v4SPD16_eabi.lib : memory.c.obj (.sysmem)
                  20000010    00007ff0     --HOLE--

.data      0    20008000    000003f6     UNINITIALIZED
                  20008000    00000140     nortos_msp432p4x1xi.aem4f : HwiPMSP432_nortos.oem4f (.data:HwiP_dispatchTable)
                  20008140    00000140     drivers_msp432p4x1xi.aem4f : PowerMSP432.oem4f (.data:PowerMSP432_perfLevels)
                  20008280    00000110                                : PWMTimerMSP432.oem4f (.data:pwmTimerStatus)
                  20008390    0000002c                                : PowerMSP432.oem4f (.data:PowerMSP432_module)
                  200083bc    0000000c     nortos_msp432p4x1xi.aem4f : TimerPMSP432_nortos.oem4f (.data:TimerP_defaultParams)
                  200083c8    00000008     rtsv7M4_T_le_v4SPD16_eabi.lib : _lock.c.obj (.data:$O1$$)
                  200083d0    00000008                                   : memory.c.obj (.data:$O1$$)
                  200083d8    00000008     nortos_msp432p4x1xi.aem4f : SemaphoreP_nortos.oem4f (.data:SemaphoreP_defaultParams)
                  200083e0    00000008                               : ClockPTimer_nortos.oem4f (.data)
                  200083e8    00000008                               : HwiPMSP432_nortos.oem4f (.data)
                  200083f0    00000003                               : SemaphoreP_nortos.oem4f (.data)
                  200083f3    00000001     drivers_msp432p4x1xi.aem4f : PWM.oem4f (.data)
                  200083f4    00000001     nortos_msp432p4x1xi.aem4f : SwiP_nortos.oem4f (.data)
                  200083f5    00000001                               : TimerPMSP432_nortos.oem4f (.data)

.bss       0    200083f8    0000013c     UNINITIALIZED
                  200083f8    000000a0     nortos_msp432p4x1xi.aem4f : ClockPTimer_nortos.oem4f (.bss:ClockP_module)
                  20008498    00000020                               : SwiP_nortos.oem4f (.bss:SwiP_readyList)
                  200084b8    0000001c                               : SwiP_nortos.oem4f (.bss:SwiP_hwiStruct)
                  200084d4    0000001c                               : TimerPMSP432_nortos.oem4f (.bss:TimerP_hwiStruct)
                  200084f0    00000018     (.common:pwmTimerMSP432Objects)
                  20008508    0000000d                               : SwiP_nortos.oem4f (.bss)
                  20008515    00000003     --HOLE--
                  20008518    00000008     msp432p4xx_driverlib.lib : cs.o (.bss)
                  20008520    00000008     nortos_msp432p4x1xi.aem4f : ClockPTimer_nortos.oem4f (.bss:timerFreq)
                  20008528    00000004                               : ClockPTimer_nortos.oem4f (.bss)
                  2000852c    00000004                               : TimerPMSP432_nortos.oem4f (.bss)
                  20008530    00000004     drivers_msp432p4x1xi.aem4f : TimerMSP432.oem4f (.bss:timerState)

.vtable    0    20008800    000000e8     UNINITIALIZED
                  20008800    000000e8     msp432p4xx_driverlib.lib : interrupt.o (.vtable)

.stack     0    2003f000    00001000     UNINITIALIZED
                  2003f000    00000004     rtsv7M4_T_le_v4SPD16_eabi.lib : boot_cortex_m.c.obj (.stack)
                  2003f004    00000ffc     --HOLE--

__llvm_prf_cnts 
*          0    20000000    00000000     UNINITIALIZED

.binit     0    00000000    00000000     

MODULE SUMMARY

       Module                       code    ro data   rw data
       ------                       ----    -------   -------
    .\
       pwmled2.obj                  188     0         0      
       main_nortos.obj              18      0         0      
    +--+----------------------------+-------+---------+---------+
       Total:                       206     0         0      
                                                             
    .\syscfg\
       ti_drivers_config.obj        14      97        48     
    +--+----------------------------+-------+---------+---------+
       Total:                       14      97        48     
                                                             
    C:/ti/simplelink_msp432p4_sdk_3_40_00_05/kernel/nortos/lib/nortos_msp432p4x1xi.aem4f
       ClockPTimer_nortos.oem4f     884     0         360    
       HwiPMSP432_nortos.oem4f      240     0         656    
       TimerPMSP432_nortos.oem4f    760     0         90     
       SwiP_nortos.oem4f            630     16        148    
       startup_msp432_ccs.oem4f     32      324       0      
       SemaphoreP_nortos.oem4f      260     0         22     
       QueueP_nortos.oem4f          100     0         0      
       PowerMSP432_nortos.oem4f     76      0         0      
    +--+----------------------------+-------+---------+---------+
       Total:                       2982    340       1276   
                                                             
    C:/ti/simplelink_msp432p4_sdk_3_40_00_05/source/ti/devices/msp432p4xx/driverlib/ccs/msp432p4xx_driverlib.lib
       pcm.o                        1770    0         0      
       interrupt.o                  440     96        464    
       cs.o                         704     0         16     
       sysctl_a.o                   64      0         0      
       rtc_c.o                      44      0         0      
       wdt_a.o                      36      0         0      
       cpu.o                        28      0         0      
    +--+----------------------------+-------+---------+---------+
       Total:                       3086    96        480    
                                                             
    C:/ti/simplelink_msp432p4_sdk_3_40_00_05/source/ti/drivers/lib/drivers_msp432p4x1xi.aem4f
       PowerMSP432.oem4f            2156    0         728    
       PWMTimerMSP432.oem4f         1980    52        544    
       TimerMSP432.oem4f            204     0         8      
       PWM.oem4f                    172     24        2      
       List.oem4f                   76      0         0      
    +--+----------------------------+-------+---------+---------+
       Total:                       4588    76        1282   
                                                             
    C:\ti\ccs1200\ccs\tools\compiler\ti-cgt-arm_20.2.7.LTS\lib\rtsv7M4_T_le_v4SPD16_eabi.lib
       memory.c.obj                 672     0         16     
       memcpy_t2.asm.obj            156     0         0      
       ull_div_t2.asm.obj           150     0         0      
       copy_decompress_lzss.c.obj   104     0         0      
       autoinit.c.obj               68      0         0      
       boot_cortex_m.c.obj          52      0         0      
       copy_zero_init.c.obj         28      0         0      
       _lock.c.obj                  2       0         16     
       copy_decompress_none.c.obj   14      0         0      
       exit.c.obj                   4       0         0      
       pre_init.c.obj               4       0         0      
       div0.asm.obj                 2       0         0      
    +--+----------------------------+-------+---------+---------+
       Total:                       1256    0         32     
                                                             
       Heap:                        0       0         65536  
       Stack:                       0       0         8192   
       Linker Generated:            0       192       0      
    +--+----------------------------+-------+---------+---------+
       Grand Total:                 12132   801       76846  


LINKER GENERATED COPY TABLES

__TI_cinit_table @ 00003270 records: 3, size/record: 8, table size: 24
	.data: load addr=000031c8, load size=0000008c bytes, run addr=20008000, run size=000003f6 bytes, compression=lzss
	.bss: load addr=00003260, load size=00000008 bytes, run addr=200083f8, run size=0000013c bytes, compression=zero_init
	.vtable: load addr=00003268, load size=00000008 bytes, run addr=20008800, run size=000000e8 bytes, compression=zero_init


LINKER GENERATED HANDLER TABLE

__TI_handler_table @ 00003254 records: 3, size/record: 4, table size: 12
	index: 0, handler: __TI_decompress_lzss
	index: 1, handler: __TI_decompress_none
	index: 2, handler: __TI_zero_init


GLOBAL SYMBOLS: SORTED ALPHABETICALLY BY Name 

address   name                              
-------   ----                              
00002feb  Board_init                        
000006a3  Board_initHook                    
000030a3  C$$EXIT                           
00002ff7  CPU_cpsid                         
00003003  CPU_cpsie                         
00003083  CPU_wfi                           
00002cd9  CS_setExternalClockSourceFrequency
00000fa9  CS_startHFXTWithTimeout           
00001171  CS_startLFXTWithTimeout           
00002cf9  ClockP_add                        
00002de7  ClockP_destruct                   
00003011  ClockP_doTick                     
00002c25  ClockP_getTicks                   
00003087  ClockP_isActive                   
00002c49  ClockP_scheduleNextTick           
00001cbd  ClockP_start                      
000015a1  ClockP_startup                    
200083e4  ClockP_tickPeriod                 
00002161  ClockP_usleep                     
00001eb9  ClockP_walkQueueDynamic           
00001655  ClockP_workFuncDynamic            
00002edd  HwiP_Params_init                  
00001fa9  HwiP_construct                    
00002abd  HwiP_create                       
00002f01  HwiP_disable                      
00002c6d  HwiP_dispatch                     
0000308b  HwiP_enable                       
200083e8  HwiP_key                          
0000308f  HwiP_post                         
00003061  HwiP_restore                      
200083ec  HwiP_swiPIntNum                   
00002f11  Interrupt_disableMaster           
00001d3d  Interrupt_enableInterrupt         
00002f21  Interrupt_enableMaster            
000021c9  Interrupt_pendInterrupt           
00002431  Interrupt_registerInterrupt       
00002541  Interrupt_setPriority             
00002bb1  List_put                          
00002bd7  List_remove                       
0000308b  NoRTOS_start                      
000023d1  PCM_getCoreVoltageLevel           
0000248d  PCM_getPowerMode                  
00002e79  PCM_getPowerState                 
00002ae9  PCM_gotoLPM0                      
00001bb5  PCM_gotoLPM3                      
00002f31  PCM_gotoLPM4                      
00002f41  PCM_setPowerMode                  
00002f51  PCM_setPowerState                 
00002595  PCM_shutdownDevice                
00001b2d  PWMTimerMSP432_close              
00003071  PWMTimerMSP432_control            
00003130  PWMTimerMSP432_fxnTable           
00001a0b  PWMTimerMSP432_init               
00000929  PWMTimerMSP432_open               
00001a0d  PWMTimerMSP432_setDuty            
00003077  PWMTimerMSP432_setDutyAndPeriod   
00000c8d  PWMTimerMSP432_setPeriod          
00001dbd  PWMTimerMSP432_start              
000017a1  PWMTimerMSP432_stop               
00002e8d  PWM_Params_init                   
00003154  PWM_config                        
000031c4  PWM_count                         
0000316c  PWM_defaultParams                 
00002771  PWM_init                          
00002881  PWM_open                          
0000304d  PWM_setDuty                       
00003057  PWM_start                         
000030f8  PowerMSP432_config                
00002231  PowerMSP432_getFreqs              
00002f61  PowerMSP432_getNumPerfLevels      
0000215f  PowerMSP432_initPolicy            
20008390  PowerMSP432_module                
20008140  PowerMSP432_perfLevels            
000026e1  PowerMSP432_sleepPolicy           
0000242f  PowerMSP432_updateFreqs           
00002f71  Power_enablePolicy                
0000301d  Power_getConstraintMask           
00003029  Power_getPerformanceLevel         
00002ea1  Power_idleFunc                    
00001aa1  Power_init                        
00002b11  Power_registerNotify              
00002729  Power_releaseConstraint           
000029bd  Power_setConstraint               
00000145  Power_sleep                       
00002d19  Power_unregisterNotify            
00002fc1  QueueP_empty                      
00002dcd  QueueP_get                        
00003093  QueueP_head                       
0000307d  QueueP_init                       
00003097  QueueP_next                       
00002d39  QueueP_put                        
00002fcf  QueueP_remove                     
00002a91  RTC_C_holdClock                   
00002f81  SemaphoreP_Params_init            
00002691  SemaphoreP_construct              
200083d8  SemaphoreP_defaultParams          
000024e7  SemaphoreP_destruct               
00001701  SemaphoreP_pend                   
00002f91  SwiP_Params_init                  
0000140d  SwiP_construct                    
00002d79  SwiP_disable                      
0000183d  SwiP_dispatch                     
00002299  SwiP_post                         
000027b5  SwiP_restore                      
00002e01  SysCtl_A_disableNMISource         
00002e19  SysCtl_A_enableNMISource          
00002fa1  SysCtl_A_getNMISourceStatus       
00001f31  TimerMSP432_allocateTimerResource 
000025e9  TimerMSP432_freeTimerResource     
00002fb1  TimerP_Params_init                
00001251  TimerP_construct                  
000024e9  TimerP_dynamicStub                
0000263d  TimerP_getCount64                 
00002089  TimerP_getCurrentTick             
00003035  TimerP_getFreq                    
00003041  TimerP_getMaxTicks                
00002981  TimerP_initDevice                 
000028c1  TimerP_setNextTick                
0000309b  TimerP_setPeriod                  
000027f9  TimerP_start                      
4000480c  WDTCTL_SYM                        
00002c91  WDT_A_holdTimer                   
20040000  __STACK_END                       
00001000  __STACK_SIZE                      
00008000  __SYSMEM_SIZE                     
00003270  __TI_CINIT_Base                   
00003288  __TI_CINIT_Limit                  
00003254  __TI_Handler_Table_Base           
00003260  __TI_Handler_Table_Limit          
0000283d  __TI_auto_init_nobinit_nopinit    
00002301  __TI_decompress_lzss              
00002fdd  __TI_decompress_none              
ffffffff  __TI_pprof_out_hndl               
ffffffff  __TI_prof_data_size               
ffffffff  __TI_prof_data_start              
000031c8  __TI_static_base__                
00002d95  __TI_zero_init_nomemset           
000030a7  __aeabi_idiv0                     
000030a7  __aeabi_ldiv0                     
000018d9  __aeabi_memcpy                    
000018d9  __aeabi_memcpy4                   
000018d9  __aeabi_memcpy8                   
00001975  __aeabi_uldivmod                  
ffffffff  __binit__                         
ffffffff  __c_args__                        
UNDEFED   __mpu_init                        
2003f000  __stack                           
20000000  __start___llvm_prf_cnts           
20000000  __stop___llvm_prf_cnts            
00002a2d  _c_int00_noargs                   
200083c8  _lock                             
00002ae7  _nop                              
20000000  _sys_memory                       
UNDEFED   _system_post_cinit                
0000309f  _system_pre_init                  
200083cc  _unlock                           
000030a3  abort                             
00000ea9  aligned_alloc                     
ffffffff  binit                             
00002d77  clkFxn                            
0000108d  free                              
20008800  g_pfnRAMVectors                   
00000000  interruptVectors                  
00002eef  main                              
000014e5  mainThread                        
00003069  malloc                            
00000ea9  memalign                          
000018d9  memcpy                            
000031a4  pwmTimerMSP432HWAttrs             
200084f0  pwmTimerMSP432Objects             
00002e49  resetISR                          
00002161  usleep                            


GLOBAL SYMBOLS: SORTED BY Symbol Address 

address   name                              
-------   ----                              
00000000  interruptVectors                  
00000145  Power_sleep                       
000006a3  Board_initHook                    
00000929  PWMTimerMSP432_open               
00000c8d  PWMTimerMSP432_setPeriod          
00000ea9  aligned_alloc                     
00000ea9  memalign                          
00000fa9  CS_startHFXTWithTimeout           
00001000  __STACK_SIZE                      
0000108d  free                              
00001171  CS_startLFXTWithTimeout           
00001251  TimerP_construct                  
0000140d  SwiP_construct                    
000014e5  mainThread                        
000015a1  ClockP_startup                    
00001655  ClockP_workFuncDynamic            
00001701  SemaphoreP_pend                   
000017a1  PWMTimerMSP432_stop               
0000183d  SwiP_dispatch                     
000018d9  __aeabi_memcpy                    
000018d9  __aeabi_memcpy4                   
000018d9  __aeabi_memcpy8                   
000018d9  memcpy                            
00001975  __aeabi_uldivmod                  
00001a0b  PWMTimerMSP432_init               
00001a0d  PWMTimerMSP432_setDuty            
00001aa1  Power_init                        
00001b2d  PWMTimerMSP432_close              
00001bb5  PCM_gotoLPM3                      
00001cbd  ClockP_start                      
00001d3d  Interrupt_enableInterrupt         
00001dbd  PWMTimerMSP432_start              
00001eb9  ClockP_walkQueueDynamic           
00001f31  TimerMSP432_allocateTimerResource 
00001fa9  HwiP_construct                    
00002089  TimerP_getCurrentTick             
0000215f  PowerMSP432_initPolicy            
00002161  ClockP_usleep                     
00002161  usleep                            
000021c9  Interrupt_pendInterrupt           
00002231  PowerMSP432_getFreqs              
00002299  SwiP_post                         
00002301  __TI_decompress_lzss              
000023d1  PCM_getCoreVoltageLevel           
0000242f  PowerMSP432_updateFreqs           
00002431  Interrupt_registerInterrupt       
0000248d  PCM_getPowerMode                  
000024e7  SemaphoreP_destruct               
000024e9  TimerP_dynamicStub                
00002541  Interrupt_setPriority             
00002595  PCM_shutdownDevice                
000025e9  TimerMSP432_freeTimerResource     
0000263d  TimerP_getCount64                 
00002691  SemaphoreP_construct              
000026e1  PowerMSP432_sleepPolicy           
00002729  Power_releaseConstraint           
00002771  PWM_init                          
000027b5  SwiP_restore                      
000027f9  TimerP_start                      
0000283d  __TI_auto_init_nobinit_nopinit    
00002881  PWM_open                          
000028c1  TimerP_setNextTick                
00002981  TimerP_initDevice                 
000029bd  Power_setConstraint               
00002a2d  _c_int00_noargs                   
00002a91  RTC_C_holdClock                   
00002abd  HwiP_create                       
00002ae7  _nop                              
00002ae9  PCM_gotoLPM0                      
00002b11  Power_registerNotify              
00002bb1  List_put                          
00002bd7  List_remove                       
00002c25  ClockP_getTicks                   
00002c49  ClockP_scheduleNextTick           
00002c6d  HwiP_dispatch                     
00002c91  WDT_A_holdTimer                   
00002cd9  CS_setExternalClockSourceFrequency
00002cf9  ClockP_add                        
00002d19  Power_unregisterNotify            
00002d39  QueueP_put                        
00002d77  clkFxn                            
00002d79  SwiP_disable                      
00002d95  __TI_zero_init_nomemset           
00002dcd  QueueP_get                        
00002de7  ClockP_destruct                   
00002e01  SysCtl_A_disableNMISource         
00002e19  SysCtl_A_enableNMISource          
00002e49  resetISR                          
00002e79  PCM_getPowerState                 
00002e8d  PWM_Params_init                   
00002ea1  Power_idleFunc                    
00002edd  HwiP_Params_init                  
00002eef  main                              
00002f01  HwiP_disable                      
00002f11  Interrupt_disableMaster           
00002f21  Interrupt_enableMaster            
00002f31  PCM_gotoLPM4                      
00002f41  PCM_setPowerMode                  
00002f51  PCM_setPowerState                 
00002f61  PowerMSP432_getNumPerfLevels      
00002f71  Power_enablePolicy                
00002f81  SemaphoreP_Params_init            
00002f91  SwiP_Params_init                  
00002fa1  SysCtl_A_getNMISourceStatus       
00002fb1  TimerP_Params_init                
00002fc1  QueueP_empty                      
00002fcf  QueueP_remove                     
00002fdd  __TI_decompress_none              
00002feb  Board_init                        
00002ff7  CPU_cpsid                         
00003003  CPU_cpsie                         
00003011  ClockP_doTick                     
0000301d  Power_getConstraintMask           
00003029  Power_getPerformanceLevel         
00003035  TimerP_getFreq                    
00003041  TimerP_getMaxTicks                
0000304d  PWM_setDuty                       
00003057  PWM_start                         
00003061  HwiP_restore                      
00003069  malloc                            
00003071  PWMTimerMSP432_control            
00003077  PWMTimerMSP432_setDutyAndPeriod   
0000307d  QueueP_init                       
00003083  CPU_wfi                           
00003087  ClockP_isActive                   
0000308b  HwiP_enable                       
0000308b  NoRTOS_start                      
0000308f  HwiP_post                         
00003093  QueueP_head                       
00003097  QueueP_next                       
0000309b  TimerP_setPeriod                  
0000309f  _system_pre_init                  
000030a3  C$$EXIT                           
000030a3  abort                             
000030a7  __aeabi_idiv0                     
000030a7  __aeabi_ldiv0                     
000030f8  PowerMSP432_config                
00003130  PWMTimerMSP432_fxnTable           
00003154  PWM_config                        
0000316c  PWM_defaultParams                 
000031a4  pwmTimerMSP432HWAttrs             
000031c4  PWM_count                         
000031c8  __TI_static_base__                
00003254  __TI_Handler_Table_Base           
00003260  __TI_Handler_Table_Limit          
00003270  __TI_CINIT_Base                   
00003288  __TI_CINIT_Limit                  
00008000  __SYSMEM_SIZE                     
20000000  __start___llvm_prf_cnts           
20000000  __stop___llvm_prf_cnts            
20000000  _sys_memory                       
20008140  PowerMSP432_perfLevels            
20008390  PowerMSP432_module                
200083c8  _lock                             
200083cc  _unlock                           
200083d8  SemaphoreP_defaultParams          
200083e4  ClockP_tickPeriod                 
200083e8  HwiP_key                          
200083ec  HwiP_swiPIntNum                   
200084f0  pwmTimerMSP432Objects             
20008800  g_pfnRAMVectors                   
2003f000  __stack                           
20040000  __STACK_END                       
4000480c  WDTCTL_SYM                        
ffffffff  __TI_pprof_out_hndl               
ffffffff  __TI_prof_data_size               
ffffffff  __TI_prof_data_start              
ffffffff  __binit__                         
ffffffff  __c_args__                        
ffffffff  binit                             
UNDEFED   __mpu_init                        
UNDEFED   _system_post_cinit                

[172 symbols]
