<?xml version="1.0" encoding="ISO-8859-1" ?>
<link_info>
   <banner>TI ARM Linker PC v20.2.7.LTS</banner>
   <copyright>Copyright (c) 1996-2018 Texas Instruments Incorporated</copyright>
   <link_time>0x6316df4a</link_time>
   <link_errors>0x0</link_errors>
   <output_file>pwmled2_MSP_EXP432P4111_nortos_ccs.out</output_file>
   <entry_point>
      <name>resetISR</name>
      <address>0x2e49</address>
   </entry_point>
   <input_file_list>
      <input_file id="fl-2">
         <path>.\</path>
         <kind>object</kind>
         <file>main_nortos.obj</file>
         <name>main_nortos.obj</name>
      </input_file>
      <input_file id="fl-3">
         <path>.\</path>
         <kind>object</kind>
         <file>pwmled2.obj</file>
         <name>pwmled2.obj</name>
      </input_file>
      <input_file id="fl-4">
         <path>.\syscfg\</path>
         <kind>object</kind>
         <file>ti_drivers_config.obj</file>
         <name>ti_drivers_config.obj</name>
      </input_file>
      <input_file id="fl-f">
         <kind>object</kind>
         <file>&lt;internal&gt;</file>
         <name>&lt;internal&gt;</name>
      </input_file>
      <input_file id="fl-10">
         <path>C:\ti\simplelink_msp432p4_sdk_3_40_00_05\source\ti\drivers\lib\</path>
         <kind>archive</kind>
         <file>drivers_msp432p4x1xi.aem4f</file>
         <name>PowerMSP432.oem4f</name>
      </input_file>
      <input_file id="fl-11">
         <path>C:\ti\simplelink_msp432p4_sdk_3_40_00_05\source\ti\drivers\lib\</path>
         <kind>archive</kind>
         <file>drivers_msp432p4x1xi.aem4f</file>
         <name>PWM.oem4f</name>
      </input_file>
      <input_file id="fl-12">
         <path>C:\ti\simplelink_msp432p4_sdk_3_40_00_05\source\ti\drivers\lib\</path>
         <kind>archive</kind>
         <file>drivers_msp432p4x1xi.aem4f</file>
         <name>PWMTimerMSP432.oem4f</name>
      </input_file>
      <input_file id="fl-13">
         <path>C:\ti\simplelink_msp432p4_sdk_3_40_00_05\source\ti\drivers\lib\</path>
         <kind>archive</kind>
         <file>drivers_msp432p4x1xi.aem4f</file>
         <name>TimerMSP432.oem4f</name>
      </input_file>
      <input_file id="fl-14">
         <path>C:\ti\simplelink_msp432p4_sdk_3_40_00_05\source\ti\drivers\lib\</path>
         <kind>archive</kind>
         <file>drivers_msp432p4x1xi.aem4f</file>
         <name>List.oem4f</name>
      </input_file>
      <input_file id="fl-15">
         <path>C:\ti\simplelink_msp432p4_sdk_3_40_00_05\kernel\nortos\lib\</path>
         <kind>archive</kind>
         <file>nortos_msp432p4x1xi.aem4f</file>
         <name>posix_sleep.oem4f</name>
      </input_file>
      <input_file id="fl-16">
         <path>C:\ti\simplelink_msp432p4_sdk_3_40_00_05\kernel\nortos\lib\</path>
         <kind>archive</kind>
         <file>nortos_msp432p4x1xi.aem4f</file>
         <name>NoRTOS.oem4f</name>
      </input_file>
      <input_file id="fl-17">
         <path>C:\ti\simplelink_msp432p4_sdk_3_40_00_05\kernel\nortos\lib\</path>
         <kind>archive</kind>
         <file>nortos_msp432p4x1xi.aem4f</file>
         <name>SemaphoreP_nortos.oem4f</name>
      </input_file>
      <input_file id="fl-18">
         <path>C:\ti\simplelink_msp432p4_sdk_3_40_00_05\kernel\nortos\lib\</path>
         <kind>archive</kind>
         <file>nortos_msp432p4x1xi.aem4f</file>
         <name>PowerMSP432_nortos.oem4f</name>
      </input_file>
      <input_file id="fl-19">
         <path>C:\ti\simplelink_msp432p4_sdk_3_40_00_05\kernel\nortos\lib\</path>
         <kind>archive</kind>
         <file>nortos_msp432p4x1xi.aem4f</file>
         <name>ClockPTimer_nortos.oem4f</name>
      </input_file>
      <input_file id="fl-1a">
         <path>C:\ti\simplelink_msp432p4_sdk_3_40_00_05\kernel\nortos\lib\</path>
         <kind>archive</kind>
         <file>nortos_msp432p4x1xi.aem4f</file>
         <name>TimerPMSP432_nortos.oem4f</name>
      </input_file>
      <input_file id="fl-1b">
         <path>C:\ti\simplelink_msp432p4_sdk_3_40_00_05\kernel\nortos\lib\</path>
         <kind>archive</kind>
         <file>nortos_msp432p4x1xi.aem4f</file>
         <name>HwiPMSP432_nortos.oem4f</name>
      </input_file>
      <input_file id="fl-1c">
         <path>C:\ti\simplelink_msp432p4_sdk_3_40_00_05\kernel\nortos\lib\</path>
         <kind>archive</kind>
         <file>nortos_msp432p4x1xi.aem4f</file>
         <name>startup_msp432_ccs.oem4f</name>
      </input_file>
      <input_file id="fl-1d">
         <path>C:\ti\simplelink_msp432p4_sdk_3_40_00_05\kernel\nortos\lib\</path>
         <kind>archive</kind>
         <file>nortos_msp432p4x1xi.aem4f</file>
         <name>QueueP_nortos.oem4f</name>
      </input_file>
      <input_file id="fl-1e">
         <path>C:\ti\simplelink_msp432p4_sdk_3_40_00_05\kernel\nortos\lib\</path>
         <kind>archive</kind>
         <file>nortos_msp432p4x1xi.aem4f</file>
         <name>SwiP_nortos.oem4f</name>
      </input_file>
      <input_file id="fl-1f">
         <path>C:\ti\simplelink_msp432p4_sdk_3_40_00_05\source\ti\devices\msp432p4xx\driverlib\ccs\</path>
         <kind>archive</kind>
         <file>msp432p4xx_driverlib.lib</file>
         <name>cs.o</name>
      </input_file>
      <input_file id="fl-20">
         <path>C:\ti\simplelink_msp432p4_sdk_3_40_00_05\source\ti\devices\msp432p4xx\driverlib\ccs\</path>
         <kind>archive</kind>
         <file>msp432p4xx_driverlib.lib</file>
         <name>interrupt.o</name>
      </input_file>
      <input_file id="fl-21">
         <path>C:\ti\simplelink_msp432p4_sdk_3_40_00_05\source\ti\devices\msp432p4xx\driverlib\ccs\</path>
         <kind>archive</kind>
         <file>msp432p4xx_driverlib.lib</file>
         <name>pcm.o</name>
      </input_file>
      <input_file id="fl-22">
         <path>C:\ti\simplelink_msp432p4_sdk_3_40_00_05\source\ti\devices\msp432p4xx\driverlib\ccs\</path>
         <kind>archive</kind>
         <file>msp432p4xx_driverlib.lib</file>
         <name>rtc_c.o</name>
      </input_file>
      <input_file id="fl-23">
         <path>C:\ti\simplelink_msp432p4_sdk_3_40_00_05\source\ti\devices\msp432p4xx\driverlib\ccs\</path>
         <kind>archive</kind>
         <file>msp432p4xx_driverlib.lib</file>
         <name>sysctl_a.o</name>
      </input_file>
      <input_file id="fl-24">
         <path>C:\ti\simplelink_msp432p4_sdk_3_40_00_05\source\ti\devices\msp432p4xx\driverlib\ccs\</path>
         <kind>archive</kind>
         <file>msp432p4xx_driverlib.lib</file>
         <name>wdt_a.o</name>
      </input_file>
      <input_file id="fl-25">
         <path>C:\ti\simplelink_msp432p4_sdk_3_40_00_05\source\ti\devices\msp432p4xx\driverlib\ccs\</path>
         <kind>archive</kind>
         <file>msp432p4xx_driverlib.lib</file>
         <name>cpu.o</name>
      </input_file>
      <input_file id="fl-db">
         <path>C:\ti\ccs1200\ccs\tools\compiler\ti-cgt-arm_20.2.7.LTS\lib\</path>
         <kind>archive</kind>
         <file>rtsv7M4_T_le_v4SPD16_eabi.lib</file>
         <name>memcpy_t2.asm.obj</name>
      </input_file>
      <input_file id="fl-dc">
         <path>C:\ti\ccs1200\ccs\tools\compiler\ti-cgt-arm_20.2.7.LTS\lib\</path>
         <kind>archive</kind>
         <file>rtsv7M4_T_le_v4SPD16_eabi.lib</file>
         <name>ull_div_t2.asm.obj</name>
      </input_file>
      <input_file id="fl-dd">
         <path>C:\ti\ccs1200\ccs\tools\compiler\ti-cgt-arm_20.2.7.LTS\lib\</path>
         <kind>archive</kind>
         <file>rtsv7M4_T_le_v4SPD16_eabi.lib</file>
         <name>copy_zero_init.c.obj</name>
      </input_file>
      <input_file id="fl-de">
         <path>C:\ti\ccs1200\ccs\tools\compiler\ti-cgt-arm_20.2.7.LTS\lib\</path>
         <kind>archive</kind>
         <file>rtsv7M4_T_le_v4SPD16_eabi.lib</file>
         <name>copy_decompress_none.c.obj</name>
      </input_file>
      <input_file id="fl-df">
         <path>C:\ti\ccs1200\ccs\tools\compiler\ti-cgt-arm_20.2.7.LTS\lib\</path>
         <kind>archive</kind>
         <file>rtsv7M4_T_le_v4SPD16_eabi.lib</file>
         <name>copy_decompress_lzss.c.obj</name>
      </input_file>
      <input_file id="fl-e0">
         <path>C:\ti\ccs1200\ccs\tools\compiler\ti-cgt-arm_20.2.7.LTS\lib\</path>
         <kind>archive</kind>
         <file>rtsv7M4_T_le_v4SPD16_eabi.lib</file>
         <name>memory.c.obj</name>
      </input_file>
      <input_file id="fl-e1">
         <path>C:\ti\ccs1200\ccs\tools\compiler\ti-cgt-arm_20.2.7.LTS\lib\</path>
         <kind>archive</kind>
         <file>rtsv7M4_T_le_v4SPD16_eabi.lib</file>
         <name>boot_cortex_m.c.obj</name>
      </input_file>
      <input_file id="fl-e2">
         <path>C:\ti\ccs1200\ccs\tools\compiler\ti-cgt-arm_20.2.7.LTS\lib\</path>
         <kind>archive</kind>
         <file>rtsv7M4_T_le_v4SPD16_eabi.lib</file>
         <name>div0.asm.obj</name>
      </input_file>
      <input_file id="fl-e3">
         <path>C:\ti\ccs1200\ccs\tools\compiler\ti-cgt-arm_20.2.7.LTS\lib\</path>
         <kind>archive</kind>
         <file>rtsv7M4_T_le_v4SPD16_eabi.lib</file>
         <name>memset_t2.asm.obj</name>
      </input_file>
      <input_file id="fl-e4">
         <path>C:\ti\ccs1200\ccs\tools\compiler\ti-cgt-arm_20.2.7.LTS\lib\</path>
         <kind>archive</kind>
         <file>rtsv7M4_T_le_v4SPD16_eabi.lib</file>
         <name>autoinit.c.obj</name>
      </input_file>
      <input_file id="fl-e5">
         <path>C:\ti\ccs1200\ccs\tools\compiler\ti-cgt-arm_20.2.7.LTS\lib\</path>
         <kind>archive</kind>
         <file>rtsv7M4_T_le_v4SPD16_eabi.lib</file>
         <name>pre_init.c.obj</name>
      </input_file>
      <input_file id="fl-e6">
         <path>C:\ti\ccs1200\ccs\tools\compiler\ti-cgt-arm_20.2.7.LTS\lib\</path>
         <kind>archive</kind>
         <file>rtsv7M4_T_le_v4SPD16_eabi.lib</file>
         <name>cpy_tbl.c.obj</name>
      </input_file>
      <input_file id="fl-e7">
         <path>C:\ti\ccs1200\ccs\tools\compiler\ti-cgt-arm_20.2.7.LTS\lib\</path>
         <kind>archive</kind>
         <file>rtsv7M4_T_le_v4SPD16_eabi.lib</file>
         <name>exit.c.obj</name>
      </input_file>
      <input_file id="fl-e8">
         <path>C:\ti\ccs1200\ccs\tools\compiler\ti-cgt-arm_20.2.7.LTS\lib\</path>
         <kind>archive</kind>
         <file>rtsv7M4_T_le_v4SPD16_eabi.lib</file>
         <name>_lock.c.obj</name>
      </input_file>
      <input_file id="fl-e9">
         <path>C:\ti\ccs1200\ccs\tools\compiler\ti-cgt-arm_20.2.7.LTS\lib\</path>
         <kind>archive</kind>
         <file>rtsv7M4_T_le_v4SPD16_eabi.lib</file>
         <name>args_main.c.obj</name>
      </input_file>
   </input_file_list>
   <object_component_list>
      <object_component id="oc-409">
         <name>.text:Power_sleep</name>
         <load_address>0x144</load_address>
         <run_address>0x144</run_address>
         <size>0x2d4</size>
         <input_file_ref idref="fl-10"/>
      </object_component>
      <object_component id="oc-3b6">
         <name>.text:__PCM_setPowerStateAdvanced</name>
         <load_address>0x418</load_address>
         <run_address>0x418</run_address>
         <size>0x28a</size>
         <input_file_ref idref="fl-21"/>
      </object_component>
      <object_component id="oc-198">
         <name>.text:Board_initHook</name>
         <load_address>0x6a2</load_address>
         <run_address>0x6a2</run_address>
         <size>0x2</size>
         <input_file_ref idref="fl-4"/>
      </object_component>
      <object_component id="oc-1f9">
         <name>.text:initPerfControl</name>
         <load_address>0x6a4</load_address>
         <run_address>0x6a4</run_address>
         <size>0x284</size>
         <input_file_ref idref="fl-10"/>
      </object_component>
      <object_component id="oc-428">
         <name>.text:PWMTimerMSP432_open</name>
         <load_address>0x928</load_address>
         <run_address>0x928</run_address>
         <size>0x208</size>
         <input_file_ref idref="fl-12"/>
      </object_component>
      <object_component id="oc-4fc">
         <name>.text:__PCM_setPowerModeAdvanced</name>
         <load_address>0xb30</load_address>
         <run_address>0xb30</run_address>
         <size>0x15c</size>
         <input_file_ref idref="fl-21"/>
      </object_component>
      <object_component id="oc-434">
         <name>.text:PWMTimerMSP432_setPeriod</name>
         <load_address>0xc8c</load_address>
         <run_address>0xc8c</run_address>
         <size>0x114</size>
         <input_file_ref idref="fl-12"/>
      </object_component>
      <object_component id="oc-4f6">
         <name>.text:__PCM_setCoreVoltageLevelAdvanced</name>
         <load_address>0xda0</load_address>
         <run_address>0xda0</run_address>
         <size>0x108</size>
         <input_file_ref idref="fl-21"/>
      </object_component>
      <object_component id="oc-3c9">
         <name>.text:aligned_alloc</name>
         <load_address>0xea8</load_address>
         <run_address>0xea8</run_address>
         <size>0x100</size>
         <input_file_ref idref="fl-e0"/>
      </object_component>
      <object_component id="oc-2af">
         <name>.text:CS_startHFXTWithTimeout</name>
         <load_address>0xfa8</load_address>
         <run_address>0xfa8</run_address>
         <size>0xe4</size>
         <input_file_ref idref="fl-1f"/>
      </object_component>
      <object_component id="oc-2d9">
         <name>.text:free</name>
         <load_address>0x108c</load_address>
         <run_address>0x108c</run_address>
         <size>0xe4</size>
         <input_file_ref idref="fl-e0"/>
      </object_component>
      <object_component id="oc-2b5">
         <name>.text:CS_startLFXTWithTimeout</name>
         <load_address>0x1170</load_address>
         <run_address>0x1170</run_address>
         <size>0xe0</size>
         <input_file_ref idref="fl-1f"/>
      </object_component>
      <object_component id="oc-31a">
         <name>.text:TimerP_construct</name>
         <load_address>0x1250</load_address>
         <run_address>0x1250</run_address>
         <size>0xe0</size>
         <input_file_ref idref="fl-1a"/>
      </object_component>
      <object_component id="oc-3a8">
         <name>.text:_CSGetHFXTFrequency</name>
         <load_address>0x1330</load_address>
         <run_address>0x1330</run_address>
         <size>0xdc</size>
         <input_file_ref idref="fl-1f"/>
      </object_component>
      <object_component id="oc-30e">
         <name>.text:SwiP_construct</name>
         <load_address>0x140c</load_address>
         <run_address>0x140c</run_address>
         <size>0xd8</size>
         <input_file_ref idref="fl-1e"/>
      </object_component>
      <object_component id="oc-11c">
         <name>.text:mainThread</name>
         <load_address>0x14e4</load_address>
         <run_address>0x14e4</run_address>
         <size>0xbc</size>
         <input_file_ref idref="fl-3"/>
      </object_component>
      <object_component id="oc-237">
         <name>.text:ClockP_startup</name>
         <load_address>0x15a0</load_address>
         <run_address>0x15a0</run_address>
         <size>0xb4</size>
         <input_file_ref idref="fl-19"/>
      </object_component>
      <object_component id="oc-32c">
         <name>.text:ClockP_workFuncDynamic</name>
         <load_address>0x1654</load_address>
         <run_address>0x1654</run_address>
         <size>0xac</size>
         <input_file_ref idref="fl-19"/>
      </object_component>
      <object_component id="oc-354">
         <name>.text:SemaphoreP_pend</name>
         <load_address>0x1700</load_address>
         <run_address>0x1700</run_address>
         <size>0xa0</size>
         <input_file_ref idref="fl-17"/>
      </object_component>
      <object_component id="oc-446">
         <name>.text:PWMTimerMSP432_stop</name>
         <load_address>0x17a0</load_address>
         <run_address>0x17a0</run_address>
         <size>0x9c</size>
         <input_file_ref idref="fl-12"/>
      </object_component>
      <object_component id="oc-5e9">
         <name>.text:SwiP_dispatch</name>
         <load_address>0x183c</load_address>
         <run_address>0x183c</run_address>
         <size>0x9c</size>
         <input_file_ref idref="fl-1e"/>
      </object_component>
      <object_component id="oc-3a">
         <name>.text</name>
         <load_address>0x18d8</load_address>
         <run_address>0x18d8</run_address>
         <size>0x9c</size>
         <input_file_ref idref="fl-db"/>
      </object_component>
      <object_component id="oc-5fc">
         <name>.text</name>
         <load_address>0x1974</load_address>
         <run_address>0x1974</run_address>
         <size>0x96</size>
         <input_file_ref idref="fl-dc"/>
      </object_component>
      <object_component id="oc-422">
         <name>.text:PWMTimerMSP432_init</name>
         <load_address>0x1a0a</load_address>
         <run_address>0x1a0a</run_address>
         <size>0x2</size>
         <input_file_ref idref="fl-12"/>
      </object_component>
      <object_component id="oc-42e">
         <name>.text:PWMTimerMSP432_setDuty</name>
         <load_address>0x1a0c</load_address>
         <run_address>0x1a0c</run_address>
         <size>0x94</size>
         <input_file_ref idref="fl-12"/>
      </object_component>
      <object_component id="oc-192">
         <name>.text:Power_init</name>
         <load_address>0x1aa0</load_address>
         <run_address>0x1aa0</run_address>
         <size>0x8c</size>
         <input_file_ref idref="fl-10"/>
      </object_component>
      <object_component id="oc-416">
         <name>.text:PWMTimerMSP432_close</name>
         <load_address>0x1b2c</load_address>
         <run_address>0x1b2c</run_address>
         <size>0x88</size>
         <input_file_ref idref="fl-12"/>
      </object_component>
      <object_component id="oc-508">
         <name>.text:PCM_gotoLPM3</name>
         <load_address>0x1bb4</load_address>
         <run_address>0x1bb4</run_address>
         <size>0x84</size>
         <input_file_ref idref="fl-21"/>
      </object_component>
      <object_component id="oc-54e">
         <name>.text:restartHFXT</name>
         <load_address>0x1c38</load_address>
         <run_address>0x1c38</run_address>
         <size>0x84</size>
         <input_file_ref idref="fl-10"/>
      </object_component>
      <object_component id="oc-4c7">
         <name>.text:ClockP_start</name>
         <load_address>0x1cbc</load_address>
         <run_address>0x1cbc</run_address>
         <size>0x80</size>
         <input_file_ref idref="fl-19"/>
      </object_component>
      <object_component id="oc-3dc">
         <name>.text:Interrupt_enableInterrupt</name>
         <load_address>0x1d3c</load_address>
         <run_address>0x1d3c</run_address>
         <size>0x80</size>
         <input_file_ref idref="fl-20"/>
      </object_component>
      <object_component id="oc-440">
         <name>.text:PWMTimerMSP432_start</name>
         <load_address>0x1dbc</load_address>
         <run_address>0x1dbc</run_address>
         <size>0x80</size>
         <input_file_ref idref="fl-12"/>
      </object_component>
      <object_component id="oc-5a7">
         <name>.text:setConstraints</name>
         <load_address>0x1e3c</load_address>
         <run_address>0x1e3c</run_address>
         <size>0x7c</size>
         <input_file_ref idref="fl-12"/>
      </object_component>
      <object_component id="oc-498">
         <name>.text:ClockP_walkQueueDynamic</name>
         <load_address>0x1eb8</load_address>
         <run_address>0x1eb8</run_address>
         <size>0x78</size>
         <input_file_ref idref="fl-19"/>
      </object_component>
      <object_component id="oc-5a1">
         <name>.text:TimerMSP432_allocateTimerResource</name>
         <load_address>0x1f30</load_address>
         <run_address>0x1f30</run_address>
         <size>0x78</size>
         <input_file_ref idref="fl-13"/>
      </object_component>
      <object_component id="oc-2d3">
         <name>.text:HwiP_construct</name>
         <load_address>0x1fa8</load_address>
         <run_address>0x1fa8</run_address>
         <size>0x70</size>
         <input_file_ref idref="fl-1b"/>
      </object_component>
      <object_component id="oc-51d">
         <name>.text:split</name>
         <load_address>0x2018</load_address>
         <run_address>0x2018</run_address>
         <size>0x70</size>
         <input_file_ref idref="fl-e0"/>
      </object_component>
      <object_component id="oc-492">
         <name>.text:TimerP_getCurrentTick</name>
         <load_address>0x2088</load_address>
         <run_address>0x2088</run_address>
         <size>0x6c</size>
         <input_file_ref idref="fl-1a"/>
      </object_component>
      <object_component id="oc-5c5">
         <name>.text:perfChangeNotifyFxn</name>
         <load_address>0x20f4</load_address>
         <run_address>0x20f4</run_address>
         <size>0x6a</size>
         <input_file_ref idref="fl-12"/>
      </object_component>
      <object_component id="oc-2e2">
         <name>.text:PowerMSP432_initPolicy</name>
         <load_address>0x215e</load_address>
         <run_address>0x215e</run_address>
         <size>0x2</size>
         <input_file_ref idref="fl-18"/>
      </object_component>
      <object_component id="oc-1c4">
         <name>.text:ClockP_usleep</name>
         <load_address>0x2160</load_address>
         <run_address>0x2160</run_address>
         <size>0x68</size>
         <input_file_ref idref="fl-19"/>
      </object_component>
      <object_component id="oc-681">
         <name>.text:Interrupt_pendInterrupt</name>
         <load_address>0x21c8</load_address>
         <run_address>0x21c8</run_address>
         <size>0x68</size>
         <input_file_ref idref="fl-20"/>
      </object_component>
      <object_component id="oc-583">
         <name>.text:PowerMSP432_getFreqs</name>
         <load_address>0x2230</load_address>
         <run_address>0x2230</run_address>
         <size>0x68</size>
         <input_file_ref idref="fl-10"/>
      </object_component>
      <object_component id="oc-4a5">
         <name>.text:SwiP_post</name>
         <load_address>0x2298</load_address>
         <run_address>0x2298</run_address>
         <size>0x68</size>
         <input_file_ref idref="fl-1e"/>
      </object_component>
      <object_component id="oc-12">
         <name>.text:decompress:lzss:__TI_decompress_lzss</name>
         <load_address>0x2300</load_address>
         <run_address>0x2300</run_address>
         <size>0x68</size>
         <input_file_ref idref="fl-df"/>
      </object_component>
      <object_component id="oc-5b9">
         <name>.text:initHw</name>
         <load_address>0x2368</load_address>
         <run_address>0x2368</run_address>
         <size>0x68</size>
         <input_file_ref idref="fl-12"/>
      </object_component>
      <object_component id="oc-64a">
         <name>.text:PCM_getCoreVoltageLevel</name>
         <load_address>0x23d0</load_address>
         <run_address>0x23d0</run_address>
         <size>0x5e</size>
         <input_file_ref idref="fl-21"/>
      </object_component>
      <object_component id="oc-2c1">
         <name>.text:PowerMSP432_updateFreqs</name>
         <load_address>0x242e</load_address>
         <run_address>0x242e</run_address>
         <size>0x2</size>
         <input_file_ref idref="fl-18"/>
      </object_component>
      <object_component id="oc-3d0">
         <name>.text:Interrupt_registerInterrupt</name>
         <load_address>0x2430</load_address>
         <run_address>0x2430</run_address>
         <size>0x5c</size>
         <input_file_ref idref="fl-20"/>
      </object_component>
      <object_component id="oc-644">
         <name>.text:PCM_getPowerMode</name>
         <load_address>0x248c</load_address>
         <run_address>0x248c</run_address>
         <size>0x5a</size>
         <input_file_ref idref="fl-21"/>
      </object_component>
      <object_component id="oc-35a">
         <name>.text:SemaphoreP_destruct</name>
         <load_address>0x24e6</load_address>
         <run_address>0x24e6</run_address>
         <size>0x2</size>
         <input_file_ref idref="fl-17"/>
      </object_component>
      <object_component id="oc-486">
         <name>.text:TimerP_dynamicStub</name>
         <load_address>0x24e8</load_address>
         <run_address>0x24e8</run_address>
         <size>0x58</size>
         <input_file_ref idref="fl-1a"/>
      </object_component>
      <object_component id="oc-3d6">
         <name>.text:Interrupt_setPriority</name>
         <load_address>0x2540</load_address>
         <run_address>0x2540</run_address>
         <size>0x54</size>
         <input_file_ref idref="fl-20"/>
      </object_component>
      <object_component id="oc-514">
         <name>.text:PCM_shutdownDevice</name>
         <load_address>0x2594</load_address>
         <run_address>0x2594</run_address>
         <size>0x54</size>
         <input_file_ref idref="fl-21"/>
      </object_component>
      <object_component id="oc-568">
         <name>.text:TimerMSP432_freeTimerResource</name>
         <load_address>0x25e8</load_address>
         <run_address>0x25e8</run_address>
         <size>0x54</size>
         <input_file_ref idref="fl-13"/>
      </object_component>
      <object_component id="oc-23d">
         <name>.text:TimerP_getCount64</name>
         <load_address>0x263c</load_address>
         <run_address>0x263c</run_address>
         <size>0x54</size>
         <input_file_ref idref="fl-1a"/>
      </object_component>
      <object_component id="oc-34e">
         <name>.text:SemaphoreP_construct</name>
         <load_address>0x2690</load_address>
         <run_address>0x2690</run_address>
         <size>0x50</size>
         <input_file_ref idref="fl-17"/>
      </object_component>
      <object_component id="oc-2e8">
         <name>.text:PowerMSP432_sleepPolicy</name>
         <load_address>0x26e0</load_address>
         <run_address>0x26e0</run_address>
         <size>0x48</size>
         <input_file_ref idref="fl-18"/>
      </object_component>
      <object_component id="oc-5b3">
         <name>.text:Power_releaseConstraint</name>
         <load_address>0x2728</load_address>
         <run_address>0x2728</run_address>
         <size>0x48</size>
         <input_file_ref idref="fl-10"/>
      </object_component>
      <object_component id="oc-1a6">
         <name>.text:PWM_init</name>
         <load_address>0x2770</load_address>
         <run_address>0x2770</run_address>
         <size>0x44</size>
         <input_file_ref idref="fl-11"/>
      </object_component>
      <object_component id="oc-40f">
         <name>.text:SwiP_restore</name>
         <load_address>0x27b4</load_address>
         <run_address>0x27b4</run_address>
         <size>0x44</size>
         <input_file_ref idref="fl-1e"/>
      </object_component>
      <object_component id="oc-47a">
         <name>.text:TimerP_start</name>
         <load_address>0x27f8</load_address>
         <run_address>0x27f8</run_address>
         <size>0x44</size>
         <input_file_ref idref="fl-1a"/>
      </object_component>
      <object_component id="oc-12f">
         <name>.text:__TI_auto_init_nobinit_nopinit:__TI_auto_init_nobinit_nopinit</name>
         <load_address>0x283c</load_address>
         <run_address>0x283c</run_address>
         <size>0x44</size>
         <input_file_ref idref="fl-e4"/>
      </object_component>
      <object_component id="oc-1b2">
         <name>.text:PWM_open</name>
         <load_address>0x2880</load_address>
         <run_address>0x2880</run_address>
         <size>0x40</size>
         <input_file_ref idref="fl-11"/>
      </object_component>
      <object_component id="oc-60f">
         <name>.text:TimerP_setNextTick</name>
         <load_address>0x28c0</load_address>
         <run_address>0x28c0</run_address>
         <size>0x40</size>
         <input_file_ref idref="fl-1a"/>
      </object_component>
      <object_component id="oc-58f">
         <name>.text:getDutyCounts</name>
         <load_address>0x2900</load_address>
         <run_address>0x2900</run_address>
         <size>0x40</size>
         <input_file_ref idref="fl-12"/>
      </object_component>
      <object_component id="oc-589">
         <name>.text:getPeriodCounts</name>
         <load_address>0x2940</load_address>
         <run_address>0x2940</run_address>
         <size>0x40</size>
         <input_file_ref idref="fl-12"/>
      </object_component>
      <object_component id="oc-46e">
         <name>.text:TimerP_initDevice</name>
         <load_address>0x2980</load_address>
         <run_address>0x2980</run_address>
         <size>0x3c</size>
         <input_file_ref idref="fl-1a"/>
      </object_component>
      <object_component id="oc-577">
         <name>.text:Power_setConstraint</name>
         <load_address>0x29bc</load_address>
         <run_address>0x29bc</run_address>
         <size>0x38</size>
         <input_file_ref idref="fl-10"/>
      </object_component>
      <object_component id="oc-542">
         <name>.text:notify</name>
         <load_address>0x29f4</load_address>
         <run_address>0x29f4</run_address>
         <size>0x38</size>
         <input_file_ref idref="fl-10"/>
      </object_component>
      <object_component id="oc-a8">
         <name>.text:_c_int00_noargs:_c_int00_noargs</name>
         <load_address>0x2a2c</load_address>
         <run_address>0x2a2c</run_address>
         <size>0x34</size>
         <input_file_ref idref="fl-e1"/>
      </object_component>
      <object_component id="oc-56e">
         <name>.text:mapPin</name>
         <load_address>0x2a60</load_address>
         <run_address>0x2a60</run_address>
         <size>0x30</size>
         <input_file_ref idref="fl-12"/>
      </object_component>
      <object_component id="oc-666">
         <name>.text:RTC_C_holdClock</name>
         <load_address>0x2a90</load_address>
         <run_address>0x2a90</run_address>
         <size>0x2c</size>
         <input_file_ref idref="fl-22"/>
      </object_component>
      <object_component id="oc-205">
         <name>.text:HwiP_create</name>
         <load_address>0x2abc</load_address>
         <run_address>0x2abc</run_address>
         <size>0x2a</size>
         <input_file_ref idref="fl-1b"/>
      </object_component>
      <object_component id="oc-26c">
         <name>.text:_nop</name>
         <load_address>0x2ae6</load_address>
         <run_address>0x2ae6</run_address>
         <size>0x2</size>
         <input_file_ref idref="fl-e8"/>
      </object_component>
      <object_component id="oc-502">
         <name>.text:PCM_gotoLPM0</name>
         <load_address>0x2ae8</load_address>
         <run_address>0x2ae8</run_address>
         <size>0x28</size>
         <input_file_ref idref="fl-21"/>
      </object_component>
      <object_component id="oc-5ad">
         <name>.text:Power_registerNotify</name>
         <load_address>0x2b10</load_address>
         <run_address>0x2b10</run_address>
         <size>0x28</size>
         <input_file_ref idref="fl-10"/>
      </object_component>
      <object_component id="oc-2a9">
         <name>.text:disableFaultCounter</name>
         <load_address>0x2b38</load_address>
         <run_address>0x2b38</run_address>
         <size>0x28</size>
         <input_file_ref idref="fl-10"/>
      </object_component>
      <object_component id="oc-548">
         <name>.text:disableHFXT</name>
         <load_address>0x2b60</load_address>
         <run_address>0x2b60</run_address>
         <size>0x28</size>
         <input_file_ref idref="fl-10"/>
      </object_component>
      <object_component id="oc-3f5">
         <name>.text:free_list_insert</name>
         <load_address>0x2b88</load_address>
         <run_address>0x2b88</run_address>
         <size>0x28</size>
         <input_file_ref idref="fl-e0"/>
      </object_component>
      <object_component id="oc-6a5">
         <name>.text:List_put</name>
         <load_address>0x2bb0</load_address>
         <run_address>0x2bb0</run_address>
         <size>0x26</size>
         <input_file_ref idref="fl-14"/>
      </object_component>
      <object_component id="oc-689">
         <name>.text:List_remove</name>
         <load_address>0x2bd6</load_address>
         <run_address>0x2bd6</run_address>
         <size>0x26</size>
         <input_file_ref idref="fl-14"/>
      </object_component>
      <object_component id="oc-55c">
         <name>.text:releaseConstraints</name>
         <load_address>0x2bfc</load_address>
         <run_address>0x2bfc</run_address>
         <size>0x26</size>
         <input_file_ref idref="fl-12"/>
      </object_component>
      <object_component id="oc-6c">
         <name>.text:busFaultISR</name>
         <load_address>0x2c22</load_address>
         <run_address>0x2c22</run_address>
         <size>0x2</size>
         <input_file_ref idref="fl-1c"/>
      </object_component>
      <object_component id="oc-630">
         <name>.text:ClockP_getTicks</name>
         <load_address>0x2c24</load_address>
         <run_address>0x2c24</run_address>
         <size>0x24</size>
         <input_file_ref idref="fl-19"/>
      </object_component>
      <object_component id="oc-49e">
         <name>.text:ClockP_scheduleNextTick</name>
         <load_address>0x2c48</load_address>
         <run_address>0x2c48</run_address>
         <size>0x24</size>
         <input_file_ref idref="fl-19"/>
      </object_component>
      <object_component id="oc-3e2">
         <name>.text:HwiP_dispatch</name>
         <load_address>0x2c6c</load_address>
         <run_address>0x2c6c</run_address>
         <size>0x24</size>
         <input_file_ref idref="fl-1b"/>
      </object_component>
      <object_component id="oc-660">
         <name>.text:WDT_A_holdTimer</name>
         <load_address>0x2c90</load_address>
         <run_address>0x2c90</run_address>
         <size>0x24</size>
         <input_file_ref idref="fl-24"/>
      </object_component>
      <object_component id="oc-243">
         <name>.text:sleepTicks</name>
         <load_address>0x2cb4</load_address>
         <run_address>0x2cb4</run_address>
         <size>0x24</size>
         <input_file_ref idref="fl-19"/>
      </object_component>
      <object_component id="oc-2a3">
         <name>.text:CS_setExternalClockSourceFrequency</name>
         <load_address>0x2cd8</load_address>
         <run_address>0x2cd8</run_address>
         <size>0x20</size>
         <input_file_ref idref="fl-1f"/>
      </object_component>
      <object_component id="oc-4c1">
         <name>.text:ClockP_add</name>
         <load_address>0x2cf8</load_address>
         <run_address>0x2cf8</run_address>
         <size>0x20</size>
         <input_file_ref idref="fl-19"/>
      </object_component>
      <object_component id="oc-562">
         <name>.text:Power_unregisterNotify</name>
         <load_address>0x2d18</load_address>
         <run_address>0x2d18</run_address>
         <size>0x20</size>
         <input_file_ref idref="fl-10"/>
      </object_component>
      <object_component id="oc-616">
         <name>.text:QueueP_put</name>
         <load_address>0x2d38</load_address>
         <run_address>0x2d38</run_address>
         <size>0x20</size>
         <input_file_ref idref="fl-1d"/>
      </object_component>
      <object_component id="oc-595">
         <name>.text:corroboratePeriod</name>
         <load_address>0x2d58</load_address>
         <run_address>0x2d58</run_address>
         <size>0x1e</size>
         <input_file_ref idref="fl-12"/>
      </object_component>
      <object_component id="oc-4df">
         <name>.text:clkFxn</name>
         <load_address>0x2d76</load_address>
         <run_address>0x2d76</run_address>
         <size>0x2</size>
         <input_file_ref idref="fl-17"/>
      </object_component>
      <object_component id="oc-3fd">
         <name>.text:SwiP_disable</name>
         <load_address>0x2d78</load_address>
         <run_address>0x2d78</run_address>
         <size>0x1c</size>
         <input_file_ref idref="fl-1e"/>
      </object_component>
      <object_component id="oc-46">
         <name>.text:decompress:ZI:__TI_zero_init_nomemset:__TI_zero_init_nomemset</name>
         <load_address>0x2d94</load_address>
         <run_address>0x2d94</run_address>
         <size>0x1c</size>
         <input_file_ref idref="fl-dd"/>
      </object_component>
      <object_component id="oc-3ef">
         <name>.text:free_list_remove</name>
         <load_address>0x2db0</load_address>
         <run_address>0x2db0</run_address>
         <size>0x1c</size>
         <input_file_ref idref="fl-e0"/>
      </object_component>
      <object_component id="oc-6b9">
         <name>.text:QueueP_get</name>
         <load_address>0x2dcc</load_address>
         <run_address>0x2dcc</run_address>
         <size>0x1a</size>
         <input_file_ref idref="fl-1d"/>
      </object_component>
      <object_component id="oc-4d9">
         <name>.text:ClockP_destruct</name>
         <load_address>0x2de6</load_address>
         <run_address>0x2de6</run_address>
         <size>0x18</size>
         <input_file_ref idref="fl-19"/>
      </object_component>
      <object_component id="oc-66">
         <name>.text:defaultISR</name>
         <load_address>0x2dfe</load_address>
         <run_address>0x2dfe</run_address>
         <size>0x2</size>
         <input_file_ref idref="fl-1c"/>
      </object_component>
      <object_component id="oc-3a2">
         <name>.text:SysCtl_A_disableNMISource</name>
         <load_address>0x2e00</load_address>
         <run_address>0x2e00</run_address>
         <size>0x18</size>
         <input_file_ref idref="fl-23"/>
      </object_component>
      <object_component id="oc-3ae">
         <name>.text:SysCtl_A_enableNMISource</name>
         <load_address>0x2e18</load_address>
         <run_address>0x2e18</run_address>
         <size>0x18</size>
         <input_file_ref idref="fl-23"/>
      </object_component>
      <object_component id="oc-59b">
         <name>.text:corroborateDuty</name>
         <load_address>0x2e30</load_address>
         <run_address>0x2e30</run_address>
         <size>0x18</size>
         <input_file_ref idref="fl-12"/>
      </object_component>
      <object_component id="oc-1f">
         <name>.text:resetISR</name>
         <load_address>0x2e48</load_address>
         <run_address>0x2e48</run_address>
         <size>0x18</size>
         <input_file_ref idref="fl-1c"/>
      </object_component>
      <object_component id="oc-6b3">
         <name>.text:maxbit</name>
         <load_address>0x2e60</load_address>
         <run_address>0x2e60</run_address>
         <size>0x16</size>
         <input_file_ref idref="fl-1e"/>
      </object_component>
      <object_component id="oc-60">
         <name>.text:faultISR</name>
         <load_address>0x2e76</load_address>
         <run_address>0x2e76</run_address>
         <size>0x2</size>
         <input_file_ref idref="fl-1c"/>
      </object_component>
      <object_component id="oc-4f0">
         <name>.text:PCM_getPowerState</name>
         <load_address>0x2e78</load_address>
         <run_address>0x2e78</run_address>
         <size>0x14</size>
         <input_file_ref idref="fl-21"/>
      </object_component>
      <object_component id="oc-1ac">
         <name>.text:PWM_Params_init</name>
         <load_address>0x2e8c</load_address>
         <run_address>0x2e8c</run_address>
         <size>0x14</size>
         <input_file_ref idref="fl-11"/>
      </object_component>
      <object_component id="oc-6d0">
         <name>.text:Power_idleFunc</name>
         <load_address>0x2ea0</load_address>
         <run_address>0x2ea0</run_address>
         <size>0x14</size>
         <input_file_ref idref="fl-10"/>
      </object_component>
      <object_component id="oc-463">
         <name>.text:SwiP_handleHwi</name>
         <load_address>0x2eb4</load_address>
         <run_address>0x2eb4</run_address>
         <size>0x14</size>
         <input_file_ref idref="fl-1e"/>
      </object_component>
      <object_component id="oc-346">
         <name>.text:TimerP_getCount</name>
         <load_address>0x2ec8</load_address>
         <run_address>0x2ec8</run_address>
         <size>0x14</size>
         <input_file_ref idref="fl-1a"/>
      </object_component>
      <object_component id="oc-1ff">
         <name>.text:HwiP_Params_init</name>
         <load_address>0x2edc</load_address>
         <run_address>0x2edc</run_address>
         <size>0x12</size>
         <input_file_ref idref="fl-1b"/>
      </object_component>
      <object_component id="oc-f6">
         <name>.text:main</name>
         <load_address>0x2eee</load_address>
         <run_address>0x2eee</run_address>
         <size>0x12</size>
         <input_file_ref idref="fl-2"/>
      </object_component>
      <object_component id="oc-21a">
         <name>.text:HwiP_disable</name>
         <load_address>0x2f00</load_address>
         <run_address>0x2f00</run_address>
         <size>0x10</size>
         <input_file_ref idref="fl-1b"/>
      </object_component>
      <object_component id="oc-52">
         <name>.text:Interrupt_disableMaster</name>
         <load_address>0x2f10</load_address>
         <run_address>0x2f10</run_address>
         <size>0x10</size>
         <input_file_ref idref="fl-20"/>
      </object_component>
      <object_component id="oc-19f">
         <name>.text:Interrupt_enableMaster</name>
         <load_address>0x2f20</load_address>
         <run_address>0x2f20</run_address>
         <size>0x10</size>
         <input_file_ref idref="fl-20"/>
      </object_component>
      <object_component id="oc-50e">
         <name>.text:PCM_gotoLPM4</name>
         <load_address>0x2f30</load_address>
         <run_address>0x2f30</run_address>
         <size>0x10</size>
         <input_file_ref idref="fl-21"/>
      </object_component>
      <object_component id="oc-650">
         <name>.text:PCM_setPowerMode</name>
         <load_address>0x2f40</load_address>
         <run_address>0x2f40</run_address>
         <size>0x10</size>
         <input_file_ref idref="fl-21"/>
      </object_component>
      <object_component id="oc-2bb">
         <name>.text:PCM_setPowerState</name>
         <load_address>0x2f50</load_address>
         <run_address>0x2f50</run_address>
         <size>0x10</size>
         <input_file_ref idref="fl-21"/>
      </object_component>
      <object_component id="oc-69e">
         <name>.text:PowerMSP432_getNumPerfLevels</name>
         <load_address>0x2f60</load_address>
         <run_address>0x2f60</run_address>
         <size>0x10</size>
         <input_file_ref idref="fl-10"/>
      </object_component>
      <object_component id="oc-4cd">
         <name>.text:Power_enablePolicy</name>
         <load_address>0x2f70</load_address>
         <run_address>0x2f70</run_address>
         <size>0x10</size>
         <input_file_ref idref="fl-10"/>
      </object_component>
      <object_component id="oc-4b6">
         <name>.text:SemaphoreP_Params_init</name>
         <load_address>0x2f80</load_address>
         <run_address>0x2f80</run_address>
         <size>0x10</size>
         <input_file_ref idref="fl-17"/>
      </object_component>
      <object_component id="oc-308">
         <name>.text:SwiP_Params_init</name>
         <load_address>0x2f90</load_address>
         <run_address>0x2f90</run_address>
         <size>0x10</size>
         <input_file_ref idref="fl-1e"/>
      </object_component>
      <object_component id="oc-39c">
         <name>.text:SysCtl_A_getNMISourceStatus</name>
         <load_address>0x2fa0</load_address>
         <run_address>0x2fa0</run_address>
         <size>0x10</size>
         <input_file_ref idref="fl-23"/>
      </object_component>
      <object_component id="oc-314">
         <name>.text:TimerP_Params_init</name>
         <load_address>0x2fb0</load_address>
         <run_address>0x2fb0</run_address>
         <size>0x10</size>
         <input_file_ref idref="fl-1a"/>
      </object_component>
      <object_component id="oc-6bf">
         <name>.text:QueueP_empty</name>
         <load_address>0x2fc0</load_address>
         <run_address>0x2fc0</run_address>
         <size>0xe</size>
         <input_file_ref idref="fl-1d"/>
      </object_component>
      <object_component id="oc-639">
         <name>.text:QueueP_remove</name>
         <load_address>0x2fce</load_address>
         <run_address>0x2fce</run_address>
         <size>0xe</size>
         <input_file_ref idref="fl-1d"/>
      </object_component>
      <object_component id="oc-18">
         <name>.text:decompress:none:__TI_decompress_none</name>
         <load_address>0x2fdc</load_address>
         <run_address>0x2fdc</run_address>
         <size>0xe</size>
         <input_file_ref idref="fl-de"/>
      </object_component>
      <object_component id="oc-110">
         <name>.text:Board_init</name>
         <load_address>0x2fea</load_address>
         <run_address>0x2fea</run_address>
         <size>0xc</size>
         <input_file_ref idref="fl-4"/>
      </object_component>
      <object_component id="oc-96">
         <name>.text:CPU_cpsid</name>
         <load_address>0x2ff6</load_address>
         <run_address>0x2ff6</run_address>
         <size>0xc</size>
         <input_file_ref idref="fl-25"/>
      </object_component>
      <object_component id="oc-213">
         <name>.text:CPU_cpsie</name>
         <load_address>0x3002</load_address>
         <run_address>0x3002</run_address>
         <size>0xc</size>
         <input_file_ref idref="fl-25"/>
      </object_component>
      <object_component id="oc-5a">
         <name>.text:nmiISR</name>
         <load_address>0x300e</load_address>
         <run_address>0x300e</run_address>
         <size>0x2</size>
         <input_file_ref idref="fl-1c"/>
      </object_component>
      <object_component id="oc-332">
         <name>.text:ClockP_doTick</name>
         <load_address>0x3010</load_address>
         <run_address>0x3010</run_address>
         <size>0xc</size>
         <input_file_ref idref="fl-19"/>
      </object_component>
      <object_component id="oc-403">
         <name>.text:Power_getConstraintMask</name>
         <load_address>0x301c</load_address>
         <run_address>0x301c</run_address>
         <size>0xc</size>
         <input_file_ref idref="fl-10"/>
      </object_component>
      <object_component id="oc-57d">
         <name>.text:Power_getPerformanceLevel</name>
         <load_address>0x3028</load_address>
         <run_address>0x3028</run_address>
         <size>0xc</size>
         <input_file_ref idref="fl-10"/>
      </object_component>
      <object_component id="oc-326">
         <name>.text:TimerP_getFreq</name>
         <load_address>0x3034</load_address>
         <run_address>0x3034</run_address>
         <size>0xc</size>
         <input_file_ref idref="fl-1a"/>
      </object_component>
      <object_component id="oc-320">
         <name>.text:TimerP_getMaxTicks</name>
         <load_address>0x3040</load_address>
         <run_address>0x3040</run_address>
         <size>0xc</size>
         <input_file_ref idref="fl-1a"/>
      </object_component>
      <object_component id="oc-1be">
         <name>.text:PWM_setDuty</name>
         <load_address>0x304c</load_address>
         <run_address>0x304c</run_address>
         <size>0xa</size>
         <input_file_ref idref="fl-11"/>
      </object_component>
      <object_component id="oc-1b8">
         <name>.text:PWM_start</name>
         <load_address>0x3056</load_address>
         <run_address>0x3056</run_address>
         <size>0xa</size>
         <input_file_ref idref="fl-11"/>
      </object_component>
      <object_component id="oc-220">
         <name>.text:HwiP_restore</name>
         <load_address>0x3060</load_address>
         <run_address>0x3060</run_address>
         <size>0x8</size>
         <input_file_ref idref="fl-1b"/>
      </object_component>
      <object_component id="oc-2cd">
         <name>.text:malloc</name>
         <load_address>0x3068</load_address>
         <run_address>0x3068</run_address>
         <size>0x8</size>
         <input_file_ref idref="fl-e0"/>
      </object_component>
      <object_component id="oc-41c">
         <name>.text:PWMTimerMSP432_control</name>
         <load_address>0x3070</load_address>
         <run_address>0x3070</run_address>
         <size>0x6</size>
         <input_file_ref idref="fl-12"/>
      </object_component>
      <object_component id="oc-43a">
         <name>.text:PWMTimerMSP432_setDutyAndPeriod</name>
         <load_address>0x3076</load_address>
         <run_address>0x3076</run_address>
         <size>0x6</size>
         <input_file_ref idref="fl-12"/>
      </object_component>
      <object_component id="oc-302">
         <name>.text:QueueP_init</name>
         <load_address>0x307c</load_address>
         <run_address>0x307c</run_address>
         <size>0x6</size>
         <input_file_ref idref="fl-1d"/>
      </object_component>
      <object_component id="oc-658">
         <name>.text:CPU_wfi</name>
         <load_address>0x3082</load_address>
         <run_address>0x3082</run_address>
         <size>0x4</size>
         <input_file_ref idref="fl-25"/>
      </object_component>
      <object_component id="oc-4d3">
         <name>.text:ClockP_isActive</name>
         <load_address>0x3086</load_address>
         <run_address>0x3086</run_address>
         <size>0x4</size>
         <input_file_ref idref="fl-19"/>
      </object_component>
      <object_component id="oc-116">
         <name>.text:HwiP_enable</name>
         <load_address>0x308a</load_address>
         <run_address>0x308a</run_address>
         <size>0x4</size>
         <input_file_ref idref="fl-1b"/>
      </object_component>
      <object_component id="oc-555">
         <name>.text:HwiP_post</name>
         <load_address>0x308e</load_address>
         <run_address>0x308e</run_address>
         <size>0x4</size>
         <input_file_ref idref="fl-1b"/>
      </object_component>
      <object_component id="oc-602">
         <name>.text:QueueP_head</name>
         <load_address>0x3092</load_address>
         <run_address>0x3092</run_address>
         <size>0x4</size>
         <input_file_ref idref="fl-1d"/>
      </object_component>
      <object_component id="oc-608">
         <name>.text:QueueP_next</name>
         <load_address>0x3096</load_address>
         <run_address>0x3096</run_address>
         <size>0x4</size>
         <input_file_ref idref="fl-1d"/>
      </object_component>
      <object_component id="oc-474">
         <name>.text:TimerP_setPeriod</name>
         <load_address>0x309a</load_address>
         <run_address>0x309a</run_address>
         <size>0x4</size>
         <input_file_ref idref="fl-1a"/>
      </object_component>
      <object_component id="oc-f0">
         <name>.text:_system_pre_init</name>
         <load_address>0x309e</load_address>
         <run_address>0x309e</run_address>
         <size>0x4</size>
         <input_file_ref idref="fl-e5"/>
      </object_component>
      <object_component id="oc-123">
         <name>.text:abort:abort</name>
         <load_address>0x30a2</load_address>
         <run_address>0x30a2</run_address>
         <size>0x4</size>
         <input_file_ref idref="fl-e7"/>
      </object_component>
      <object_component id="oc-6c6">
         <name>.text</name>
         <load_address>0x30a6</load_address>
         <run_address>0x30a6</run_address>
         <size>0x2</size>
         <input_file_ref idref="fl-e2"/>
      </object_component>
      <object_component id="oc-52c">
         <name>.const:g_pulRegs</name>
         <load_address>0x30a8</load_address>
         <run_address>0x30a8</run_address>
         <size>0x50</size>
         <input_file_ref idref="fl-20"/>
      </object_component>
      <object_component id="oc-20e">
         <name>.const:PowerMSP432_config</name>
         <load_address>0x30f8</load_address>
         <run_address>0x30f8</run_address>
         <size>0x38</size>
         <input_file_ref idref="fl-4"/>
      </object_component>
      <object_component id="oc-2f7">
         <name>.const:PWMTimerMSP432_fxnTable</name>
         <load_address>0x3130</load_address>
         <run_address>0x3130</run_address>
         <size>0x24</size>
         <input_file_ref idref="fl-12"/>
      </object_component>
      <object_component id="oc-22c">
         <name>.const:PWM_config</name>
         <load_address>0x3154</load_address>
         <run_address>0x3154</run_address>
         <size>0x18</size>
         <input_file_ref idref="fl-4"/>
      </object_component>
      <object_component id="oc-230">
         <name>.const:PWM_defaultParams</name>
         <load_address>0x316c</load_address>
         <run_address>0x316c</run_address>
         <size>0x18</size>
         <input_file_ref idref="fl-11"/>
      </object_component>
      <object_component id="oc-452">
         <name>.const:SwiP_defaultParams</name>
         <load_address>0x3184</load_address>
         <run_address>0x3184</run_address>
         <size>0x10</size>
         <input_file_ref idref="fl-1e"/>
      </object_component>
      <object_component id="oc-5c2">
         <name>.const:pwmTimerBaseAddr</name>
         <load_address>0x3194</load_address>
         <run_address>0x3194</run_address>
         <size>0x10</size>
         <input_file_ref idref="fl-12"/>
      </object_component>
      <object_component id="oc-2fb">
         <name>.const:pwmTimerMSP432HWAttrs</name>
         <load_address>0x31a4</load_address>
         <run_address>0x31a4</run_address>
         <size>0x10</size>
         <input_file_ref idref="fl-4"/>
      </object_component>
      <object_component id="oc-530">
         <name>.const:g_pulEnRegs</name>
         <load_address>0x31b4</load_address>
         <run_address>0x31b4</run_address>
         <size>0x8</size>
         <input_file_ref idref="fl-20"/>
      </object_component>
      <object_component id="oc-6e1">
         <name>.const:g_pulPendRegs</name>
         <load_address>0x31bc</load_address>
         <run_address>0x31bc</run_address>
         <size>0x8</size>
         <input_file_ref idref="fl-20"/>
      </object_component>
      <object_component id="oc-229">
         <name>.const</name>
         <load_address>0x31c4</load_address>
         <run_address>0x31c4</run_address>
         <size>0x1</size>
         <input_file_ref idref="fl-4"/>
      </object_component>
      <object_component id="oc-735">
         <name>.cinit..data.load</name>
         <load_address>0x31c8</load_address>
         <run_address>0x31c8</run_address>
         <size>0x8c</size>
      </object_component>
      <object_component id="oc-733">
         <name>__TI_handler_table</name>
         <load_address>0x3254</load_address>
         <run_address>0x3254</run_address>
         <size>0xc</size>
      </object_component>
      <object_component id="oc-736">
         <name>.cinit..bss.load</name>
         <load_address>0x3260</load_address>
         <run_address>0x3260</run_address>
         <size>0x8</size>
      </object_component>
      <object_component id="oc-737">
         <name>.cinit..vtable.load</name>
         <load_address>0x3268</load_address>
         <run_address>0x3268</run_address>
         <size>0x8</size>
      </object_component>
      <object_component id="oc-734">
         <name>__TI_cinit_table</name>
         <load_address>0x3270</load_address>
         <run_address>0x3270</run_address>
         <size>0x18</size>
      </object_component>
      <object_component id="oc-20b">
         <name>.data:PowerMSP432_module</name>
         <load_address>0x20008390</load_address>
         <run_address>0x20008390</run_address>
         <size>0x2c</size>
         <input_file_ref idref="fl-10"/>
      </object_component>
      <object_component id="oc-2c7">
         <name>.data:PowerMSP432_perfLevels</name>
         <load_address>0x20008140</load_address>
         <run_address>0x20008140</run_address>
         <size>0x140</size>
         <input_file_ref idref="fl-10"/>
      </object_component>
      <object_component id="oc-226">
         <name>.data</name>
         <load_address>0x200083f3</load_address>
         <run_address>0x200083f3</run_address>
         <size>0x1</size>
         <input_file_ref idref="fl-11"/>
      </object_component>
      <object_component id="oc-5bf">
         <name>.data:pwmTimerStatus</name>
         <load_address>0x20008280</load_address>
         <run_address>0x20008280</run_address>
         <size>0x110</size>
         <input_file_ref idref="fl-12"/>
      </object_component>
      <object_component id="oc-4bc">
         <name>.data</name>
         <load_address>0x200083f0</load_address>
         <run_address>0x200083f0</run_address>
         <size>0x3</size>
         <input_file_ref idref="fl-17"/>
      </object_component>
      <object_component id="oc-61d">
         <name>.data:SemaphoreP_defaultParams</name>
         <load_address>0x200083d8</load_address>
         <run_address>0x200083d8</run_address>
         <size>0x8</size>
         <input_file_ref idref="fl-17"/>
      </object_component>
      <object_component id="oc-24f">
         <name>.data</name>
         <load_address>0x200083e0</load_address>
         <run_address>0x200083e0</run_address>
         <size>0x8</size>
         <input_file_ref idref="fl-19"/>
      </object_component>
      <object_component id="oc-480">
         <name>.data</name>
         <load_address>0x200083f5</load_address>
         <run_address>0x200083f5</run_address>
         <size>0x1</size>
         <input_file_ref idref="fl-1a"/>
      </object_component>
      <object_component id="oc-46a">
         <name>.data:TimerP_defaultParams</name>
         <load_address>0x200083bc</load_address>
         <run_address>0x200083bc</run_address>
         <size>0xc</size>
         <input_file_ref idref="fl-1a"/>
      </object_component>
      <object_component id="oc-3eb">
         <name>.data:HwiP_dispatchTable</name>
         <load_address>0x20008000</load_address>
         <run_address>0x20008000</run_address>
         <size>0x140</size>
         <input_file_ref idref="fl-1b"/>
      </object_component>
      <object_component id="oc-3e8">
         <name>.data</name>
         <load_address>0x200083e8</load_address>
         <run_address>0x200083e8</run_address>
         <size>0x8</size>
         <input_file_ref idref="fl-1b"/>
      </object_component>
      <object_component id="oc-457">
         <name>.data</name>
         <load_address>0x200083f4</load_address>
         <run_address>0x200083f4</run_address>
         <size>0x1</size>
         <input_file_ref idref="fl-1e"/>
      </object_component>
      <object_component id="oc-523">
         <name>.data:$O1$$</name>
         <load_address>0x200083d0</load_address>
         <run_address>0x200083d0</run_address>
         <size>0x8</size>
         <input_file_ref idref="fl-e0"/>
      </object_component>
      <object_component id="oc-1da">
         <name>.data:$O1$$</name>
         <load_address>0x200083c8</load_address>
         <run_address>0x200083c8</run_address>
         <size>0x8</size>
         <input_file_ref idref="fl-e8"/>
      </object_component>
      <object_component id="oc-690">
         <name>.bss:timerState</name>
         <uninitialized>true</uninitialized>
         <run_address>0x20008530</run_address>
         <size>0x4</size>
         <input_file_ref idref="fl-13"/>
      </object_component>
      <object_component id="oc-249">
         <name>.bss:ClockP_module</name>
         <uninitialized>true</uninitialized>
         <run_address>0x200083f8</run_address>
         <size>0xa0</size>
         <input_file_ref idref="fl-19"/>
      </object_component>
      <object_component id="oc-338">
         <name>.bss:timerFreq</name>
         <uninitialized>true</uninitialized>
         <run_address>0x20008520</run_address>
         <size>0x8</size>
         <input_file_ref idref="fl-19"/>
      </object_component>
      <object_component id="oc-24c">
         <name>.bss</name>
         <uninitialized>true</uninitialized>
         <run_address>0x20008528</run_address>
         <size>0x4</size>
         <input_file_ref idref="fl-19"/>
      </object_component>
      <object_component id="oc-48c">
         <name>.bss</name>
         <uninitialized>true</uninitialized>
         <run_address>0x2000852c</run_address>
         <size>0x4</size>
         <input_file_ref idref="fl-1a"/>
      </object_component>
      <object_component id="oc-483">
         <name>.bss:TimerP_hwiStruct</name>
         <uninitialized>true</uninitialized>
         <run_address>0x200084d4</run_address>
         <size>0x1c</size>
         <input_file_ref idref="fl-1a"/>
      </object_component>
      <object_component id="oc-45d">
         <name>.bss</name>
         <uninitialized>true</uninitialized>
         <run_address>0x20008508</run_address>
         <size>0xd</size>
         <input_file_ref idref="fl-1e"/>
      </object_component>
      <object_component id="oc-460">
         <name>.bss:SwiP_hwiStruct</name>
         <uninitialized>true</uninitialized>
         <run_address>0x200084b8</run_address>
         <size>0x1c</size>
         <input_file_ref idref="fl-1e"/>
      </object_component>
      <object_component id="oc-45a">
         <name>.bss:SwiP_readyList</name>
         <uninitialized>true</uninitialized>
         <run_address>0x20008498</run_address>
         <size>0x20</size>
         <input_file_ref idref="fl-1e"/>
      </object_component>
      <object_component id="oc-397">
         <name>.bss</name>
         <uninitialized>true</uninitialized>
         <run_address>0x20008518</run_address>
         <size>0x8</size>
         <input_file_ref idref="fl-1f"/>
      </object_component>
      <object_component id="oc-2fa">
         <name>.common:pwmTimerMSP432Objects</name>
         <uninitialized>true</uninitialized>
         <run_address>0x200084f0</run_address>
         <size>0x18</size>
      </object_component>
      <object_component id="oc-29">
         <name>.sysmem</name>
         <uninitialized>true</uninitialized>
         <run_address>0x20000000</run_address>
         <size>0x10</size>
         <input_file_ref idref="fl-e0"/>
      </object_component>
      <object_component id="oc-73a">
         <name>.sysmem</name>
         <uninitialized>true</uninitialized>
         <run_address>0x20000000</run_address>
         <size>0x0</size>
      </object_component>
      <object_component id="oc-2c">
         <name>.stack</name>
         <uninitialized>true</uninitialized>
         <run_address>0x2003f000</run_address>
         <size>0x4</size>
         <input_file_ref idref="fl-e1"/>
      </object_component>
      <object_component id="oc-739">
         <name>.stack</name>
         <uninitialized>true</uninitialized>
         <run_address>0x2003f000</run_address>
         <size>0x0</size>
      </object_component>
      <object_component id="oc-26">
         <name>.intvecs:retain</name>
         <load_address>0x0</load_address>
         <run_address>0x0</run_address>
         <size>0x144</size>
         <input_file_ref idref="fl-1c"/>
      </object_component>
      <object_component id="oc-527">
         <name>.vtable</name>
         <uninitialized>true</uninitialized>
         <run_address>0x20008800</run_address>
         <size>0xe8</size>
         <input_file_ref idref="fl-20"/>
      </object_component>
      <object_component id="oc-382">
         <name>.debug_info</name>
         <load_address>0x0</load_address>
         <run_address>0x0</run_address>
         <size>0x2e5</size>
         <input_file_ref idref="fl-2"/>
      </object_component>
      <object_component id="oc-f8">
         <name>.debug_info</name>
         <load_address>0x2e5</load_address>
         <run_address>0x2e5</run_address>
         <size>0x14f</size>
         <input_file_ref idref="fl-2"/>
      </object_component>
      <object_component id="oc-25b">
         <name>.debug_info</name>
         <load_address>0x434</load_address>
         <run_address>0x434</run_address>
         <size>0x26b</size>
         <input_file_ref idref="fl-2"/>
      </object_component>
      <object_component id="oc-35">
         <name>.debug_info</name>
         <load_address>0x69f</load_address>
         <run_address>0x69f</run_address>
         <size>0x84</size>
         <input_file_ref idref="fl-2"/>
      </object_component>
      <object_component id="oc-265">
         <name>.debug_info</name>
         <load_address>0x723</load_address>
         <run_address>0x723</run_address>
         <size>0x2a4</size>
         <input_file_ref idref="fl-2"/>
      </object_component>
      <object_component id="oc-256">
         <name>.debug_info</name>
         <load_address>0x9c7</load_address>
         <run_address>0x9c7</run_address>
         <size>0xef</size>
         <input_file_ref idref="fl-2"/>
      </object_component>
      <object_component id="oc-1d1">
         <name>.debug_info</name>
         <load_address>0xab6</load_address>
         <run_address>0xab6</run_address>
         <size>0xbb</size>
         <input_file_ref idref="fl-2"/>
      </object_component>
      <object_component id="oc-5dc">
         <name>.debug_info</name>
         <load_address>0xb71</load_address>
         <run_address>0xb71</run_address>
         <size>0x53</size>
         <input_file_ref idref="fl-2"/>
      </object_component>
      <object_component id="oc-1cb">
         <name>.debug_info</name>
         <load_address>0xbc4</load_address>
         <run_address>0xbc4</run_address>
         <size>0x40c</size>
         <input_file_ref idref="fl-3"/>
      </object_component>
      <object_component id="oc-11d">
         <name>.debug_info</name>
         <load_address>0xfd0</load_address>
         <run_address>0xfd0</run_address>
         <size>0x263</size>
         <input_file_ref idref="fl-3"/>
      </object_component>
      <object_component id="oc-1cc">
         <name>.debug_info</name>
         <load_address>0x1233</load_address>
         <run_address>0x1233</run_address>
         <size>0x30f</size>
         <input_file_ref idref="fl-3"/>
      </object_component>
      <object_component id="oc-260">
         <name>.debug_info</name>
         <load_address>0x1542</load_address>
         <run_address>0x1542</run_address>
         <size>0x53</size>
         <input_file_ref idref="fl-3"/>
      </object_component>
      <object_component id="oc-1f7">
         <name>.debug_info</name>
         <load_address>0x1595</load_address>
         <run_address>0x1595</run_address>
         <size>0x7be</size>
         <input_file_ref idref="fl-4"/>
      </object_component>
      <object_component id="oc-2fc">
         <name>.debug_info</name>
         <load_address>0x1d53</load_address>
         <run_address>0x1d53</run_address>
         <size>0x110</size>
         <input_file_ref idref="fl-4"/>
      </object_component>
      <object_component id="oc-22d">
         <name>.debug_info</name>
         <load_address>0x1e63</load_address>
         <run_address>0x1e63</run_address>
         <size>0xfa</size>
         <input_file_ref idref="fl-4"/>
      </object_component>
      <object_component id="oc-22a">
         <name>.debug_info</name>
         <load_address>0x1f5d</load_address>
         <run_address>0x1f5d</run_address>
         <size>0xf8</size>
         <input_file_ref idref="fl-4"/>
      </object_component>
      <object_component id="oc-20f">
         <name>.debug_info</name>
         <load_address>0x2055</load_address>
         <run_address>0x2055</run_address>
         <size>0x10a</size>
         <input_file_ref idref="fl-4"/>
      </object_component>
      <object_component id="oc-19a">
         <name>.debug_info</name>
         <load_address>0x215f</load_address>
         <run_address>0x215f</run_address>
         <size>0x14e</size>
         <input_file_ref idref="fl-4"/>
      </object_component>
      <object_component id="oc-111">
         <name>.debug_info</name>
         <load_address>0x22ad</load_address>
         <run_address>0x22ad</run_address>
         <size>0x16c</size>
         <input_file_ref idref="fl-4"/>
      </object_component>
      <object_component id="oc-392">
         <name>.debug_info</name>
         <load_address>0x2419</load_address>
         <run_address>0x2419</run_address>
         <size>0xb6</size>
         <input_file_ref idref="fl-4"/>
      </object_component>
      <object_component id="oc-28f">
         <name>.debug_info</name>
         <load_address>0x24cf</load_address>
         <run_address>0x24cf</run_address>
         <size>0x1cf</size>
         <input_file_ref idref="fl-4"/>
      </object_component>
      <object_component id="oc-294">
         <name>.debug_info</name>
         <load_address>0x269e</load_address>
         <run_address>0x269e</run_address>
         <size>0x4dc</size>
         <input_file_ref idref="fl-4"/>
      </object_component>
      <object_component id="oc-181">
         <name>.debug_info</name>
         <load_address>0x2b7a</load_address>
         <run_address>0x2b7a</run_address>
         <size>0xa1</size>
         <input_file_ref idref="fl-4"/>
      </object_component>
      <object_component id="oc-29e">
         <name>.debug_info</name>
         <load_address>0x2c1b</load_address>
         <run_address>0x2c1b</run_address>
         <size>0x1028</size>
         <input_file_ref idref="fl-4"/>
      </object_component>
      <object_component id="oc-299">
         <name>.debug_info</name>
         <load_address>0x3c43</load_address>
         <run_address>0x3c43</run_address>
         <size>0x3c27</size>
         <input_file_ref idref="fl-4"/>
      </object_component>
      <object_component id="oc-9d">
         <name>.debug_info</name>
         <load_address>0x786a</load_address>
         <run_address>0x786a</run_address>
         <size>0x8b</size>
         <input_file_ref idref="fl-4"/>
      </object_component>
      <object_component id="oc-109">
         <name>.debug_info</name>
         <load_address>0x78f5</load_address>
         <run_address>0x78f5</run_address>
         <size>0x9eb</size>
         <input_file_ref idref="fl-10"/>
      </object_component>
      <object_component id="oc-20c">
         <name>.debug_info</name>
         <load_address>0x82e0</load_address>
         <run_address>0x82e0</run_address>
         <size>0x121</size>
         <input_file_ref idref="fl-10"/>
      </object_component>
      <object_component id="oc-2c8">
         <name>.debug_info</name>
         <load_address>0x8401</load_address>
         <run_address>0x8401</run_address>
         <size>0x12a</size>
         <input_file_ref idref="fl-10"/>
      </object_component>
      <object_component id="oc-563">
         <name>.debug_info</name>
         <load_address>0x852b</load_address>
         <run_address>0x852b</run_address>
         <size>0x1eb</size>
         <input_file_ref idref="fl-10"/>
      </object_component>
      <object_component id="oc-543">
         <name>.debug_info</name>
         <load_address>0x8716</load_address>
         <run_address>0x8716</run_address>
         <size>0x1cd</size>
         <input_file_ref idref="fl-10"/>
      </object_component>
      <object_component id="oc-549">
         <name>.debug_info</name>
         <load_address>0x88e3</load_address>
         <run_address>0x88e3</run_address>
         <size>0x170</size>
         <input_file_ref idref="fl-10"/>
      </object_component>
      <object_component id="oc-550">
         <name>.debug_info</name>
         <load_address>0x8a53</load_address>
         <run_address>0x8a53</run_address>
         <size>0x1ac</size>
         <input_file_ref idref="fl-10"/>
      </object_component>
      <object_component id="oc-40b">
         <name>.debug_info</name>
         <load_address>0x8bff</load_address>
         <run_address>0x8bff</run_address>
         <size>0x53a</size>
         <input_file_ref idref="fl-10"/>
      </object_component>
      <object_component id="oc-405">
         <name>.debug_info</name>
         <load_address>0x9139</load_address>
         <run_address>0x9139</run_address>
         <size>0x170</size>
         <input_file_ref idref="fl-10"/>
      </object_component>
      <object_component id="oc-2ab">
         <name>.debug_info</name>
         <load_address>0x92a9</load_address>
         <run_address>0x92a9</run_address>
         <size>0x185</size>
         <input_file_ref idref="fl-10"/>
      </object_component>
      <object_component id="oc-579">
         <name>.debug_info</name>
         <load_address>0x942e</load_address>
         <run_address>0x942e</run_address>
         <size>0x1eb</size>
         <input_file_ref idref="fl-10"/>
      </object_component>
      <object_component id="oc-5b5">
         <name>.debug_info</name>
         <load_address>0x9619</load_address>
         <run_address>0x9619</run_address>
         <size>0x20f</size>
         <input_file_ref idref="fl-10"/>
      </object_component>
      <object_component id="oc-5af">
         <name>.debug_info</name>
         <load_address>0x9828</load_address>
         <run_address>0x9828</run_address>
         <size>0x274</size>
         <input_file_ref idref="fl-10"/>
      </object_component>
      <object_component id="oc-1fb">
         <name>.debug_info</name>
         <load_address>0x9a9c</load_address>
         <run_address>0x9a9c</run_address>
         <size>0x364</size>
         <input_file_ref idref="fl-10"/>
      </object_component>
      <object_component id="oc-193">
         <name>.debug_info</name>
         <load_address>0x9e00</load_address>
         <run_address>0x9e00</run_address>
         <size>0x1c6</size>
         <input_file_ref idref="fl-10"/>
      </object_component>
      <object_component id="oc-6d1">
         <name>.debug_info</name>
         <load_address>0x9fc6</load_address>
         <run_address>0x9fc6</run_address>
         <size>0x161</size>
         <input_file_ref idref="fl-10"/>
      </object_component>
      <object_component id="oc-57e">
         <name>.debug_info</name>
         <load_address>0xa127</load_address>
         <run_address>0xa127</run_address>
         <size>0x174</size>
         <input_file_ref idref="fl-10"/>
      </object_component>
      <object_component id="oc-4ce">
         <name>.debug_info</name>
         <load_address>0xa29b</load_address>
         <run_address>0xa29b</run_address>
         <size>0x162</size>
         <input_file_ref idref="fl-10"/>
      </object_component>
      <object_component id="oc-69f">
         <name>.debug_info</name>
         <load_address>0xa3fd</load_address>
         <run_address>0xa3fd</run_address>
         <size>0x17a</size>
         <input_file_ref idref="fl-10"/>
      </object_component>
      <object_component id="oc-584">
         <name>.debug_info</name>
         <load_address>0xa577</load_address>
         <run_address>0xa577</run_address>
         <size>0x1f4</size>
         <input_file_ref idref="fl-10"/>
      </object_component>
      <object_component id="oc-188">
         <name>.debug_info</name>
         <load_address>0xa76b</load_address>
         <run_address>0xa76b</run_address>
         <size>0xf8</size>
         <input_file_ref idref="fl-10"/>
      </object_component>
      <object_component id="oc-172">
         <name>.debug_info</name>
         <load_address>0xa863</load_address>
         <run_address>0xa863</run_address>
         <size>0x4dc</size>
         <input_file_ref idref="fl-10"/>
      </object_component>
      <object_component id="oc-168">
         <name>.debug_info</name>
         <load_address>0xad3f</load_address>
         <run_address>0xad3f</run_address>
         <size>0xb6</size>
         <input_file_ref idref="fl-10"/>
      </object_component>
      <object_component id="oc-18d">
         <name>.debug_info</name>
         <load_address>0xadf5</load_address>
         <run_address>0xadf5</run_address>
         <size>0x3c27</size>
         <input_file_ref idref="fl-10"/>
      </object_component>
      <object_component id="oc-cf">
         <name>.debug_info</name>
         <load_address>0xea1c</load_address>
         <run_address>0xea1c</run_address>
         <size>0x26b</size>
         <input_file_ref idref="fl-10"/>
      </object_component>
      <object_component id="oc-c5">
         <name>.debug_info</name>
         <load_address>0xec87</load_address>
         <run_address>0xec87</run_address>
         <size>0x1028</size>
         <input_file_ref idref="fl-10"/>
      </object_component>
      <object_component id="oc-6fd">
         <name>.debug_info</name>
         <load_address>0xfcaf</load_address>
         <run_address>0xfcaf</run_address>
         <size>0x1b5</size>
         <input_file_ref idref="fl-10"/>
      </object_component>
      <object_component id="oc-10a">
         <name>.debug_info</name>
         <load_address>0xfe64</load_address>
         <run_address>0xfe64</run_address>
         <size>0x297</size>
         <input_file_ref idref="fl-10"/>
      </object_component>
      <object_component id="oc-163">
         <name>.debug_info</name>
         <load_address>0x100fb</load_address>
         <run_address>0x100fb</run_address>
         <size>0xef</size>
         <input_file_ref idref="fl-10"/>
      </object_component>
      <object_component id="oc-ca">
         <name>.debug_info</name>
         <load_address>0x101ea</load_address>
         <run_address>0x101ea</run_address>
         <size>0xbb</size>
         <input_file_ref idref="fl-10"/>
      </object_component>
      <object_component id="oc-1f6">
         <name>.debug_info</name>
         <load_address>0x102a5</load_address>
         <run_address>0x102a5</run_address>
         <size>0x424</size>
         <input_file_ref idref="fl-11"/>
      </object_component>
      <object_component id="oc-231">
[...]
         <value>0x1dbd</value>
         <object_component_ref idref="oc-440"/>
      </symbol>
      <symbol id="sm-392">
         <name>PWMTimerMSP432_init</name>
         <value>0x1a0b</value>
         <object_component_ref idref="oc-422"/>
      </symbol>
      <symbol id="sm-393">
         <name>PWMTimerMSP432_setPeriod</name>
         <value>0xc8d</value>
         <object_component_ref idref="oc-434"/>
      </symbol>
      <symbol id="sm-394">
         <name>PWMTimerMSP432_close</name>
         <value>0x1b2d</value>
         <object_component_ref idref="oc-416"/>
      </symbol>
      <symbol id="sm-395">
         <name>PWMTimerMSP432_stop</name>
         <value>0x17a1</value>
         <object_component_ref idref="oc-446"/>
      </symbol>
      <symbol id="sm-3c7">
         <name>TimerMSP432_allocateTimerResource</name>
         <value>0x1f31</value>
         <object_component_ref idref="oc-5a1"/>
      </symbol>
      <symbol id="sm-3c8">
         <name>TimerMSP432_freeTimerResource</name>
         <value>0x25e9</value>
         <object_component_ref idref="oc-568"/>
      </symbol>
      <symbol id="sm-3e0">
         <name>List_remove</name>
         <value>0x2bd7</value>
         <object_component_ref idref="oc-689"/>
      </symbol>
      <symbol id="sm-3e1">
         <name>List_put</name>
         <value>0x2bb1</value>
         <object_component_ref idref="oc-6a5"/>
      </symbol>
      <symbol id="sm-448">
         <name>SemaphoreP_defaultParams</name>
         <value>0x200083d8</value>
         <object_component_ref idref="oc-61d"/>
      </symbol>
      <symbol id="sm-449">
         <name>SemaphoreP_construct</name>
         <value>0x2691</value>
         <object_component_ref idref="oc-34e"/>
      </symbol>
      <symbol id="sm-44a">
         <name>SemaphoreP_destruct</name>
         <value>0x24e7</value>
         <object_component_ref idref="oc-35a"/>
      </symbol>
      <symbol id="sm-44b">
         <name>SemaphoreP_pend</name>
         <value>0x1701</value>
         <object_component_ref idref="oc-354"/>
      </symbol>
      <symbol id="sm-44c">
         <name>SemaphoreP_Params_init</name>
         <value>0x2f81</value>
         <object_component_ref idref="oc-4b6"/>
      </symbol>
      <symbol id="sm-44d">
         <name>clkFxn</name>
         <value>0x2d77</value>
         <object_component_ref idref="oc-4df"/>
      </symbol>
      <symbol id="sm-476">
         <name>PowerMSP432_initPolicy</name>
         <value>0x215f</value>
         <object_component_ref idref="oc-2e2"/>
      </symbol>
      <symbol id="sm-477">
         <name>PowerMSP432_updateFreqs</name>
         <value>0x242f</value>
         <object_component_ref idref="oc-2c1"/>
      </symbol>
      <symbol id="sm-478">
         <name>PowerMSP432_sleepPolicy</name>
         <value>0x26e1</value>
         <object_component_ref idref="oc-2e8"/>
      </symbol>
      <symbol id="sm-533">
         <name>ClockP_doTick</name>
         <value>0x3011</value>
         <object_component_ref idref="oc-332"/>
      </symbol>
      <symbol id="sm-534">
         <name>ClockP_startup</name>
         <value>0x15a1</value>
         <object_component_ref idref="oc-237"/>
      </symbol>
      <symbol id="sm-535">
         <name>ClockP_scheduleNextTick</name>
         <value>0x2c49</value>
         <object_component_ref idref="oc-49e"/>
      </symbol>
      <symbol id="sm-536">
         <name>ClockP_tickPeriod</name>
         <value>0x200083e4</value>
         <object_component_ref idref="oc-24f"/>
      </symbol>
      <symbol id="sm-537">
         <name>ClockP_usleep</name>
         <value>0x2161</value>
         <object_component_ref idref="oc-1c4"/>
      </symbol>
      <symbol id="sm-538">
         <name>ClockP_workFuncDynamic</name>
         <value>0x1655</value>
         <object_component_ref idref="oc-32c"/>
      </symbol>
      <symbol id="sm-539">
         <name>ClockP_walkQueueDynamic</name>
         <value>0x1eb9</value>
         <object_component_ref idref="oc-498"/>
      </symbol>
      <symbol id="sm-53a">
         <name>ClockP_destruct</name>
         <value>0x2de7</value>
         <object_component_ref idref="oc-4d9"/>
      </symbol>
      <symbol id="sm-53b">
         <name>ClockP_start</name>
         <value>0x1cbd</value>
         <object_component_ref idref="oc-4c7"/>
      </symbol>
      <symbol id="sm-53c">
         <name>ClockP_isActive</name>
         <value>0x3087</value>
         <object_component_ref idref="oc-4d3"/>
      </symbol>
      <symbol id="sm-53d">
         <name>ClockP_getTicks</name>
         <value>0x2c25</value>
         <object_component_ref idref="oc-630"/>
      </symbol>
      <symbol id="sm-53e">
         <name>ClockP_add</name>
         <value>0x2cf9</value>
         <object_component_ref idref="oc-4c1"/>
      </symbol>
      <symbol id="sm-5dd">
         <name>TimerP_setNextTick</name>
         <value>0x28c1</value>
         <object_component_ref idref="oc-60f"/>
      </symbol>
      <symbol id="sm-5de">
         <name>TimerP_getCurrentTick</name>
         <value>0x2089</value>
         <object_component_ref idref="oc-492"/>
      </symbol>
      <symbol id="sm-5df">
         <name>TimerP_setPeriod</name>
         <value>0x309b</value>
         <object_component_ref idref="oc-474"/>
      </symbol>
      <symbol id="sm-5e0">
         <name>TimerP_getCount64</name>
         <value>0x263d</value>
         <object_component_ref idref="oc-23d"/>
      </symbol>
      <symbol id="sm-5e1">
         <name>TimerP_dynamicStub</name>
         <value>0x24e9</value>
         <object_component_ref idref="oc-486"/>
      </symbol>
      <symbol id="sm-5e2">
         <name>TimerP_getMaxTicks</name>
         <value>0x3041</value>
         <object_component_ref idref="oc-320"/>
      </symbol>
      <symbol id="sm-5e3">
         <name>TimerP_construct</name>
         <value>0x1251</value>
         <object_component_ref idref="oc-31a"/>
      </symbol>
      <symbol id="sm-5e4">
         <name>TimerP_getFreq</name>
         <value>0x3035</value>
         <object_component_ref idref="oc-326"/>
      </symbol>
      <symbol id="sm-5e5">
         <name>TimerP_initDevice</name>
         <value>0x2981</value>
         <object_component_ref idref="oc-46e"/>
      </symbol>
      <symbol id="sm-5e6">
         <name>TimerP_start</name>
         <value>0x27f9</value>
         <object_component_ref idref="oc-47a"/>
      </symbol>
      <symbol id="sm-5e7">
         <name>TimerP_Params_init</name>
         <value>0x2fb1</value>
         <object_component_ref idref="oc-314"/>
      </symbol>
      <symbol id="sm-64f">
         <name>HwiP_construct</name>
         <value>0x1fa9</value>
         <object_component_ref idref="oc-2d3"/>
      </symbol>
      <symbol id="sm-650">
         <name>HwiP_dispatch</name>
         <value>0x2c6d</value>
         <object_component_ref idref="oc-3e2"/>
      </symbol>
      <symbol id="sm-651">
         <name>HwiP_swiPIntNum</name>
         <value>0x200083ec</value>
         <object_component_ref idref="oc-3e8"/>
      </symbol>
      <symbol id="sm-652">
         <name>HwiP_Params_init</name>
         <value>0x2edd</value>
         <object_component_ref idref="oc-1ff"/>
      </symbol>
      <symbol id="sm-653">
         <name>HwiP_disable</name>
         <value>0x2f01</value>
         <object_component_ref idref="oc-21a"/>
      </symbol>
      <symbol id="sm-654">
         <name>HwiP_key</name>
         <value>0x200083e8</value>
         <object_component_ref idref="oc-3e8"/>
      </symbol>
      <symbol id="sm-655">
         <name>HwiP_create</name>
         <value>0x2abd</value>
         <object_component_ref idref="oc-205"/>
      </symbol>
      <symbol id="sm-656">
         <name>HwiP_post</name>
         <value>0x308f</value>
         <object_component_ref idref="oc-555"/>
      </symbol>
      <symbol id="sm-657">
         <name>HwiP_enable</name>
         <value>0x308b</value>
         <object_component_ref idref="oc-116"/>
      </symbol>
      <symbol id="sm-658">
         <name>HwiP_restore</name>
         <value>0x3061</value>
         <object_component_ref idref="oc-220"/>
      </symbol>
      <symbol id="sm-695">
         <name>resetISR</name>
         <value>0x2e49</value>
         <object_component_ref idref="oc-1f"/>
      </symbol>
      <symbol id="sm-696">
         <name>interruptVectors</name>
         <value>0x0</value>
         <object_component_ref idref="oc-26"/>
      </symbol>
      <symbol id="sm-6d3">
         <name>QueueP_next</name>
         <value>0x3097</value>
         <object_component_ref idref="oc-608"/>
      </symbol>
      <symbol id="sm-6d4">
         <name>QueueP_put</name>
         <value>0x2d39</value>
         <object_component_ref idref="oc-616"/>
      </symbol>
      <symbol id="sm-6d5">
         <name>QueueP_remove</name>
         <value>0x2fcf</value>
         <object_component_ref idref="oc-639"/>
      </symbol>
      <symbol id="sm-6d6">
         <name>QueueP_head</name>
         <value>0x3093</value>
         <object_component_ref idref="oc-602"/>
      </symbol>
      <symbol id="sm-6d7">
         <name>QueueP_init</name>
         <value>0x307d</value>
         <object_component_ref idref="oc-302"/>
      </symbol>
      <symbol id="sm-6d8">
         <name>QueueP_empty</name>
         <value>0x2fc1</value>
         <object_component_ref idref="oc-6bf"/>
      </symbol>
      <symbol id="sm-6d9">
         <name>QueueP_get</name>
         <value>0x2dcd</value>
         <object_component_ref idref="oc-6b9"/>
      </symbol>
      <symbol id="sm-778">
         <name>SwiP_disable</name>
         <value>0x2d79</value>
         <object_component_ref idref="oc-3fd"/>
      </symbol>
      <symbol id="sm-779">
         <name>SwiP_restore</name>
         <value>0x27b5</value>
         <object_component_ref idref="oc-40f"/>
      </symbol>
      <symbol id="sm-77a">
         <name>SwiP_construct</name>
         <value>0x140d</value>
         <object_component_ref idref="oc-30e"/>
      </symbol>
      <symbol id="sm-77b">
         <name>SwiP_Params_init</name>
         <value>0x2f91</value>
         <object_component_ref idref="oc-308"/>
      </symbol>
      <symbol id="sm-77c">
         <name>SwiP_post</name>
         <value>0x2299</value>
         <object_component_ref idref="oc-4a5"/>
      </symbol>
      <symbol id="sm-77d">
         <name>SwiP_dispatch</name>
         <value>0x183d</value>
         <object_component_ref idref="oc-5e9"/>
      </symbol>
      <symbol id="sm-7f1">
         <name>CS_setExternalClockSourceFrequency</name>
         <value>0x2cd9</value>
         <object_component_ref idref="oc-2a3"/>
      </symbol>
      <symbol id="sm-7f2">
         <name>CS_startHFXTWithTimeout</name>
         <value>0xfa9</value>
         <object_component_ref idref="oc-2af"/>
      </symbol>
      <symbol id="sm-7f3">
         <name>CS_startLFXTWithTimeout</name>
         <value>0x1171</value>
         <object_component_ref idref="oc-2b5"/>
      </symbol>
      <symbol id="sm-85c">
         <name>Interrupt_disableMaster</name>
         <value>0x2f11</value>
         <object_component_ref idref="oc-52"/>
      </symbol>
      <symbol id="sm-85d">
         <name>Interrupt_setPriority</name>
         <value>0x2541</value>
         <object_component_ref idref="oc-3d6"/>
      </symbol>
      <symbol id="sm-85e">
         <name>Interrupt_enableMaster</name>
         <value>0x2f21</value>
         <object_component_ref idref="oc-19f"/>
      </symbol>
      <symbol id="sm-85f">
         <name>Interrupt_enableInterrupt</name>
         <value>0x1d3d</value>
         <object_component_ref idref="oc-3dc"/>
      </symbol>
      <symbol id="sm-860">
         <name>Interrupt_registerInterrupt</name>
         <value>0x2431</value>
         <object_component_ref idref="oc-3d0"/>
      </symbol>
      <symbol id="sm-861">
         <name>g_pfnRAMVectors</name>
         <value>0x20008800</value>
         <object_component_ref idref="oc-527"/>
      </symbol>
      <symbol id="sm-862">
         <name>Interrupt_pendInterrupt</name>
         <value>0x21c9</value>
         <object_component_ref idref="oc-681"/>
      </symbol>
      <symbol id="sm-942">
         <name>PCM_getCoreVoltageLevel</name>
         <value>0x23d1</value>
         <object_component_ref idref="oc-64a"/>
      </symbol>
      <symbol id="sm-943">
         <name>PCM_shutdownDevice</name>
         <value>0x2595</value>
         <object_component_ref idref="oc-514"/>
      </symbol>
      <symbol id="sm-944">
         <name>PCM_setPowerState</name>
         <value>0x2f51</value>
         <object_component_ref idref="oc-2bb"/>
      </symbol>
      <symbol id="sm-945">
         <name>PCM_getPowerMode</name>
         <value>0x248d</value>
         <object_component_ref idref="oc-644"/>
      </symbol>
      <symbol id="sm-946">
         <name>PCM_getPowerState</name>
         <value>0x2e79</value>
         <object_component_ref idref="oc-4f0"/>
      </symbol>
      <symbol id="sm-947">
         <name>PCM_gotoLPM4</name>
         <value>0x2f31</value>
         <object_component_ref idref="oc-50e"/>
      </symbol>
      <symbol id="sm-948">
         <name>PCM_gotoLPM3</name>
         <value>0x1bb5</value>
         <object_component_ref idref="oc-508"/>
      </symbol>
      <symbol id="sm-949">
         <name>PCM_gotoLPM0</name>
         <value>0x2ae9</value>
         <object_component_ref idref="oc-502"/>
      </symbol>
      <symbol id="sm-94a">
         <name>PCM_setPowerMode</name>
         <value>0x2f41</value>
         <object_component_ref idref="oc-650"/>
      </symbol>
      <symbol id="sm-958">
         <name>RTC_C_holdClock</name>
         <value>0x2a91</value>
         <object_component_ref idref="oc-666"/>
      </symbol>
      <symbol id="sm-978">
         <name>SysCtl_A_enableNMISource</name>
         <value>0x2e19</value>
         <object_component_ref idref="oc-3ae"/>
      </symbol>
      <symbol id="sm-979">
         <name>SysCtl_A_getNMISourceStatus</name>
         <value>0x2fa1</value>
         <object_component_ref idref="oc-39c"/>
      </symbol>
      <symbol id="sm-97a">
         <name>SysCtl_A_disableNMISource</name>
         <value>0x2e01</value>
         <object_component_ref idref="oc-3a2"/>
      </symbol>
      <symbol id="sm-986">
         <name>WDT_A_holdTimer</name>
         <value>0x2c91</value>
         <object_component_ref idref="oc-660"/>
      </symbol>
      <symbol id="sm-9a0">
         <name>CPU_wfi</name>
         <value>0x3083</value>
         <object_component_ref idref="oc-658"/>
      </symbol>
      <symbol id="sm-9a1">
         <name>CPU_cpsie</name>
         <value>0x3003</value>
         <object_component_ref idref="oc-213"/>
      </symbol>
      <symbol id="sm-9a2">
         <name>CPU_cpsid</name>
         <value>0x2ff7</value>
         <object_component_ref idref="oc-96"/>
      </symbol>
      <symbol id="sm-9bd">
         <name>memcpy</name>
         <value>0x18d9</value>
         <object_component_ref idref="oc-3a"/>
      </symbol>
      <symbol id="sm-9be">
         <name>__aeabi_memcpy</name>
         <value>0x18d9</value>
         <object_component_ref idref="oc-3a"/>
      </symbol>
      <symbol id="sm-9bf">
         <name>__aeabi_memcpy8</name>
         <value>0x18d9</value>
         <object_component_ref idref="oc-3a"/>
      </symbol>
      <symbol id="sm-9c0">
         <name>__aeabi_memcpy4</name>
         <value>0x18d9</value>
         <object_component_ref idref="oc-3a"/>
      </symbol>
      <symbol id="sm-9cd">
         <name>__aeabi_uldivmod</name>
         <value>0x1975</value>
         <object_component_ref idref="oc-5fc"/>
      </symbol>
      <symbol id="sm-9e6">
         <name>__TI_zero_init_nomemset</name>
         <value>0x2d95</value>
         <object_component_ref idref="oc-46"/>
      </symbol>
      <symbol id="sm-9fd">
         <name>__TI_decompress_none</name>
         <value>0x2fdd</value>
         <object_component_ref idref="oc-18"/>
      </symbol>
      <symbol id="sm-a20">
         <name>__TI_decompress_lzss</name>
         <value>0x2301</value>
         <object_component_ref idref="oc-12"/>
      </symbol>
      <symbol id="sm-aa9">
         <name>_sys_memory</name>
         <value>0x20000000</value>
         <object_component_ref idref="oc-29"/>
      </symbol>
      <symbol id="sm-aaa">
         <name>free</name>
         <value>0x108d</value>
         <object_component_ref idref="oc-2d9"/>
      </symbol>
      <symbol id="sm-aab">
         <name>memalign</name>
         <value>0xea9</value>
         <object_component_ref idref="oc-3c9"/>
      </symbol>
      <symbol id="sm-aac">
         <name>malloc</name>
         <value>0x3069</value>
         <object_component_ref idref="oc-2cd"/>
      </symbol>
      <symbol id="sm-aad">
         <name>aligned_alloc</name>
         <value>0xea9</value>
         <object_component_ref idref="oc-3c9"/>
      </symbol>
      <symbol id="sm-ac0">
         <name>__stack</name>
         <value>0x2003f000</value>
         <object_component_ref idref="oc-2c"/>
      </symbol>
      <symbol id="sm-ac1">
         <name>_c_int00_noargs</name>
         <value>0x2a2d</value>
         <object_component_ref idref="oc-a8"/>
      </symbol>
      <symbol id="sm-acb">
         <name>__aeabi_idiv0</name>
         <value>0x30a7</value>
         <object_component_ref idref="oc-6c6"/>
      </symbol>
      <symbol id="sm-acc">
         <name>__aeabi_ldiv0</name>
         <value>0x30a7</value>
         <object_component_ref idref="oc-6c6"/>
      </symbol>
      <symbol id="sm-af5">
         <name>__TI_auto_init_nobinit_nopinit</name>
         <value>0x283d</value>
         <object_component_ref idref="oc-12f"/>
      </symbol>
      <symbol id="sm-aff">
         <name>_system_pre_init</name>
         <value>0x309f</value>
         <object_component_ref idref="oc-f0"/>
      </symbol>
      <symbol id="sm-b0b">
         <name>C$$EXIT</name>
         <value>0x30a3</value>
         <object_component_ref idref="oc-123"/>
      </symbol>
      <symbol id="sm-b0c">
         <name>abort</name>
         <value>0x30a3</value>
         <object_component_ref idref="oc-123"/>
      </symbol>
      <symbol id="sm-b21">
         <name>_nop</name>
         <value>0x2ae7</value>
         <object_component_ref idref="oc-26c"/>
      </symbol>
      <symbol id="sm-b22">
         <name>_lock</name>
         <value>0x200083c8</value>
         <object_component_ref idref="oc-1da"/>
      </symbol>
      <symbol id="sm-b23">
         <name>_unlock</name>
         <value>0x200083cc</value>
         <object_component_ref idref="oc-1da"/>
      </symbol>
      <symbol id="sm-b25">
         <name>__TI_static_base__</name>
         <value>0x31c8</value>
      </symbol>
      <symbol id="sm-b28">
         <name>__mpu_init</name>
         <value>0x0</value>
      </symbol>
      <symbol id="sm-b29">
         <name>_system_post_cinit</name>
         <value>0x0</value>
      </symbol>
      <symbol id="sm-b2a">
         <name>usleep</name>
         <value>0x2161</value>
      </symbol>
      <symbol id="sm-b2b">
         <name>NoRTOS_start</name>
         <value>0x308b</value>
      </symbol>
   </symbol_table>
   <title>Link successful</title>
</link_info>
